/workspaces/ros2_jazzy_docker/ros2_ws/install/stage_autonomous_nav/lib/python3.12/site-packages/stage_autonomous_nav/__init__.py
/workspaces/ros2_jazzy_docker/ros2_ws/install/stage_autonomous_nav/lib/python3.12/site-packages/stage_autonomous_nav/transform_math.py
/workspaces/ros2_jazzy_docker/ros2_ws/install/stage_autonomous_nav/lib/python3.12/site-packages/stage_autonomous_nav/ground_truth_localizer.py
/workspaces/ros2_jazzy_docker/ros2_ws/install/stage_autonomous_nav/lib/python3.12/site-packages/stage_autonomous_nav/launch/cave_navigation.py
/workspaces/ros2_jazzy_docker/ros2_ws/install/stage_autonomous_nav/lib/python3.12/site-packages/stage_autonomous_nav/launch/__init__.py
/workspaces/ros2_jazzy_docker/ros2_ws/install/stage_autonomous_nav/lib/python3.12/site-packages/stage_autonomous_nav/__pycache__/__init__.cpython-312.pyc
/workspaces/ros2_jazzy_docker/ros2_ws/install/stage_autonomous_nav/lib/python3.12/site-packages/stage_autonomous_nav/__pycache__/transform_math.cpython-312.pyc
/workspaces/ros2_jazzy_docker/ros2_ws/install/stage_autonomous_nav/lib/python3.12/site-packages/stage_autonomous_nav/__pycache__/ground_truth_localizer.cpython-312.pyc
/workspaces/ros2_jazzy_docker/ros2_ws/install/stage_autonomous_nav/lib/python3.12/site-packages/stage_autonomous_nav/launch/__pycache__/cave_navigation.cpython-312.pyc
/workspaces/ros2_jazzy_docker/ros2_ws/install/stage_autonomous_nav/lib/python3.12/site-packages/stage_autonomous_nav/launch/__pycache__/__init__.cpython-312.pyc
/workspaces/ros2_jazzy_docker/ros2_ws/install/stage_autonomous_nav/share/ament_index/resource_index/packages/stage_autonomous_nav
/workspaces/ros2_jazzy_docker/ros2_ws/install/stage_autonomous_nav/share/stage_autonomous_nav/package.xml
/workspaces/ros2_jazzy_docker/ros2_ws/install/stage_autonomous_nav/share/stage_autonomous_nav/launch/cave_navigation.launch.py
/workspaces/ros2_jazzy_docker/ros2_ws/install/stage_autonomous_nav/share/stage_autonomous_nav/config/nav2_cave.yaml
/workspaces/ros2_jazzy_docker/ros2_ws/install/stage_autonomous_nav/share/stage_autonomous_nav/maps/cave.pgm
/workspaces/ros2_jazzy_docker/ros2_ws/install/stage_autonomous_nav/share/stage_autonomous_nav/maps/cave.yaml
/workspaces/ros2_jazzy_docker/ros2_ws/install/stage_autonomous_nav/share/stage_autonomous_nav/rviz/cave_navigation.rviz
/workspaces/ros2_jazzy_docker/ros2_ws/install/stage_autonomous_nav/lib/python3.12/site-packages/stage_autonomous_nav-0.0.1-py3.12.egg-info/PKG-INFO
/workspaces/ros2_jazzy_docker/ros2_ws/install/stage_autonomous_nav/lib/python3.12/site-packages/stage_autonomous_nav-0.0.1-py3.12.egg-info/zip-safe
/workspaces/ros2_jazzy_docker/ros2_ws/install/stage_autonomous_nav/lib/python3.12/site-packages/stage_autonomous_nav-0.0.1-py3.12.egg-info/SOURCES.txt
/workspaces/ros2_jazzy_docker/ros2_ws/install/stage_autonomous_nav/lib/python3.12/site-packages/stage_autonomous_nav-0.0.1-py3.12.egg-info/entry_points.txt
/workspaces/ros2_jazzy_docker/ros2_ws/install/stage_autonomous_nav/lib/python3.12/site-packages/stage_autonomous_nav-0.0.1-py3.12.egg-info/requires.txt
/workspaces/ros2_jazzy_docker/ros2_ws/install/stage_autonomous_nav/lib/python3.12/site-packages/stage_autonomous_nav-0.0.1-py3.12.egg-info/top_level.txt
/workspaces/ros2_jazzy_docker/ros2_ws/install/stage_autonomous_nav/lib/python3.12/site-packages/stage_autonomous_nav-0.0.1-py3.12.egg-info/dependency_links.txt
/workspaces/ros2_jazzy_docker/ros2_ws/install/stage_autonomous_nav/lib/stage_autonomous_nav/ground_truth_localizer
