[0.000000] (-) TimerEvent: {}
[0.000191] (-) JobUnselected: {'identifier': 'stage'}
[0.000275] (-) JobUnselected: {'identifier': 'stage_autonomous_nav'}
[0.001139] (-) JobUnselected: {'identifier': 'stage_ros2'}
[0.001293] (-) JobUnselected: {'identifier': 'turtle_py'}
[0.001323] (-) JobUnselected: {'identifier': 'turtlebot3'}
[0.001568] (-) JobUnselected: {'identifier': 'turtlebot3_bringup'}
[0.001599] (-) JobUnselected: {'identifier': 'turtlebot3_cartographer'}
[0.001631] (-) JobUnselected: {'identifier': 'turtlebot3_description'}
[0.001855] (-) JobUnselected: {'identifier': 'turtlebot3_example'}
[0.002038] (-) JobUnselected: {'identifier': 'turtlebot3_fake_node'}
[0.002164] (-) JobUnselected: {'identifier': 'turtlebot3_gazebo'}
[0.002206] (-) JobUnselected: {'identifier': 'turtlebot3_msgs'}
[0.002317] (-) JobUnselected: {'identifier': 'turtlebot3_navigation2'}
[0.002385] (-) JobUnselected: {'identifier': 'turtlebot3_node'}
[0.002543] (-) JobUnselected: {'identifier': 'turtlebot3_simulations'}
[0.002774] (-) JobUnselected: {'identifier': 'turtlebot3_teleop'}
[0.002828] (turtleboot3_autonomous_nav) JobQueued: {'identifier': 'turtleboot3_autonomous_nav', 'dependencies': OrderedDict({'turtlebot3_gazebo': '/workspaces/ros2_jazzy_docker/ros2_ws/install/turtlebot3_gazebo'})}
[0.002868] (turtleboot3_autonomous_nav) JobStarted: {'identifier': 'turtleboot3_autonomous_nav'}
[0.099673] (-) TimerEvent: {}
[0.199986] (-) TimerEvent: {}
[0.300224] (-) TimerEvent: {}
[0.398032] (turtleboot3_autonomous_nav) Command: {'cmd': ['/usr/bin/python3', '-W', 'ignore:setup.py install is deprecated', '-W', 'ignore:easy_install command is deprecated', 'setup.py', 'egg_info', '--egg-base', '../../build/turtleboot3_autonomous_nav', 'build', '--build-base', '/workspaces/ros2_jazzy_docker/ros2_ws/build/turtleboot3_autonomous_nav/build', 'install', '--record', '/workspaces/ros2_jazzy_docker/ros2_ws/build/turtleboot3_autonomous_nav/install.log', '--install-scripts', '$base/lib/turtleboot3_autonomous_nav', '--single-version-externally-managed', 'install_data'], 'cwd': '/workspaces/ros2_jazzy_docker/ros2_ws/src/turtleboot3_autonomous_nav', 'env': {'GZ_SIM_RESOURCE_PATH': '/opt/ros/jazzy/share', 'GZ_CONFIG_PATH': '/opt/ros/jazzy/opt/gz_sim_vendor/share/gz:/opt/ros/jazzy/opt/sdformat_vendor/share/gz:/opt/ros/jazzy/opt/gz_gui_vendor/share/gz:/opt/ros/jazzy/opt/gz_transport_vendor/share/gz:/opt/ros/jazzy/opt/gz_rendering_vendor/share/gz:/opt/ros/jazzy/opt/gz_plugin_vendor/share/gz:/opt/ros/jazzy/opt/gz_fuel_tools_vendor/share/gz:/opt/ros/jazzy/opt/gz_msgs_vendor/share/gz:/opt/ros/jazzy/opt/gz_common_vendor/share/gz', 'HOSTNAME': 'd190ba28d903', 'ROS_PACKAGE_PATH': '/workspaces/ros2_jazzy_docker/ros2_ws/install/stage/share', 'SHLVL': '1', 'LD_LIBRARY_PATH': '/workspaces/ros2_jazzy_docker/ros2_ws/install/turtlebot3_msgs/lib:/workspaces/ros2_jazzy_docker/ros2_ws/install/stage_ros2/lib:/workspaces/ros2_jazzy_docker/ros2_ws/install/stage/lib:/opt/ros/jazzy/opt/gz_sim_vendor/lib:/opt/ros/jazzy/opt/gz_sensors_vendor/lib:/opt/ros/jazzy/opt/gz_physics_vendor/lib:/opt/ros/jazzy/opt/sdformat_vendor/lib:/opt/ros/jazzy/opt/rviz_ogre_vendor/lib:/opt/ros/jazzy/lib/aarch64-linux-gnu:/opt/ros/jazzy/opt/gz_gui_vendor/lib:/opt/ros/jazzy/opt/gz_transport_vendor/lib:/opt/ros/jazzy/opt/gz_rendering_vendor/lib:/opt/ros/jazzy/opt/gz_plugin_vendor/lib:/opt/ros/jazzy/opt/gz_fuel_tools_vendor/lib:/opt/ros/jazzy/opt/gz_msgs_vendor/lib:/opt/ros/jazzy/opt/gz_common_vendor/lib:/opt/ros/jazzy/opt/gz_math_vendor/lib:/opt/ros/jazzy/opt/gz_utils_vendor/lib:/opt/ros/jazzy/opt/gz_tools_vendor/lib:/opt/ros/jazzy/opt/gz_ogre_next_vendor/lib:/opt/ros/jazzy/opt/gz_dartsim_vendor/lib:/opt/ros/jazzy/opt/gz_cmake_vendor/lib:/opt/ros/jazzy/lib', 'HOME': '/home/ros', 'OLDPWD': '/ros2_ws', 'ROS_PYTHON_VERSION': '3', 'COLCON_PREFIX_PATH': '/home/ros/tb3_dependencies/install:/workspaces/ros2_jazzy_docker/ros2_ws/install', 'ROS_DISTRO': 'jazzy', '_': '/usr/bin/colcon', 'ROS_VERSION': '2', 'PKG_CONFIG_PATH': '/workspaces/ros2_jazzy_docker/ros2_ws/install/stage/lib/aarch64-linux-gnu/pkgconfig:/workspaces/ros2_jazzy_docker/ros2_ws/install/stage/lib/pkgconfig', 'PATH': '/workspaces/ros2_jazzy_docker/ros2_ws/install/stage/bin:/opt/ros/jazzy/opt/gz_msgs_vendor/bin:/opt/ros/jazzy/opt/gz_tools_vendor/bin:/opt/ros/jazzy/opt/gz_ogre_next_vendor/bin:/opt/ros/jazzy/bin:/usr/local/sbin:/usr/local/bin:/usr/sbin:/usr/bin:/sbin:/bin', 'LANG': 'C.UTF-8', 'AMENT_PREFIX_PATH': '/home/ros/tb3_dependencies/install/turtlebot3_gazebo:/workspaces/ros2_jazzy_docker/ros2_ws/install/turtlebot3:/workspaces/ros2_jazzy_docker/ros2_ws/install/turtlebot3_teleop:/workspaces/ros2_jazzy_docker/ros2_ws/install/turtlebot3_simulations:/workspaces/ros2_jazzy_docker/ros2_ws/install/turtlebot3_bringup:/workspaces/ros2_jazzy_docker/ros2_ws/install/turtlebot3_node:/workspaces/ros2_jazzy_docker/ros2_ws/install/turtlebot3_navigation2:/workspaces/ros2_jazzy_docker/ros2_ws/install/turtlebot3_fake_node:/workspaces/ros2_jazzy_docker/ros2_ws/install/turtlebot3_example:/workspaces/ros2_jazzy_docker/ros2_ws/install/turtlebot3_msgs:/workspaces/ros2_jazzy_docker/ros2_ws/install/turtleboot3_autonomous_nav:/workspaces/ros2_jazzy_docker/ros2_ws/install/turtlebot3_gazebo:/workspaces/ros2_jazzy_docker/ros2_ws/install/turtlebot3_description:/workspaces/ros2_jazzy_docker/ros2_ws/install/turtlebot3_cartographer:/workspaces/ros2_jazzy_docker/ros2_ws/install/turtle_py:/workspaces/ros2_jazzy_docker/ros2_ws/install/stage_autonomous_nav:/workspaces/ros2_jazzy_docker/ros2_ws/install/stage_ros2:/opt/ros/jazzy', 'DEBIAN_FRONTEND': 'noninteractive', 'ROS_AUTOMATIC_DISCOVERY_RANGE': 'SUBNET', 'PWD': '/workspaces/ros2_jazzy_docker/ros2_ws/build/turtleboot3_autonomous_nav', 'LC_ALL': 'C.UTF-8', 'PYTHONPATH': '/workspaces/ros2_jazzy_docker/ros2_ws/build/turtleboot3_autonomous_nav/prefix_override:/usr/lib/python3/dist-packages/colcon_core/task/python/colcon_distutils_commands:/workspaces/ros2_jazzy_docker/ros2_ws/install/turtleboot3_autonomous_nav/lib/python3.12/site-packages:/workspaces/ros2_jazzy_docker/ros2_ws/install/turtlebot3_teleop/lib/python3.12/site-packages:/workspaces/ros2_jazzy_docker/ros2_ws/install/turtlebot3_example/lib/python3.12/site-packages:/workspaces/ros2_jazzy_docker/ros2_ws/install/turtlebot3_msgs/lib/python3.12/site-packages:/workspaces/ros2_jazzy_docker/ros2_ws/install/turtleboot3_autonomous_nav/lib/python3.12/site-packages:/workspaces/ros2_jazzy_docker/ros2_ws/install/turtle_py/lib/python3.12/site-packages:/workspaces/ros2_jazzy_docker/ros2_ws/install/stage_autonomous_nav/lib/python3.12/site-packages:/opt/ros/jazzy/lib/python3.12/site-packages', 'COLCON': '1', 'CMAKE_PREFIX_PATH': '/workspaces/ros2_jazzy_docker/ros2_ws/install/turtlebot3_gazebo:/home/ros/tb3_dependencies/install/turtlebot3_gazebo:/workspaces/ros2_jazzy_docker/ros2_ws/install/turtlebot3:/workspaces/ros2_jazzy_docker/ros2_ws/install/turtlebot3_simulations:/workspaces/ros2_jazzy_docker/ros2_ws/install/turtlebot3_bringup:/workspaces/ros2_jazzy_docker/ros2_ws/install/turtlebot3_node:/workspaces/ros2_jazzy_docker/ros2_ws/install/turtlebot3_navigation2:/workspaces/ros2_jazzy_docker/ros2_ws/install/turtlebot3_fake_node:/workspaces/ros2_jazzy_docker/ros2_ws/install/turtlebot3_msgs:/workspaces/ros2_jazzy_docker/ros2_ws/install/turtlebot3_description:/workspaces/ros2_jazzy_docker/ros2_ws/install/turtlebot3_cartographer:/workspaces/ros2_jazzy_docker/ros2_ws/install/stage_ros2:/workspaces/ros2_jazzy_docker/ros2_ws/install/stage:/opt/ros/jazzy/opt/gz_sim_vendor:/opt/ros/jazzy/opt/gz_sensors_vendor:/opt/ros/jazzy/opt/gz_physics_vendor:/opt/ros/jazzy/opt/sdformat_vendor:/opt/ros/jazzy/opt/gz_gui_vendor:/opt/ros/jazzy/opt/gz_transport_vendor:/opt/ros/jazzy/opt/gz_rendering_vendor:/opt/ros/jazzy/opt/gz_plugin_vendor:/opt/ros/jazzy/opt/gz_fuel_tools_vendor:/opt/ros/jazzy/opt/gz_msgs_vendor:/opt/ros/jazzy/opt/gz_common_vendor:/opt/ros/jazzy/opt/gz_math_vendor:/opt/ros/jazzy/opt/gz_utils_vendor:/opt/ros/jazzy/opt/gz_tools_vendor:/opt/ros/jazzy/opt/gz_ogre_next_vendor:/opt/ros/jazzy/opt/gz_dartsim_vendor:/opt/ros/jazzy/opt/gz_cmake_vendor'}, 'shell': False}
[0.400569] (-) TimerEvent: {}
[0.500859] (-) TimerEvent: {}
[0.512613] (turtleboot3_autonomous_nav) StdoutLine: {'line': b'running egg_info\n'}
[0.520251] (turtleboot3_autonomous_nav) StdoutLine: {'line': b'writing ../../build/turtleboot3_autonomous_nav/turtleboot3_autonomous_nav.egg-info/PKG-INFO\n'}
[0.521441] (turtleboot3_autonomous_nav) StdoutLine: {'line': b'writing dependency_links to ../../build/turtleboot3_autonomous_nav/turtleboot3_autonomous_nav.egg-info/dependency_links.txt\n'}
[0.522187] (turtleboot3_autonomous_nav) StdoutLine: {'line': b'writing entry points to ../../build/turtleboot3_autonomous_nav/turtleboot3_autonomous_nav.egg-info/entry_points.txt\n'}
[0.522744] (turtleboot3_autonomous_nav) StdoutLine: {'line': b'writing requirements to ../../build/turtleboot3_autonomous_nav/turtleboot3_autonomous_nav.egg-info/requires.txt\n'}
[0.523347] (turtleboot3_autonomous_nav) StdoutLine: {'line': b'writing top-level names to ../../build/turtleboot3_autonomous_nav/turtleboot3_autonomous_nav.egg-info/top_level.txt\n'}
[0.600968] (-) TimerEvent: {}
[0.605925] (turtleboot3_autonomous_nav) StdoutLine: {'line': b"reading manifest file '../../build/turtleboot3_autonomous_nav/turtleboot3_autonomous_nav.egg-info/SOURCES.txt'\n"}
[0.607666] (turtleboot3_autonomous_nav) StdoutLine: {'line': b"writing manifest file '../../build/turtleboot3_autonomous_nav/turtleboot3_autonomous_nav.egg-info/SOURCES.txt'\n"}
[0.608338] (turtleboot3_autonomous_nav) StdoutLine: {'line': b'running build\n'}
[0.608905] (turtleboot3_autonomous_nav) StdoutLine: {'line': b'running build_py\n'}
[0.610429] (turtleboot3_autonomous_nav) StdoutLine: {'line': b'copying turtleboot3_autonomous_nav/dqn_trainer.py -> /workspaces/ros2_jazzy_docker/ros2_ws/build/turtleboot3_autonomous_nav/build/lib/turtleboot3_autonomous_nav\n'}
[0.613009] (turtleboot3_autonomous_nav) StdoutLine: {'line': b'running install\n'}
[0.616385] (turtleboot3_autonomous_nav) StdoutLine: {'line': b'running install_lib\n'}
[0.626251] (turtleboot3_autonomous_nav) StdoutLine: {'line': b'copying /workspaces/ros2_jazzy_docker/ros2_ws/build/turtleboot3_autonomous_nav/build/lib/turtleboot3_autonomous_nav/dqn_trainer.py -> /workspaces/ros2_jazzy_docker/ros2_ws/install/turtleboot3_autonomous_nav/lib/python3.12/site-packages/turtleboot3_autonomous_nav\n'}
[0.628814] (turtleboot3_autonomous_nav) StdoutLine: {'line': b'byte-compiling /workspaces/ros2_jazzy_docker/ros2_ws/install/turtleboot3_autonomous_nav/lib/python3.12/site-packages/turtleboot3_autonomous_nav/dqn_trainer.py to dqn_trainer.cpython-312.pyc\n'}
[0.633890] (turtleboot3_autonomous_nav) StdoutLine: {'line': b'running install_data\n'}
[0.634593] (turtleboot3_autonomous_nav) StdoutLine: {'line': b'copying README.md -> /workspaces/ros2_jazzy_docker/ros2_ws/install/turtleboot3_autonomous_nav/share/turtleboot3_autonomous_nav\n'}
[0.636322] (turtleboot3_autonomous_nav) StdoutLine: {'line': b'running install_egg_info\n'}
[0.645814] (turtleboot3_autonomous_nav) StdoutLine: {'line': b"removing '/workspaces/ros2_jazzy_docker/ros2_ws/install/turtleboot3_autonomous_nav/lib/python3.12/site-packages/turtleboot3_autonomous_nav-0.0.1-py3.12.egg-info' (and everything under it)\n"}
[0.647594] (turtleboot3_autonomous_nav) StdoutLine: {'line': b'Copying ../../build/turtleboot3_autonomous_nav/turtleboot3_autonomous_nav.egg-info to /workspaces/ros2_jazzy_docker/ros2_ws/install/turtleboot3_autonomous_nav/lib/python3.12/site-packages/turtleboot3_autonomous_nav-0.0.1-py3.12.egg-info\n'}
[0.655938] (turtleboot3_autonomous_nav) StdoutLine: {'line': b'running install_scripts\n'}
[0.683645] (turtleboot3_autonomous_nav) StdoutLine: {'line': b'Installing coverage_mapper script to /workspaces/ros2_jazzy_docker/ros2_ws/install/turtleboot3_autonomous_nav/lib/turtleboot3_autonomous_nav\n'}
[0.684240] (turtleboot3_autonomous_nav) StdoutLine: {'line': b'Installing dqn_explorer script to /workspaces/ros2_jazzy_docker/ros2_ws/install/turtleboot3_autonomous_nav/lib/turtleboot3_autonomous_nav\n'}
[0.684701] (turtleboot3_autonomous_nav) StdoutLine: {'line': b'Installing dqn_trainer script to /workspaces/ros2_jazzy_docker/ros2_ws/install/turtleboot3_autonomous_nav/lib/turtleboot3_autonomous_nav\n'}
[0.685176] (turtleboot3_autonomous_nav) StdoutLine: {'line': b'Installing exploration_visualizer script to /workspaces/ros2_jazzy_docker/ros2_ws/install/turtleboot3_autonomous_nav/lib/turtleboot3_autonomous_nav\n'}
[0.685679] (turtleboot3_autonomous_nav) StdoutLine: {'line': b'Installing install_turtlebot3_dependencies script to /workspaces/ros2_jazzy_docker/ros2_ws/install/turtleboot3_autonomous_nav/lib/turtleboot3_autonomous_nav\n'}
[0.686186] (turtleboot3_autonomous_nav) StdoutLine: {'line': b'Installing observation_builder script to /workspaces/ros2_jazzy_docker/ros2_ws/install/turtleboot3_autonomous_nav/lib/turtleboot3_autonomous_nav\n'}
[0.686673] (turtleboot3_autonomous_nav) StdoutLine: {'line': b'Installing safe_motion_controller script to /workspaces/ros2_jazzy_docker/ros2_ws/install/turtleboot3_autonomous_nav/lib/turtleboot3_autonomous_nav\n'}
[0.687470] (turtleboot3_autonomous_nav) StdoutLine: {'line': b'Installing training_monitor script to /workspaces/ros2_jazzy_docker/ros2_ws/install/turtleboot3_autonomous_nav/lib/turtleboot3_autonomous_nav\n'}
[0.688575] (turtleboot3_autonomous_nav) StdoutLine: {'line': b"writing list of installed files to '/workspaces/ros2_jazzy_docker/ros2_ws/build/turtleboot3_autonomous_nav/install.log'\n"}
[0.701604] (-) TimerEvent: {}
[0.706001] (turtleboot3_autonomous_nav) CommandEnded: {'returncode': 0}
[0.718951] (turtleboot3_autonomous_nav) JobEnded: {'identifier': 'turtleboot3_autonomous_nav', 'rc': 0}
[0.720332] (-) EventReactorShutdown: {}
