[0.000000] (-) TimerEvent: {}
[0.000207] (-) JobUnselected: {'identifier': 'stage'}
[0.000426] (-) JobUnselected: {'identifier': 'stage_autonomous_nav'}
[0.000574] (-) JobUnselected: {'identifier': 'stage_ros2'}
[0.001487] (-) JobUnselected: {'identifier': 'turtle_py'}
[0.001860] (-) JobUnselected: {'identifier': 'turtlebot3'}
[0.002055] (-) JobUnselected: {'identifier': 'turtlebot3_bringup'}
[0.002101] (-) JobUnselected: {'identifier': 'turtlebot3_cartographer'}
[0.002417] (-) JobUnselected: {'identifier': 'turtlebot3_description'}
[0.002559] (-) JobUnselected: {'identifier': 'turtlebot3_example'}
[0.002800] (-) JobUnselected: {'identifier': 'turtlebot3_fake_node'}
[0.002902] (-) JobUnselected: {'identifier': 'turtlebot3_gazebo'}
[0.002986] (-) JobUnselected: {'identifier': 'turtlebot3_msgs'}
[0.003051] (-) JobUnselected: {'identifier': 'turtlebot3_navigation2'}
[0.003153] (-) JobUnselected: {'identifier': 'turtlebot3_node'}
[0.003198] (-) JobUnselected: {'identifier': 'turtlebot3_simulations'}
[0.003360] (-) JobUnselected: {'identifier': 'turtlebot3_teleop'}
[0.003523] (turtleboot3_autonomous_nav) JobQueued: {'identifier': 'turtleboot3_autonomous_nav', 'dependencies': OrderedDict({'turtlebot3_gazebo': '/workspaces/ros2_jazzy_docker/ros2_ws/install/turtlebot3_gazebo'})}
[0.003586] (turtleboot3_autonomous_nav) JobStarted: {'identifier': 'turtleboot3_autonomous_nav'}
[0.099579] (-) TimerEvent: {}
[0.200587] (-) TimerEvent: {}
[0.306504] (-) TimerEvent: {}
[0.393257] (turtleboot3_autonomous_nav) Command: {'cmd': ['/usr/bin/python3', '-W', 'ignore:setup.py install is deprecated', '-W', 'ignore:easy_install command is deprecated', 'setup.py', 'egg_info', '--egg-base', '../../build/turtleboot3_autonomous_nav', 'build', '--build-base', '/workspaces/ros2_jazzy_docker/ros2_ws/build/turtleboot3_autonomous_nav/build', 'install', '--record', '/workspaces/ros2_jazzy_docker/ros2_ws/build/turtleboot3_autonomous_nav/install.log', '--install-scripts', '$base/lib/turtleboot3_autonomous_nav', '--single-version-externally-managed', 'install_data'], 'cwd': '/workspaces/ros2_jazzy_docker/ros2_ws/src/turtleboot3_autonomous_nav', 'env': {'GZ_SIM_RESOURCE_PATH': '/opt/ros/jazzy/share', 'GZ_CONFIG_PATH': '/opt/ros/jazzy/opt/gz_sim_vendor/share/gz:/opt/ros/jazzy/opt/sdformat_vendor/share/gz:/opt/ros/jazzy/opt/gz_gui_vendor/share/gz:/opt/ros/jazzy/opt/gz_transport_vendor/share/gz:/opt/ros/jazzy/opt/gz_rendering_vendor/share/gz:/opt/ros/jazzy/opt/gz_plugin_vendor/share/gz:/opt/ros/jazzy/opt/gz_fuel_tools_vendor/share/gz:/opt/ros/jazzy/opt/gz_msgs_vendor/share/gz:/opt/ros/jazzy/opt/gz_common_vendor/share/gz', 'HOSTNAME': 'd190ba28d903', 'ROS_PACKAGE_PATH': '/workspaces/ros2_jazzy_docker/ros2_ws/install/stage/share', 'SHLVL': '1', 'LD_LIBRARY_PATH': '/workspaces/ros2_jazzy_docker/ros2_ws/install/turtlebot3_msgs/lib:/workspaces/ros2_jazzy_docker/ros2_ws/install/stage_ros2/lib:/workspaces/ros2_jazzy_docker/ros2_ws/install/stage/lib:/opt/ros/jazzy/opt/gz_sim_vendor/lib:/opt/ros/jazzy/opt/gz_sensors_vendor/lib:/opt/ros/jazzy/opt/gz_physics_vendor/lib:/opt/ros/jazzy/opt/sdformat_vendor/lib:/opt/ros/jazzy/opt/rviz_ogre_vendor/lib:/opt/ros/jazzy/lib/aarch64-linux-gnu:/opt/ros/jazzy/opt/gz_gui_vendor/lib:/opt/ros/jazzy/opt/gz_transport_vendor/lib:/opt/ros/jazzy/opt/gz_rendering_vendor/lib:/opt/ros/jazzy/opt/gz_plugin_vendor/lib:/opt/ros/jazzy/opt/gz_fuel_tools_vendor/lib:/opt/ros/jazzy/opt/gz_msgs_vendor/lib:/opt/ros/jazzy/opt/gz_common_vendor/lib:/opt/ros/jazzy/opt/gz_math_vendor/lib:/opt/ros/jazzy/opt/gz_utils_vendor/lib:/opt/ros/jazzy/opt/gz_tools_vendor/lib:/opt/ros/jazzy/opt/gz_ogre_next_vendor/lib:/opt/ros/jazzy/opt/gz_dartsim_vendor/lib:/opt/ros/jazzy/opt/gz_cmake_vendor/lib:/opt/ros/jazzy/lib', 'HOME': '/home/ros', 'OLDPWD': '/ros2_ws', 'ROS_PYTHON_VERSION': '3', 'COLCON_PREFIX_PATH': '/home/ros/tb3_dependencies/install:/workspaces/ros2_jazzy_docker/ros2_ws/install', 'ROS_DISTRO': 'jazzy', '_': '/usr/bin/colcon', 'ROS_VERSION': '2', 'PKG_CONFIG_PATH': '/workspaces/ros2_jazzy_docker/ros2_ws/install/stage/lib/aarch64-linux-gnu/pkgconfig:/workspaces/ros2_jazzy_docker/ros2_ws/install/stage/lib/pkgconfig', 'PATH': '/workspaces/ros2_jazzy_docker/ros2_ws/install/stage/bin:/opt/ros/jazzy/opt/gz_msgs_vendor/bin:/opt/ros/jazzy/opt/gz_tools_vendor/bin:/opt/ros/jazzy/opt/gz_ogre_next_vendor/bin:/opt/ros/jazzy/bin:/usr/local/sbin:/usr/local/bin:/usr/sbin:/usr/bin:/sbin:/bin', 'LANG': 'C.UTF-8', 'AMENT_PREFIX_PATH': '/home/ros/tb3_dependencies/install/turtlebot3_gazebo:/workspaces/ros2_jazzy_docker/ros2_ws/install/turtlebot3:/workspaces/ros2_jazzy_docker/ros2_ws/install/turtlebot3_teleop:/workspaces/ros2_jazzy_docker/ros2_ws/install/turtlebot3_simulations:/workspaces/ros2_jazzy_docker/ros2_ws/install/turtlebot3_bringup:/workspaces/ros2_jazzy_docker/ros2_ws/install/turtlebot3_node:/workspaces/ros2_jazzy_docker/ros2_ws/install/turtlebot3_navigation2:/workspaces/ros2_jazzy_docker/ros2_ws/install/turtlebot3_fake_node:/workspaces/ros2_jazzy_docker/ros2_ws/install/turtlebot3_example:/workspaces/ros2_jazzy_docker/ros2_ws/install/turtlebot3_msgs:/workspaces/ros2_jazzy_docker/ros2_ws/install/turtleboot3_autonomous_nav:/workspaces/ros2_jazzy_docker/ros2_ws/install/turtlebot3_gazebo:/workspaces/ros2_jazzy_docker/ros2_ws/install/turtlebot3_description:/workspaces/ros2_jazzy_docker/ros2_ws/install/turtlebot3_cartographer:/workspaces/ros2_jazzy_docker/ros2_ws/install/turtle_py:/workspaces/ros2_jazzy_docker/ros2_ws/install/stage_autonomous_nav:/workspaces/ros2_jazzy_docker/ros2_ws/install/stage_ros2:/opt/ros/jazzy', 'DEBIAN_FRONTEND': 'noninteractive', 'ROS_AUTOMATIC_DISCOVERY_RANGE': 'SUBNET', 'PWD': '/workspaces/ros2_jazzy_docker/ros2_ws/build/turtleboot3_autonomous_nav', 'LC_ALL': 'C.UTF-8', 'PYTHONPATH': '/workspaces/ros2_jazzy_docker/ros2_ws/build/turtleboot3_autonomous_nav/prefix_override:/usr/lib/python3/dist-packages/colcon_core/task/python/colcon_distutils_commands:/workspaces/ros2_jazzy_docker/ros2_ws/install/turtleboot3_autonomous_nav/lib/python3.12/site-packages:/workspaces/ros2_jazzy_docker/ros2_ws/install/turtlebot3_teleop/lib/python3.12/site-packages:/workspaces/ros2_jazzy_docker/ros2_ws/install/turtlebot3_example/lib/python3.12/site-packages:/workspaces/ros2_jazzy_docker/ros2_ws/install/turtlebot3_msgs/lib/python3.12/site-packages:/workspaces/ros2_jazzy_docker/ros2_ws/install/turtleboot3_autonomous_nav/lib/python3.12/site-packages:/workspaces/ros2_jazzy_docker/ros2_ws/install/turtle_py/lib/python3.12/site-packages:/workspaces/ros2_jazzy_docker/ros2_ws/install/stage_autonomous_nav/lib/python3.12/site-packages:/opt/ros/jazzy/lib/python3.12/site-packages', 'COLCON': '1', 'CMAKE_PREFIX_PATH': '/workspaces/ros2_jazzy_docker/ros2_ws/install/turtlebot3_gazebo:/home/ros/tb3_dependencies/install/turtlebot3_gazebo:/workspaces/ros2_jazzy_docker/ros2_ws/install/turtlebot3:/workspaces/ros2_jazzy_docker/ros2_ws/install/turtlebot3_simulations:/workspaces/ros2_jazzy_docker/ros2_ws/install/turtlebot3_bringup:/workspaces/ros2_jazzy_docker/ros2_ws/install/turtlebot3_node:/workspaces/ros2_jazzy_docker/ros2_ws/install/turtlebot3_navigation2:/workspaces/ros2_jazzy_docker/ros2_ws/install/turtlebot3_fake_node:/workspaces/ros2_jazzy_docker/ros2_ws/install/turtlebot3_msgs:/workspaces/ros2_jazzy_docker/ros2_ws/install/turtlebot3_description:/workspaces/ros2_jazzy_docker/ros2_ws/install/turtlebot3_cartographer:/workspaces/ros2_jazzy_docker/ros2_ws/install/stage_ros2:/workspaces/ros2_jazzy_docker/ros2_ws/install/stage:/opt/ros/jazzy/opt/gz_sim_vendor:/opt/ros/jazzy/opt/gz_sensors_vendor:/opt/ros/jazzy/opt/gz_physics_vendor:/opt/ros/jazzy/opt/sdformat_vendor:/opt/ros/jazzy/opt/gz_gui_vendor:/opt/ros/jazzy/opt/gz_transport_vendor:/opt/ros/jazzy/opt/gz_rendering_vendor:/opt/ros/jazzy/opt/gz_plugin_vendor:/opt/ros/jazzy/opt/gz_fuel_tools_vendor:/opt/ros/jazzy/opt/gz_msgs_vendor:/opt/ros/jazzy/opt/gz_common_vendor:/opt/ros/jazzy/opt/gz_math_vendor:/opt/ros/jazzy/opt/gz_utils_vendor:/opt/ros/jazzy/opt/gz_tools_vendor:/opt/ros/jazzy/opt/gz_ogre_next_vendor:/opt/ros/jazzy/opt/gz_dartsim_vendor:/opt/ros/jazzy/opt/gz_cmake_vendor'}, 'shell': False}
[0.409319] (-) TimerEvent: {}
[0.496765] (turtleboot3_autonomous_nav) StdoutLine: {'line': b'running egg_info\n'}
[0.503756] (turtleboot3_autonomous_nav) StdoutLine: {'line': b'writing ../../build/turtleboot3_autonomous_nav/turtleboot3_autonomous_nav.egg-info/PKG-INFO\n'}
[0.505262] (turtleboot3_autonomous_nav) StdoutLine: {'line': b'writing dependency_links to ../../build/turtleboot3_autonomous_nav/turtleboot3_autonomous_nav.egg-info/dependency_links.txt\n'}
[0.506025] (turtleboot3_autonomous_nav) StdoutLine: {'line': b'writing entry points to ../../build/turtleboot3_autonomous_nav/turtleboot3_autonomous_nav.egg-info/entry_points.txt\n'}
[0.506403] (turtleboot3_autonomous_nav) StdoutLine: {'line': b'writing requirements to ../../build/turtleboot3_autonomous_nav/turtleboot3_autonomous_nav.egg-info/requires.txt\n'}
[0.506852] (turtleboot3_autonomous_nav) StdoutLine: {'line': b'writing top-level names to ../../build/turtleboot3_autonomous_nav/turtleboot3_autonomous_nav.egg-info/top_level.txt\n'}
[0.509402] (-) TimerEvent: {}
[0.610639] (-) TimerEvent: {}
[0.652148] (turtleboot3_autonomous_nav) StdoutLine: {'line': b"reading manifest file '../../build/turtleboot3_autonomous_nav/turtleboot3_autonomous_nav.egg-info/SOURCES.txt'\n"}
[0.657777] (turtleboot3_autonomous_nav) StdoutLine: {'line': b"writing manifest file '../../build/turtleboot3_autonomous_nav/turtleboot3_autonomous_nav.egg-info/SOURCES.txt'\n"}
[0.658360] (turtleboot3_autonomous_nav) StdoutLine: {'line': b'running build\n'}
[0.658848] (turtleboot3_autonomous_nav) StdoutLine: {'line': b'running build_py\n'}
[0.659860] (turtleboot3_autonomous_nav) StdoutLine: {'line': b'copying turtleboot3_autonomous_nav/control.py -> /workspaces/ros2_jazzy_docker/ros2_ws/build/turtleboot3_autonomous_nav/build/lib/turtleboot3_autonomous_nav\n'}
[0.663365] (turtleboot3_autonomous_nav) StdoutLine: {'line': b'running install\n'}
[0.666537] (turtleboot3_autonomous_nav) StdoutLine: {'line': b'running install_lib\n'}
[0.676473] (turtleboot3_autonomous_nav) StdoutLine: {'line': b'copying /workspaces/ros2_jazzy_docker/ros2_ws/build/turtleboot3_autonomous_nav/build/lib/turtleboot3_autonomous_nav/control.py -> /workspaces/ros2_jazzy_docker/ros2_ws/install/turtleboot3_autonomous_nav/lib/python3.12/site-packages/turtleboot3_autonomous_nav\n'}
[0.678491] (turtleboot3_autonomous_nav) StdoutLine: {'line': b'byte-compiling /workspaces/ros2_jazzy_docker/ros2_ws/install/turtleboot3_autonomous_nav/lib/python3.12/site-packages/turtleboot3_autonomous_nav/control.py to control.cpython-312.pyc\n'}
[0.681165] (turtleboot3_autonomous_nav) StdoutLine: {'line': b'running install_data\n'}
[0.682132] (turtleboot3_autonomous_nav) StdoutLine: {'line': b'running install_egg_info\n'}
[0.690399] (turtleboot3_autonomous_nav) StdoutLine: {'line': b"removing '/workspaces/ros2_jazzy_docker/ros2_ws/install/turtleboot3_autonomous_nav/lib/python3.12/site-packages/turtleboot3_autonomous_nav-0.0.1-py3.12.egg-info' (and everything under it)\n"}
[0.691469] (turtleboot3_autonomous_nav) StdoutLine: {'line': b'Copying ../../build/turtleboot3_autonomous_nav/turtleboot3_autonomous_nav.egg-info to /workspaces/ros2_jazzy_docker/ros2_ws/install/turtleboot3_autonomous_nav/lib/python3.12/site-packages/turtleboot3_autonomous_nav-0.0.1-py3.12.egg-info\n'}
[0.696443] (turtleboot3_autonomous_nav) StdoutLine: {'line': b'running install_scripts\n'}
[0.712367] (-) TimerEvent: {}
[0.721932] (turtleboot3_autonomous_nav) StdoutLine: {'line': b'Installing coverage_mapper script to /workspaces/ros2_jazzy_docker/ros2_ws/install/turtleboot3_autonomous_nav/lib/turtleboot3_autonomous_nav\n'}
[0.722521] (turtleboot3_autonomous_nav) StdoutLine: {'line': b'Installing dqn_explorer script to /workspaces/ros2_jazzy_docker/ros2_ws/install/turtleboot3_autonomous_nav/lib/turtleboot3_autonomous_nav\n'}
[0.722959] (turtleboot3_autonomous_nav) StdoutLine: {'line': b'Installing dqn_trainer script to /workspaces/ros2_jazzy_docker/ros2_ws/install/turtleboot3_autonomous_nav/lib/turtleboot3_autonomous_nav\n'}
[0.723576] (turtleboot3_autonomous_nav) StdoutLine: {'line': b'Installing exploration_visualizer script to /workspaces/ros2_jazzy_docker/ros2_ws/install/turtleboot3_autonomous_nav/lib/turtleboot3_autonomous_nav\n'}
[0.724291] (turtleboot3_autonomous_nav) StdoutLine: {'line': b'Installing frontier_explorer script to /workspaces/ros2_jazzy_docker/ros2_ws/install/turtleboot3_autonomous_nav/lib/turtleboot3_autonomous_nav\n'}
[0.724815] (turtleboot3_autonomous_nav) StdoutLine: {'line': b'Installing install_turtlebot3_dependencies script to /workspaces/ros2_jazzy_docker/ros2_ws/install/turtleboot3_autonomous_nav/lib/turtleboot3_autonomous_nav\n'}
[0.725246] (turtleboot3_autonomous_nav) StdoutLine: {'line': b'Installing observation_builder script to /workspaces/ros2_jazzy_docker/ros2_ws/install/turtleboot3_autonomous_nav/lib/turtleboot3_autonomous_nav\n'}
[0.725854] (turtleboot3_autonomous_nav) StdoutLine: {'line': b'Installing safe_motion_controller script to /workspaces/ros2_jazzy_docker/ros2_ws/install/turtleboot3_autonomous_nav/lib/turtleboot3_autonomous_nav\n'}
[0.726618] (turtleboot3_autonomous_nav) StdoutLine: {'line': b'Installing simulation_localizer script to /workspaces/ros2_jazzy_docker/ros2_ws/install/turtleboot3_autonomous_nav/lib/turtleboot3_autonomous_nav\n'}
[0.727273] (turtleboot3_autonomous_nav) StdoutLine: {'line': b'Installing training_monitor script to /workspaces/ros2_jazzy_docker/ros2_ws/install/turtleboot3_autonomous_nav/lib/turtleboot3_autonomous_nav\n'}
[0.728225] (turtleboot3_autonomous_nav) StdoutLine: {'line': b"writing list of installed files to '/workspaces/ros2_jazzy_docker/ros2_ws/build/turtleboot3_autonomous_nav/install.log'\n"}
[0.745456] (turtleboot3_autonomous_nav) CommandEnded: {'returncode': 0}
[0.758552] (turtleboot3_autonomous_nav) JobEnded: {'identifier': 'turtleboot3_autonomous_nav', 'rc': 0}
[0.759362] (-) EventReactorShutdown: {}
