[0.053s] Invoking command in '/workspaces/ros2_jazzy_docker/ros2_ws/build/stage': /usr/bin/cmake /workspaces/ros2_jazzy_docker/ros2_ws/src/Stage -DCATKIN_INSTALL_INTO_PREFIX_ROOT=0 -DCMAKE_INSTALL_PREFIX=/workspaces/ros2_jazzy_docker/ros2_ws/install/stage
[0.386s] -- The C compiler identification is GNU 13.3.0
[0.422s] -- The CXX compiler identification is GNU 13.3.0
[0.449s] -- Detecting C compiler ABI info
[0.673s] -- Detecting C compiler ABI info - done
[0.705s] -- Check for working C compiler: /usr/bin/cc - skipped
[0.706s] -- Detecting C compile features
[0.708s] -- Detecting C compile features - done
[0.729s] -- Detecting CXX compiler ABI info
[1.024s] -- Detecting CXX compiler ABI info - done
[1.054s] -- Check for working CXX compiler: /usr/bin/c++ - skipped
[1.056s] -- Detecting CXX compile features
[1.057s] -- Detecting CXX compile features - done
[1.063s] -- Stage version 4.3.0
[1.064s] -- Operating system is Linux
[1.065s] -- Installing Libraries to /workspaces/ros2_jazzy_docker/ros2_ws/install/stage/lib
[1.066s] -- Installing Plugins to /workspaces/ros2_jazzy_docker/ros2_ws/install/stage/lib/Stage-4.3
[1.070s] -- Build type RELEASE
[1.075s] -- Checking for libtool
[1.123s] -- Checking for required libraries...
[1.285s] -- Found JPEG: /usr/lib/aarch64-linux-gnu/libjpeg.so (found version "80") 
[1.617s] -- Found ZLIB: /usr/lib/aarch64-linux-gnu/libz.so (found version "1.3")  
[2.480s] -- Found PNG: /usr/lib/aarch64-linux-gnu/libpng.so (found version "1.6.43") 
[2.738s] -- Found OpenGL: /usr/lib/aarch64-linux-gnu/libOpenGL.so   
[4.824s] -- Found X11: /usr/include   
[4.826s] -- Looking for XOpenDisplay in /usr/lib/aarch64-linux-gnu/libX11.so;/usr/lib/aarch64-linux-gnu/libXext.so
[4.993s] -- Looking for XOpenDisplay in /usr/lib/aarch64-linux-gnu/libX11.so;/usr/lib/aarch64-linux-gnu/libXext.so - found
[4.993s] -- Looking for gethostbyname
[5.147s] -- Looking for gethostbyname - found
[5.148s] -- Looking for connect
[5.307s] -- Looking for connect - found
[5.307s] -- Looking for remove
[5.469s] -- Looking for remove - found
[5.470s] -- Looking for shmat
[5.585s] -- Looking for shmat - found
[5.586s] -- Looking for IceConnectionNumber in ICE
[5.725s] -- Looking for IceConnectionNumber in ICE - found
[5.812s] -- Found FLTK: fltk_images;fltk_forms;fltk_gl;fltk  
[5.818s] -- Checking for optional libraries...
[5.823s] -- Installation path CMAKE_INSTALL_PREFIX=/workspaces/ros2_jazzy_docker/ros2_ws/install/stage
[5.827s] -- Configuring libstage
[5.924s] -- Found PkgConfig: /usr/bin/pkg-config (found version "1.8.1") 
[5.925s] -- Checking for one of the modules 'playercore>=2.1.0'
[6.023s] --   * Player not detected. If Player is installed but not detected, check your PKG_CONFIG_PATH.
[6.056s] -- Configuring done (6.0s)
[6.504s] -- Generating done (0.4s)
[6.553s] [33mCMake Warning:
[6.554s]   Manually-specified variables were not used by the project:
[6.555s] 
[6.557s]     CATKIN_INSTALL_INTO_PREFIX_ROOT
[6.560s] 
[6.560s] [0m
[6.629s] -- Build files have been written to: /workspaces/ros2_jazzy_docker/ros2_ws/build/stage
[6.638s] Invoked command in '/workspaces/ros2_jazzy_docker/ros2_ws/build/stage' returned '0': /usr/bin/cmake /workspaces/ros2_jazzy_docker/ros2_ws/src/Stage -DCATKIN_INSTALL_INTO_PREFIX_ROOT=0 -DCMAKE_INSTALL_PREFIX=/workspaces/ros2_jazzy_docker/ros2_ws/install/stage
[6.653s] Invoking command in '/workspaces/ros2_jazzy_docker/ros2_ws/build/stage': /usr/bin/cmake --build /workspaces/ros2_jazzy_docker/ros2_ws/build/stage -- -j12 -l12
[6.771s] [  3%] [32mBuilding CXX object libstage/CMakeFiles/stage.dir/block.cc.o[0m
[6.772s] [  3%] [32mBuilding CXX object libstage/CMakeFiles/stage.dir/camera.cc.o[0m
[6.774s] [  8%] [32mBuilding CXX object libstage/CMakeFiles/stage.dir/blockgroup.cc.o[0m
[6.775s] [  8%] [32mBuilding CXX object libstage/CMakeFiles/stage.dir/model_blinkenlight.cc.o[0m
[6.776s] [  8%] [32mBuilding CXX object libstage/CMakeFiles/stage.dir/file_manager.cc.o[0m
[6.779s] [ 11%] [32mBuilding CXX object libstage/CMakeFiles/stage.dir/color.cc.o[0m
[6.780s] [ 11%] [32mBuilding CXX object libstage/CMakeFiles/stage.dir/gl.cc.o[0m
[6.787s] [ 16%] [32mBuilding CXX object libstage/CMakeFiles/stage.dir/model.cc.o[0m
[6.788s] [ 16%] [32mBuilding CXX object libstage/CMakeFiles/stage.dir/model_bumper.cc.o[0m
[6.789s] [ 16%] [32mBuilding CXX object libstage/CMakeFiles/stage.dir/model_actuator.cc.o[0m
[6.796s] [ 20%] [32mBuilding CXX object libstage/CMakeFiles/stage.dir/logentry.cc.o[0m
[6.797s] [ 20%] [32mBuilding CXX object libstage/CMakeFiles/stage.dir/model_blobfinder.cc.o[0m
[8.022s] [ 22%] [32mBuilding CXX object libstage/CMakeFiles/stage.dir/model_callbacks.cc.o[0m
[8.157s] [ 23%] [32mBuilding CXX object libstage/CMakeFiles/stage.dir/model_camera.cc.o[0m
[8.181s] [ 25%] [32mBuilding CXX object libstage/CMakeFiles/stage.dir/model_draw.cc.o[0m
[8.185s] [ 27%] [32mBuilding CXX object libstage/CMakeFiles/stage.dir/model_fiducial.cc.o[0m
[8.188s] [ 28%] [32mBuilding CXX object libstage/CMakeFiles/stage.dir/model_gripper.cc.o[0m
[8.205s] [ 30%] [32mBuilding CXX object libstage/CMakeFiles/stage.dir/model_lightindicator.cc.o[0m
[8.212s] [ 33%] [32mBuilding CXX object libstage/CMakeFiles/stage.dir/model_ranger.cc.o[0m
[8.213s] [ 33%] [32mBuilding CXX object libstage/CMakeFiles/stage.dir/model_position.cc.o[0m
[8.217s] [ 35%] [32mBuilding CXX object libstage/CMakeFiles/stage.dir/option.cc.o[0m
[8.225s] [ 37%] [32mBuilding CXX object libstage/CMakeFiles/stage.dir/powerpack.cc.o[0m
[8.359s] [ 38%] [32mBuilding CXX object libstage/CMakeFiles/stage.dir/region.cc.o[0m
[8.656s] [ 40%] [32mBuilding CXX object libstage/CMakeFiles/stage.dir/stage.cc.o[0m
[8.999s] [ 44%] [32mBuilding CXX object libstage/CMakeFiles/stage.dir/texture_manager.cc.o[0m
[9.003s] [ 44%] [32mBuilding CXX object libstage/CMakeFiles/stage.dir/typetable.cc.o[0m
[9.047s] [ 45%] [32mBuilding CXX object libstage/CMakeFiles/stage.dir/world.cc.o[0m
[9.075s] [ 47%] [32mBuilding CXX object libstage/CMakeFiles/stage.dir/worldfile.cc.o[0m
[9.108s] [ 49%] [32mBuilding CXX object libstage/CMakeFiles/stage.dir/canvas.cc.o[0m
[9.135s] [ 50%] [32mBuilding CXX object libstage/CMakeFiles/stage.dir/options_dlg.cc.o[0m
[9.185s] [ 52%] [32mBuilding CXX object libstage/CMakeFiles/stage.dir/vis_strip.cc.o[0m
[9.191s] [ 54%] [32mBuilding CXX object libstage/CMakeFiles/stage.dir/worldgui.cc.o[0m
[9.218s] [ 55%] [32mBuilding CXX object libstage/CMakeFiles/stage.dir/ancestor.cc.o[0m
[10.290s] [ 57%] [32m[1mLinking CXX shared library libstage.so[0m
[10.431s] [ 57%] Built target stage
[10.489s] [ 59%] [32mBuilding CXX object libstage/CMakeFiles/stagebinary.dir/main.cc.o[0m
[10.490s] [ 61%] [32mBuilding CXX object examples/ctrl/CMakeFiles/wander.dir/wander.cc.o[0m
[10.492s] [ 62%] [32mBuilding CXX object examples/ctrl/CMakeFiles/sink.dir/sink.cc.o[0m
[10.493s] [ 66%] [32mBuilding CXX object worlds/benchmark/CMakeFiles/expand_swarm.dir/expand_swarm.cc.o[0m
[10.494s] [ 66%] [32mBuilding CXX object examples/ctrl/CMakeFiles/fasr.dir/fasr.cc.o[0m
[10.495s] [ 67%] [32mBuilding CXX object examples/ctrl/CMakeFiles/fasr2.dir/fasr2.cc.o[0m
[10.501s] [ 71%] [32mBuilding CXX object worlds/benchmark/CMakeFiles/expand_pioneer.dir/expand_pioneer.cc.o[0m
[10.502s] [ 72%] [32mBuilding CXX object examples/ctrl/CMakeFiles/pioneer_flocking.dir/pioneer_flocking.cc.o[0m
[10.502s] [ 76%] [32mBuilding CXX object examples/ctrl/CMakeFiles/lasernoise.dir/lasernoise.cc.o[0m
[10.503s] [ 76%] [32mBuilding CXX object examples/ctrl/CMakeFiles/source.dir/source.cc.o[0m
[10.504s] [ 76%] [32mBuilding CXX object examples/ctrl/CMakeFiles/rasterize.dir/rasterize.cc.o[0m
[10.507s] [ 77%] [32mBuilding CXX object examples/ctrl/CMakeFiles/dynamic.dir/dynamic.cc.o[0m
[11.197s] [ 79%] [32m[1mLinking CXX shared module sink.so[0m
[11.252s] [ 83%] [32m[1mLinking CXX shared module fasr.so[0m
[11.254s] [ 83%] [32m[1mLinking CXX shared module lasernoise.so[0m
[11.255s] [ 84%] [32m[1mLinking CXX shared module expand_pioneer.so[0m
[11.273s] [ 86%] [32m[1mLinking CXX shared module dynamic.so[0m
[11.293s] [ 89%] [32m[1mLinking CXX shared module rasterize.so[0m
[11.294s] [ 89%] [32m[1mLinking CXX shared module wander.so[0m
[11.303s] [ 91%] [32m[1mLinking CXX shared module source.so[0m
[11.308s] [ 93%] [32m[1mLinking CXX shared module expand_swarm.so[0m
[11.316s] [ 93%] Built target sink
[11.330s] [ 94%] [32mBuilding CXX object examples/ctrl/CMakeFiles/fasr2.dir/astar/findpath.cpp.o[0m
[11.358s] [ 96%] [32m[1mLinking CXX shared module pioneer_flocking.so[0m
[11.367s] [ 96%] Built target expand_pioneer
[11.380s] [ 98%] [32m[1mLinking CXX executable stage[0m
[11.384s] [ 98%] Built target dynamic
[11.391s] [ 98%] Built target wander
[11.394s] [ 98%] Built target fasr
[11.397s] [ 98%] Built target rasterize
[11.402s] [ 98%] Built target source
[11.407s] [ 98%] Built target expand_swarm
[11.407s] [ 98%] Built target lasernoise
[11.435s] [ 98%] Built target pioneer_flocking
[11.494s] [ 98%] Built target stagebinary
[11.750s] [100%] [32m[1mLinking CXX shared module fasr2.so[0m
[11.880s] [100%] Built target fasr2
[11.900s] Invoked command in '/workspaces/ros2_jazzy_docker/ros2_ws/build/stage' returned '0': /usr/bin/cmake --build /workspaces/ros2_jazzy_docker/ros2_ws/build/stage -- -j12 -l12
[11.905s] Invoking command in '/workspaces/ros2_jazzy_docker/ros2_ws/build/stage': /usr/bin/cmake --install /workspaces/ros2_jazzy_docker/ros2_ws/build/stage
[11.911s] -- Install configuration: "RELEASE"
[11.912s] -- Installing: /workspaces/ros2_jazzy_docker/ros2_ws/install/stage/lib/pkgconfig/stage.pc
[11.915s] -- Installing: /workspaces/ros2_jazzy_docker/ros2_ws/install/stage/lib/cmake/Stage/stage-config.cmake
[11.916s] -- Installing: /workspaces/ros2_jazzy_docker/ros2_ws/install/stage/lib/cmake/Stage/stage-config-version.cmake
[11.920s] -- Installing: /workspaces/ros2_jazzy_docker/ros2_ws/install/stage/bin/stage
[11.923s] -- Set non-toolchain portion of runtime path of "/workspaces/ros2_jazzy_docker/ros2_ws/install/stage/bin/stage" to ""
[11.924s] -- Installing: /workspaces/ros2_jazzy_docker/ros2_ws/install/stage/lib/libstage.so.4.3.0
[11.932s] -- Installing: /workspaces/ros2_jazzy_docker/ros2_ws/install/stage/lib/libstage.so
[11.933s] -- Installing: /workspaces/ros2_jazzy_docker/ros2_ws/install/stage/include/Stage-4.3/stage.hh
[11.937s] -- Installing: /workspaces/ros2_jazzy_docker/ros2_ws/install/stage/lib/Stage-4.3/fasr.so
[11.940s] -- Set non-toolchain portion of runtime path of "/workspaces/ros2_jazzy_docker/ros2_ws/install/stage/lib/Stage-4.3/fasr.so" to ""
[11.940s] -- Installing: /workspaces/ros2_jazzy_docker/ros2_ws/install/stage/lib/Stage-4.3/sink.so
[11.944s] -- Set non-toolchain portion of runtime path of "/workspaces/ros2_jazzy_docker/ros2_ws/install/stage/lib/Stage-4.3/sink.so" to ""
[11.944s] -- Installing: /workspaces/ros2_jazzy_docker/ros2_ws/install/stage/lib/Stage-4.3/source.so
[11.947s] -- Set non-toolchain portion of runtime path of "/workspaces/ros2_jazzy_docker/ros2_ws/install/stage/lib/Stage-4.3/source.so" to ""
[11.948s] -- Installing: /workspaces/ros2_jazzy_docker/ros2_ws/install/stage/lib/Stage-4.3/wander.so
[11.950s] -- Set non-toolchain portion of runtime path of "/workspaces/ros2_jazzy_docker/ros2_ws/install/stage/lib/Stage-4.3/wander.so" to ""
[11.951s] -- Installing: /workspaces/ros2_jazzy_docker/ros2_ws/install/stage/lib/Stage-4.3/pioneer_flocking.so
[11.954s] -- Set non-toolchain portion of runtime path of "/workspaces/ros2_jazzy_docker/ros2_ws/install/stage/lib/Stage-4.3/pioneer_flocking.so" to ""
[11.955s] -- Installing: /workspaces/ros2_jazzy_docker/ros2_ws/install/stage/lib/Stage-4.3/rasterize.so
[11.958s] -- Set non-toolchain portion of runtime path of "/workspaces/ros2_jazzy_docker/ros2_ws/install/stage/lib/Stage-4.3/rasterize.so" to ""
[11.959s] -- Installing: /workspaces/ros2_jazzy_docker/ros2_ws/install/stage/lib/Stage-4.3/lasernoise.so
[11.962s] -- Set non-toolchain portion of runtime path of "/workspaces/ros2_jazzy_docker/ros2_ws/install/stage/lib/Stage-4.3/lasernoise.so" to ""
[11.963s] -- Installing: /workspaces/ros2_jazzy_docker/ros2_ws/install/stage/lib/Stage-4.3/dynamic.so
[11.965s] -- Set non-toolchain portion of runtime path of "/workspaces/ros2_jazzy_docker/ros2_ws/install/stage/lib/Stage-4.3/dynamic.so" to ""
[11.966s] -- Installing: /workspaces/ros2_jazzy_docker/ros2_ws/install/stage/lib/Stage-4.3/fasr2.so
[11.968s] -- Set non-toolchain portion of runtime path of "/workspaces/ros2_jazzy_docker/ros2_ws/install/stage/lib/Stage-4.3/fasr2.so" to ""
[11.969s] -- Installing: /workspaces/ros2_jazzy_docker/ros2_ws/install/stage/share/stage/assets/blue.png
[11.971s] -- Installing: /workspaces/ros2_jazzy_docker/ros2_ws/install/stage/share/stage/assets/death.png
[11.973s] -- Installing: /workspaces/ros2_jazzy_docker/ros2_ws/install/stage/share/stage/assets/green.png
[11.975s] -- Installing: /workspaces/ros2_jazzy_docker/ros2_ws/install/stage/share/stage/assets/logo.png
[11.977s] -- Installing: /workspaces/ros2_jazzy_docker/ros2_ws/install/stage/share/stage/assets/mains.png
[11.979s] -- Installing: /workspaces/ros2_jazzy_docker/ros2_ws/install/stage/share/stage/assets/mainspower.png
[11.981s] -- Installing: /workspaces/ros2_jazzy_docker/ros2_ws/install/stage/share/stage/assets/question_mark.png
[11.983s] -- Installing: /workspaces/ros2_jazzy_docker/ros2_ws/install/stage/share/stage/assets/red.png
[11.985s] -- Installing: /workspaces/ros2_jazzy_docker/ros2_ws/install/stage/share/stage/assets/stagelogo.png
[11.987s] -- Installing: /workspaces/ros2_jazzy_docker/ros2_ws/install/stage/share/stage/assets/stall-old.png
[11.988s] -- Installing: /workspaces/ros2_jazzy_docker/ros2_ws/install/stage/share/stage/assets/stall.png
[11.990s] -- Installing: /workspaces/ros2_jazzy_docker/ros2_ws/install/stage/share/stage/assets/rgb.txt
[11.991s] -- Installing: /workspaces/ros2_jazzy_docker/ros2_ws/install/stage/share/stage/rgb.txt
[11.994s] -- Installing: /workspaces/ros2_jazzy_docker/ros2_ws/install/stage/share/stage/worlds/amcl-sonar.cfg
[11.995s] -- Installing: /workspaces/ros2_jazzy_docker/ros2_ws/install/stage/share/stage/worlds/autolab.cfg
[11.997s] -- Installing: /workspaces/ros2_jazzy_docker/ros2_ws/install/stage/share/stage/worlds/camera.cfg
[11.998s] -- Installing: /workspaces/ros2_jazzy_docker/ros2_ws/install/stage/share/stage/worlds/everything.cfg
[12.000s] -- Installing: /workspaces/ros2_jazzy_docker/ros2_ws/install/stage/share/stage/worlds/lsp_test.cfg
[12.001s] -- Installing: /workspaces/ros2_jazzy_docker/ros2_ws/install/stage/share/stage/worlds/mbicp.cfg
[12.003s] -- Installing: /workspaces/ros2_jazzy_docker/ros2_ws/install/stage/share/stage/worlds/nd.cfg
[12.004s] -- Installing: /workspaces/ros2_jazzy_docker/ros2_ws/install/stage/share/stage/worlds/roomba.cfg
[12.006s] -- Installing: /workspaces/ros2_jazzy_docker/ros2_ws/install/stage/share/stage/worlds/simple.cfg
[12.007s] -- Installing: /workspaces/ros2_jazzy_docker/ros2_ws/install/stage/share/stage/worlds/test.cfg
[12.009s] -- Installing: /workspaces/ros2_jazzy_docker/ros2_ws/install/stage/share/stage/worlds/uoa_robotics_lab.cfg
[12.010s] -- Installing: /workspaces/ros2_jazzy_docker/ros2_ws/install/stage/share/stage/worlds/vfh.cfg
[12.012s] -- Installing: /workspaces/ros2_jazzy_docker/ros2_ws/install/stage/share/stage/worlds/wavefront-remote.cfg
[12.013s] -- Installing: /workspaces/ros2_jazzy_docker/ros2_ws/install/stage/share/stage/worlds/wavefront.cfg
[12.015s] -- Installing: /workspaces/ros2_jazzy_docker/ros2_ws/install/stage/share/stage/worlds/wifi.cfg
[12.017s] -- Installing: /workspaces/ros2_jazzy_docker/ros2_ws/install/stage/share/stage/worlds/SFU.world
[12.018s] -- Installing: /workspaces/ros2_jazzy_docker/ros2_ws/install/stage/share/stage/worlds/autolab.world
[12.019s] -- Installing: /workspaces/ros2_jazzy_docker/ros2_ws/install/stage/share/stage/worlds/camera.world
[12.020s] -- Installing: /workspaces/ros2_jazzy_docker/ros2_ws/install/stage/share/stage/worlds/circuit.world
[12.022s] -- Installing: /workspaces/ros2_jazzy_docker/ros2_ws/install/stage/share/stage/worlds/everything.world
[12.023s] -- Installing: /workspaces/ros2_jazzy_docker/ros2_ws/install/stage/share/stage/worlds/fasr.world
[12.025s] -- Installing: /workspaces/ros2_jazzy_docker/ros2_ws/install/stage/share/stage/worlds/fasr2.world
[12.027s] -- Installing: /workspaces/ros2_jazzy_docker/ros2_ws/install/stage/share/stage/worlds/fasr_plan.world
[12.028s] -- Installing: /workspaces/ros2_jazzy_docker/ros2_ws/install/stage/share/stage/worlds/large.world
[12.030s] -- Installing: /workspaces/ros2_jazzy_docker/ros2_ws/install/stage/share/stage/worlds/lsp_test.world
[12.031s] -- Installing: /workspaces/ros2_jazzy_docker/ros2_ws/install/stage/share/stage/worlds/mbicp.world
[12.032s] -- Installing: /workspaces/ros2_jazzy_docker/ros2_ws/install/stage/share/stage/worlds/pioneer_flocking.world
[12.033s] -- Installing: /workspaces/ros2_jazzy_docker/ros2_ws/install/stage/share/stage/worlds/pioneer_follow.world
[12.035s] -- Installing: /workspaces/ros2_jazzy_docker/ros2_ws/install/stage/share/stage/worlds/pioneer_walle.world
[12.036s] -- Installing: /workspaces/ros2_jazzy_docker/ros2_ws/install/stage/share/stage/worlds/roomba.world
[12.037s] -- Installing: /workspaces/ros2_jazzy_docker/ros2_ws/install/stage/share/stage/worlds/sensor_noise_demo.world
[12.039s] -- Installing: /workspaces/ros2_jazzy_docker/ros2_ws/install/stage/share/stage/worlds/sensor_noise_module_demo.world
[12.040s] -- Installing: /workspaces/ros2_jazzy_docker/ros2_ws/install/stage/share/stage/worlds/simple.world
[12.042s] -- Installing: /workspaces/ros2_jazzy_docker/ros2_ws/install/stage/share/stage/worlds/uoa_robotics_lab.world
[12.043s] -- Installing: /workspaces/ros2_jazzy_docker/ros2_ws/install/stage/share/stage/worlds/wifi.world
[12.045s] -- Installing: /workspaces/ros2_jazzy_docker/ros2_ws/install/stage/share/stage/worlds/beacons.inc
[12.046s] -- Installing: /workspaces/ros2_jazzy_docker/ros2_ws/install/stage/share/stage/worlds/chatterbox.inc
[12.047s] -- Installing: /workspaces/ros2_jazzy_docker/ros2_ws/install/stage/share/stage/worlds/hokuyo.inc
[12.049s] -- Installing: /workspaces/ros2_jazzy_docker/ros2_ws/install/stage/share/stage/worlds/irobot.inc
[12.050s] -- Installing: /workspaces/ros2_jazzy_docker/ros2_ws/install/stage/share/stage/worlds/map.inc
[12.051s] -- Installing: /workspaces/ros2_jazzy_docker/ros2_ws/install/stage/share/stage/worlds/objects.inc
[12.053s] -- Installing: /workspaces/ros2_jazzy_docker/ros2_ws/install/stage/share/stage/worlds/pantilt.inc
[12.054s] -- Installing: /workspaces/ros2_jazzy_docker/ros2_ws/install/stage/share/stage/worlds/pioneer.inc
[12.056s] -- Installing: /workspaces/ros2_jazzy_docker/ros2_ws/install/stage/share/stage/worlds/sick.inc
[12.057s] -- Installing: /workspaces/ros2_jazzy_docker/ros2_ws/install/stage/share/stage/worlds/ubot.inc
[12.059s] -- Installing: /workspaces/ros2_jazzy_docker/ros2_ws/install/stage/share/stage/worlds/uoa_robotics_lab_models.inc
[12.060s] -- Installing: /workspaces/ros2_jazzy_docker/ros2_ws/install/stage/share/stage/worlds/walle.inc
[12.062s] -- Installing: /workspaces/ros2_jazzy_docker/ros2_ws/install/stage/share/stage/worlds/cfggen.sh
[12.064s] -- Installing: /workspaces/ros2_jazzy_docker/ros2_ws/install/stage/share/stage/worlds/test.sh
[12.065s] -- Installing: /workspaces/ros2_jazzy_docker/ros2_ws/install/stage/share/stage/worlds/worldgen.sh
[12.067s] -- Installing: /workspaces/ros2_jazzy_docker/ros2_ws/install/stage/lib/Stage-4.3/expand_swarm.so
[12.071s] -- Set non-toolchain portion of runtime path of "/workspaces/ros2_jazzy_docker/ros2_ws/install/stage/lib/Stage-4.3/expand_swarm.so" to ""
[12.071s] -- Installing: /workspaces/ros2_jazzy_docker/ros2_ws/install/stage/lib/Stage-4.3/expand_pioneer.so
[12.075s] -- Set non-toolchain portion of runtime path of "/workspaces/ros2_jazzy_docker/ros2_ws/install/stage/lib/Stage-4.3/expand_pioneer.so" to ""
[12.077s] -- Installing: /workspaces/ros2_jazzy_docker/ros2_ws/install/stage/share/stage/worlds/bitmaps/889_05.png
[12.078s] -- Installing: /workspaces/ros2_jazzy_docker/ros2_ws/install/stage/share/stage/worlds/bitmaps/SFU_1200x615.png
[12.082s] -- Installing: /workspaces/ros2_jazzy_docker/ros2_ws/install/stage/share/stage/worlds/bitmaps/SRI-AIC-kwing.png
[12.084s] -- Installing: /workspaces/ros2_jazzy_docker/ros2_ws/install/stage/share/stage/worlds/bitmaps/autolab.png
[12.086s] -- Installing: /workspaces/ros2_jazzy_docker/ros2_ws/install/stage/share/stage/worlds/bitmaps/cave.png
[12.087s] -- Installing: /workspaces/ros2_jazzy_docker/ros2_ws/install/stage/share/stage/worlds/bitmaps/cave_compact.png
[12.088s] -- Installing: /workspaces/ros2_jazzy_docker/ros2_ws/install/stage/share/stage/worlds/bitmaps/cave_filled.png
[12.089s] -- Installing: /workspaces/ros2_jazzy_docker/ros2_ws/install/stage/share/stage/worlds/bitmaps/frieburg.png
[12.091s] -- Installing: /workspaces/ros2_jazzy_docker/ros2_ws/install/stage/share/stage/worlds/bitmaps/ghost.png
[12.093s] -- Installing: /workspaces/ros2_jazzy_docker/ros2_ws/install/stage/share/stage/worlds/bitmaps/hospital.png
[12.094s] -- Installing: /workspaces/ros2_jazzy_docker/ros2_ws/install/stage/share/stage/worlds/bitmaps/hospital_section.png
[12.096s] -- Installing: /workspaces/ros2_jazzy_docker/ros2_ws/install/stage/share/stage/worlds/bitmaps/human_outline.png
[12.097s] -- Installing: /workspaces/ros2_jazzy_docker/ros2_ws/install/stage/share/stage/worlds/bitmaps/mbicp.png
[12.099s] -- Installing: /workspaces/ros2_jazzy_docker/ros2_ws/install/stage/share/stage/worlds/bitmaps/rink.png
[12.101s] -- Installing: /workspaces/ros2_jazzy_docker/ros2_ws/install/stage/share/stage/worlds/bitmaps/sal2.png
[12.103s] -- Installing: /workspaces/ros2_jazzy_docker/ros2_ws/install/stage/share/stage/worlds/bitmaps/simple_rooms.png
[12.105s] -- Installing: /workspaces/ros2_jazzy_docker/ros2_ws/install/stage/share/stage/worlds/bitmaps/space_invader.png
[12.107s] -- Installing: /workspaces/ros2_jazzy_docker/ros2_ws/install/stage/share/stage/worlds/bitmaps/submarine.png
[12.109s] -- Installing: /workspaces/ros2_jazzy_docker/ros2_ws/install/stage/share/stage/worlds/bitmaps/submarine_small.png
[12.111s] -- Installing: /workspaces/ros2_jazzy_docker/ros2_ws/install/stage/share/stage/worlds/bitmaps/table.png
[12.113s] -- Installing: /workspaces/ros2_jazzy_docker/ros2_ws/install/stage/share/stage/worlds/bitmaps/uoa_robotics_lab.png
[12.116s] -- Installing: /workspaces/ros2_jazzy_docker/ros2_ws/install/stage/share/stage/worlds/wifi/commando.world
[12.118s] -- Installing: /workspaces/ros2_jazzy_docker/ros2_ws/install/stage/share/stage/worlds/wifi/hosp_wifi.world
[12.119s] -- Installing: /workspaces/ros2_jazzy_docker/ros2_ws/install/stage/share/stage/worlds/wifi/hosp_wifi_5.world
[12.121s] -- Installing: /workspaces/ros2_jazzy_docker/ros2_ws/install/stage/share/stage/worlds/wifi/wifi.world
[12.123s] -- Installing: /workspaces/ros2_jazzy_docker/ros2_ws/install/stage/share/stage/worlds/wifi/wifi_itu.world
[12.125s] -- Installing: /workspaces/ros2_jazzy_docker/ros2_ws/install/stage/share/stage/worlds/wifi/wifi_logdistance.world
[12.127s] -- Installing: /workspaces/ros2_jazzy_docker/ros2_ws/install/stage/share/stage/worlds/wifi/wifi_ray.world
[12.129s] -- Installing: /workspaces/ros2_jazzy_docker/ros2_ws/install/stage/share/stage/worlds/wifi/wifi_simple.world
[12.131s] -- Installing: /workspaces/ros2_jazzy_docker/ros2_ws/install/stage/share/stage/worlds/wifi/map.inc
[12.134s] Invoked command in '/workspaces/ros2_jazzy_docker/ros2_ws/build/stage' returned '0': /usr/bin/cmake --install /workspaces/ros2_jazzy_docker/ros2_ws/build/stage
