[0.000000] (-) TimerEvent: {}
[0.000079] (-) JobUnselected: {'identifier': 'stage'}
[0.000244] (-) JobUnselected: {'identifier': 'stage_autonomous_nav'}
[0.000468] (-) JobUnselected: {'identifier': 'stage_ros2'}
[0.000738] (-) JobUnselected: {'identifier': 'turtle_py'}
[0.000784] (-) JobUnselected: {'identifier': 'turtlebot3'}
[0.000825] (-) JobUnselected: {'identifier': 'turtlebot3_bringup'}
[0.000861] (-) JobUnselected: {'identifier': 'turtlebot3_cartographer'}
[0.000903] (-) JobUnselected: {'identifier': 'turtlebot3_description'}
[0.000942] (-) JobUnselected: {'identifier': 'turtlebot3_example'}
[0.000981] (-) JobUnselected: {'identifier': 'turtlebot3_fake_node'}
[0.001028] (-) JobUnselected: {'identifier': 'turtlebot3_gazebo'}
[0.001062] (-) JobUnselected: {'identifier': 'turtlebot3_msgs'}
[0.001139] (-) JobUnselected: {'identifier': 'turtlebot3_navigation2'}
[0.001194] (-) JobUnselected: {'identifier': 'turtlebot3_node'}
[0.001282] (-) JobUnselected: {'identifier': 'turtlebot3_simulations'}
[0.001372] (-) JobUnselected: {'identifier': 'turtlebot3_teleop'}
[0.001461] (turtleboot3_autonomous_nav) JobQueued: {'identifier': 'turtleboot3_autonomous_nav', 'dependencies': OrderedDict({'turtlebot3_gazebo': '/workspaces/ros2_jazzy_docker/ros2_ws/install/turtlebot3_gazebo'})}
[0.001956] (turtleboot3_autonomous_nav) JobStarted: {'identifier': 'turtleboot3_autonomous_nav'}
[0.099646] (-) TimerEvent: {}
[0.199980] (-) TimerEvent: {}
[0.303805] (-) TimerEvent: {}
[0.404717] (-) TimerEvent: {}
[0.505186] (-) TimerEvent: {}
[0.552630] (turtleboot3_autonomous_nav) Command: {'cmd': ['/usr/bin/python3', '-W', 'ignore:setup.py install is deprecated', '-W', 'ignore:easy_install command is deprecated', 'setup.py', 'develop', '--editable', '--build-directory', '/workspaces/ros2_jazzy_docker/ros2_ws/build/turtleboot3_autonomous_nav/build', '--no-deps', 'symlink_data', '--force'], 'cwd': '/workspaces/ros2_jazzy_docker/ros2_ws/build/turtleboot3_autonomous_nav', 'env': {'GZ_SIM_RESOURCE_PATH': '/opt/ros/jazzy/share', 'GZ_CONFIG_PATH': '/opt/ros/jazzy/opt/gz_sim_vendor/share/gz:/opt/ros/jazzy/opt/sdformat_vendor/share/gz:/opt/ros/jazzy/opt/gz_gui_vendor/share/gz:/opt/ros/jazzy/opt/gz_transport_vendor/share/gz:/opt/ros/jazzy/opt/gz_rendering_vendor/share/gz:/opt/ros/jazzy/opt/gz_plugin_vendor/share/gz:/opt/ros/jazzy/opt/gz_fuel_tools_vendor/share/gz:/opt/ros/jazzy/opt/gz_msgs_vendor/share/gz:/opt/ros/jazzy/opt/gz_common_vendor/share/gz', 'HOSTNAME': 'd190ba28d903', 'ROS_PACKAGE_PATH': '/workspaces/ros2_jazzy_docker/ros2_ws/install/stage/share', 'SHLVL': '1', 'LD_LIBRARY_PATH': '/workspaces/ros2_jazzy_docker/ros2_ws/install/turtlebot3_msgs/lib:/workspaces/ros2_jazzy_docker/ros2_ws/install/stage_ros2/lib:/workspaces/ros2_jazzy_docker/ros2_ws/install/stage/lib:/opt/ros/jazzy/opt/gz_sim_vendor/lib:/opt/ros/jazzy/opt/gz_sensors_vendor/lib:/opt/ros/jazzy/opt/gz_physics_vendor/lib:/opt/ros/jazzy/opt/sdformat_vendor/lib:/opt/ros/jazzy/opt/rviz_ogre_vendor/lib:/opt/ros/jazzy/lib/aarch64-linux-gnu:/opt/ros/jazzy/opt/gz_gui_vendor/lib:/opt/ros/jazzy/opt/gz_transport_vendor/lib:/opt/ros/jazzy/opt/gz_rendering_vendor/lib:/opt/ros/jazzy/opt/gz_plugin_vendor/lib:/opt/ros/jazzy/opt/gz_fuel_tools_vendor/lib:/opt/ros/jazzy/opt/gz_msgs_vendor/lib:/opt/ros/jazzy/opt/gz_common_vendor/lib:/opt/ros/jazzy/opt/gz_math_vendor/lib:/opt/ros/jazzy/opt/gz_utils_vendor/lib:/opt/ros/jazzy/opt/gz_tools_vendor/lib:/opt/ros/jazzy/opt/gz_ogre_next_vendor/lib:/opt/ros/jazzy/opt/gz_dartsim_vendor/lib:/opt/ros/jazzy/opt/gz_cmake_vendor/lib:/opt/ros/jazzy/lib', 'HOME': '/home/ros', 'OLDPWD': '/ros2_ws', 'ROS_PYTHON_VERSION': '3', 'COLCON_PREFIX_PATH': '/home/ros/tb3_dependencies/install:/workspaces/ros2_jazzy_docker/ros2_ws/install', 'ROS_DISTRO': 'jazzy', '_': '/usr/bin/colcon', 'ROS_VERSION': '2', 'PKG_CONFIG_PATH': '/workspaces/ros2_jazzy_docker/ros2_ws/install/stage/lib/aarch64-linux-gnu/pkgconfig:/workspaces/ros2_jazzy_docker/ros2_ws/install/stage/lib/pkgconfig', 'PATH': '/workspaces/ros2_jazzy_docker/ros2_ws/install/stage/bin:/opt/ros/jazzy/opt/gz_msgs_vendor/bin:/opt/ros/jazzy/opt/gz_tools_vendor/bin:/opt/ros/jazzy/opt/gz_ogre_next_vendor/bin:/opt/ros/jazzy/bin:/usr/local/sbin:/usr/local/bin:/usr/sbin:/usr/bin:/sbin:/bin', 'LANG': 'C.UTF-8', 'AMENT_PREFIX_PATH': '/home/ros/tb3_dependencies/install/turtlebot3_gazebo:/workspaces/ros2_jazzy_docker/ros2_ws/install/turtlebot3:/workspaces/ros2_jazzy_docker/ros2_ws/install/turtlebot3_teleop:/workspaces/ros2_jazzy_docker/ros2_ws/install/turtlebot3_simulations:/workspaces/ros2_jazzy_docker/ros2_ws/install/turtlebot3_bringup:/workspaces/ros2_jazzy_docker/ros2_ws/install/turtlebot3_node:/workspaces/ros2_jazzy_docker/ros2_ws/install/turtlebot3_navigation2:/workspaces/ros2_jazzy_docker/ros2_ws/install/turtlebot3_fake_node:/workspaces/ros2_jazzy_docker/ros2_ws/install/turtlebot3_example:/workspaces/ros2_jazzy_docker/ros2_ws/install/turtlebot3_msgs:/workspaces/ros2_jazzy_docker/ros2_ws/install/turtleboot3_autonomous_nav:/workspaces/ros2_jazzy_docker/ros2_ws/install/turtlebot3_gazebo:/workspaces/ros2_jazzy_docker/ros2_ws/install/turtlebot3_description:/workspaces/ros2_jazzy_docker/ros2_ws/install/turtlebot3_cartographer:/workspaces/ros2_jazzy_docker/ros2_ws/install/turtle_py:/workspaces/ros2_jazzy_docker/ros2_ws/install/stage_autonomous_nav:/workspaces/ros2_jazzy_docker/ros2_ws/install/stage_ros2:/opt/ros/jazzy', 'DEBIAN_FRONTEND': 'noninteractive', 'ROS_AUTOMATIC_DISCOVERY_RANGE': 'SUBNET', 'PWD': '/workspaces/ros2_jazzy_docker/ros2_ws/build/turtleboot3_autonomous_nav', 'LC_ALL': 'C.UTF-8', 'PYTHONPATH': '/workspaces/ros2_jazzy_docker/ros2_ws/build/turtleboot3_autonomous_nav/prefix_override:/usr/lib/python3/dist-packages/colcon_core/task/python/colcon_distutils_commands:/workspaces/ros2_jazzy_docker/ros2_ws/install/turtleboot3_autonomous_nav/lib/python3.12/site-packages:/workspaces/ros2_jazzy_docker/ros2_ws/install/turtlebot3_teleop/lib/python3.12/site-packages:/workspaces/ros2_jazzy_docker/ros2_ws/install/turtlebot3_example/lib/python3.12/site-packages:/workspaces/ros2_jazzy_docker/ros2_ws/install/turtlebot3_msgs/lib/python3.12/site-packages:/workspaces/ros2_jazzy_docker/ros2_ws/install/turtleboot3_autonomous_nav/lib/python3.12/site-packages:/workspaces/ros2_jazzy_docker/ros2_ws/install/turtle_py/lib/python3.12/site-packages:/workspaces/ros2_jazzy_docker/ros2_ws/install/stage_autonomous_nav/lib/python3.12/site-packages:/opt/ros/jazzy/lib/python3.12/site-packages', 'COLCON': '1', 'CMAKE_PREFIX_PATH': '/workspaces/ros2_jazzy_docker/ros2_ws/install/turtlebot3_gazebo:/home/ros/tb3_dependencies/install/turtlebot3_gazebo:/workspaces/ros2_jazzy_docker/ros2_ws/install/turtlebot3:/workspaces/ros2_jazzy_docker/ros2_ws/install/turtlebot3_simulations:/workspaces/ros2_jazzy_docker/ros2_ws/install/turtlebot3_bringup:/workspaces/ros2_jazzy_docker/ros2_ws/install/turtlebot3_node:/workspaces/ros2_jazzy_docker/ros2_ws/install/turtlebot3_navigation2:/workspaces/ros2_jazzy_docker/ros2_ws/install/turtlebot3_fake_node:/workspaces/ros2_jazzy_docker/ros2_ws/install/turtlebot3_msgs:/workspaces/ros2_jazzy_docker/ros2_ws/install/turtlebot3_description:/workspaces/ros2_jazzy_docker/ros2_ws/install/turtlebot3_cartographer:/workspaces/ros2_jazzy_docker/ros2_ws/install/stage_ros2:/workspaces/ros2_jazzy_docker/ros2_ws/install/stage:/opt/ros/jazzy/opt/gz_sim_vendor:/opt/ros/jazzy/opt/gz_sensors_vendor:/opt/ros/jazzy/opt/gz_physics_vendor:/opt/ros/jazzy/opt/sdformat_vendor:/opt/ros/jazzy/opt/gz_gui_vendor:/opt/ros/jazzy/opt/gz_transport_vendor:/opt/ros/jazzy/opt/gz_rendering_vendor:/opt/ros/jazzy/opt/gz_plugin_vendor:/opt/ros/jazzy/opt/gz_fuel_tools_vendor:/opt/ros/jazzy/opt/gz_msgs_vendor:/opt/ros/jazzy/opt/gz_common_vendor:/opt/ros/jazzy/opt/gz_math_vendor:/opt/ros/jazzy/opt/gz_utils_vendor:/opt/ros/jazzy/opt/gz_tools_vendor:/opt/ros/jazzy/opt/gz_ogre_next_vendor:/opt/ros/jazzy/opt/gz_dartsim_vendor:/opt/ros/jazzy/opt/gz_cmake_vendor'}, 'shell': False}
[0.605304] (-) TimerEvent: {}
[0.705848] (-) TimerEvent: {}
[0.748443] (turtleboot3_autonomous_nav) StdoutLine: {'line': b'running develop\n'}
[0.805947] (-) TimerEvent: {}
[0.843942] (turtleboot3_autonomous_nav) StdoutLine: {'line': b'running egg_info\n'}
[0.851177] (turtleboot3_autonomous_nav) StdoutLine: {'line': b'writing turtleboot3_autonomous_nav.egg-info/PKG-INFO\n'}
[0.851953] (turtleboot3_autonomous_nav) StdoutLine: {'line': b'writing dependency_links to turtleboot3_autonomous_nav.egg-info/dependency_links.txt\n'}
[0.852589] (turtleboot3_autonomous_nav) StdoutLine: {'line': b'writing entry points to turtleboot3_autonomous_nav.egg-info/entry_points.txt\n'}
[0.853057] (turtleboot3_autonomous_nav) StdoutLine: {'line': b'writing requirements to turtleboot3_autonomous_nav.egg-info/requires.txt\n'}
[0.853458] (turtleboot3_autonomous_nav) StdoutLine: {'line': b'writing top-level names to turtleboot3_autonomous_nav.egg-info/top_level.txt\n'}
[0.870463] (turtleboot3_autonomous_nav) StdoutLine: {'line': b"reading manifest file 'turtleboot3_autonomous_nav.egg-info/SOURCES.txt'\n"}
[0.876615] (turtleboot3_autonomous_nav) StdoutLine: {'line': b"writing manifest file 'turtleboot3_autonomous_nav.egg-info/SOURCES.txt'\n"}
[0.884453] (turtleboot3_autonomous_nav) StdoutLine: {'line': b'running build_ext\n'}
[0.885925] (turtleboot3_autonomous_nav) StdoutLine: {'line': b'Creating /workspaces/ros2_jazzy_docker/ros2_ws/install/turtleboot3_autonomous_nav/lib/python3.12/site-packages/turtleboot3-autonomous-nav.egg-link (link to .)\n'}
[0.887360] (turtleboot3_autonomous_nav) StdoutLine: {'line': b'Installing coverage_mapper script to /workspaces/ros2_jazzy_docker/ros2_ws/install/turtleboot3_autonomous_nav/lib/turtleboot3_autonomous_nav\n'}
[0.887952] (turtleboot3_autonomous_nav) StdoutLine: {'line': b'Installing dqn_explorer script to /workspaces/ros2_jazzy_docker/ros2_ws/install/turtleboot3_autonomous_nav/lib/turtleboot3_autonomous_nav\n'}
[0.888579] (turtleboot3_autonomous_nav) StdoutLine: {'line': b'Installing dqn_trainer script to /workspaces/ros2_jazzy_docker/ros2_ws/install/turtleboot3_autonomous_nav/lib/turtleboot3_autonomous_nav\n'}
[0.889396] (turtleboot3_autonomous_nav) StdoutLine: {'line': b'Installing exploration_visualizer script to /workspaces/ros2_jazzy_docker/ros2_ws/install/turtleboot3_autonomous_nav/lib/turtleboot3_autonomous_nav\n'}
[0.889906] (turtleboot3_autonomous_nav) StdoutLine: {'line': b'Installing frontier_explorer script to /workspaces/ros2_jazzy_docker/ros2_ws/install/turtleboot3_autonomous_nav/lib/turtleboot3_autonomous_nav\n'}
[0.890486] (turtleboot3_autonomous_nav) StdoutLine: {'line': b'Installing install_turtlebot3_dependencies script to /workspaces/ros2_jazzy_docker/ros2_ws/install/turtleboot3_autonomous_nav/lib/turtleboot3_autonomous_nav\n'}
[0.891017] (turtleboot3_autonomous_nav) StdoutLine: {'line': b'Installing observation_builder script to /workspaces/ros2_jazzy_docker/ros2_ws/install/turtleboot3_autonomous_nav/lib/turtleboot3_autonomous_nav\n'}
[0.892001] (turtleboot3_autonomous_nav) StdoutLine: {'line': b'Installing safe_motion_controller script to /workspaces/ros2_jazzy_docker/ros2_ws/install/turtleboot3_autonomous_nav/lib/turtleboot3_autonomous_nav\n'}
[0.892496] (turtleboot3_autonomous_nav) StdoutLine: {'line': b'Installing simulation_localizer script to /workspaces/ros2_jazzy_docker/ros2_ws/install/turtleboot3_autonomous_nav/lib/turtleboot3_autonomous_nav\n'}
[0.892964] (turtleboot3_autonomous_nav) StdoutLine: {'line': b'Installing training_monitor script to /workspaces/ros2_jazzy_docker/ros2_ws/install/turtleboot3_autonomous_nav/lib/turtleboot3_autonomous_nav\n'}
[0.894059] (turtleboot3_autonomous_nav) StdoutLine: {'line': b'\n'}
[0.894275] (turtleboot3_autonomous_nav) StdoutLine: {'line': b'Installed /workspaces/ros2_jazzy_docker/ros2_ws/build/turtleboot3_autonomous_nav\n'}
[0.894469] (turtleboot3_autonomous_nav) StdoutLine: {'line': b'running symlink_data\n'}
[0.894822] (turtleboot3_autonomous_nav) StdoutLine: {'line': b'symbolically linking /workspaces/ros2_jazzy_docker/ros2_ws/build/turtleboot3_autonomous_nav/resource/turtleboot3_autonomous_nav -> /workspaces/ros2_jazzy_docker/ros2_ws/install/turtleboot3_autonomous_nav/share/ament_index/resource_index/packages\n'}
[0.895075] (turtleboot3_autonomous_nav) StdoutLine: {'line': b'symbolically linking /workspaces/ros2_jazzy_docker/ros2_ws/build/turtleboot3_autonomous_nav/package.xml -> /workspaces/ros2_jazzy_docker/ros2_ws/install/turtleboot3_autonomous_nav/share/turtleboot3_autonomous_nav\n'}
[0.895408] (turtleboot3_autonomous_nav) StdoutLine: {'line': b'symbolically linking /workspaces/ros2_jazzy_docker/ros2_ws/build/turtleboot3_autonomous_nav/README.md -> /workspaces/ros2_jazzy_docker/ros2_ws/install/turtleboot3_autonomous_nav/share/turtleboot3_autonomous_nav\n'}
[0.895721] (turtleboot3_autonomous_nav) StdoutLine: {'line': b'symbolically linking /workspaces/ros2_jazzy_docker/ros2_ws/build/turtleboot3_autonomous_nav/launch/training.launch.py -> /workspaces/ros2_jazzy_docker/ros2_ws/install/turtleboot3_autonomous_nav/share/turtleboot3_autonomous_nav/launch\n'}
[0.896190] (turtleboot3_autonomous_nav) StdoutLine: {'line': b'symbolically linking /workspaces/ros2_jazzy_docker/ros2_ws/build/turtleboot3_autonomous_nav/launch/mission.launch.py -> /workspaces/ros2_jazzy_docker/ros2_ws/install/turtleboot3_autonomous_nav/share/turtleboot3_autonomous_nav/launch\n'}
[0.896595] (turtleboot3_autonomous_nav) StdoutLine: {'line': b'symbolically linking /workspaces/ros2_jazzy_docker/ros2_ws/build/turtleboot3_autonomous_nav/config/training.yaml -> /workspaces/ros2_jazzy_docker/ros2_ws/install/turtleboot3_autonomous_nav/share/turtleboot3_autonomous_nav/config\n'}
[0.896975] (turtleboot3_autonomous_nav) StdoutLine: {'line': b'symbolically linking /workspaces/ros2_jazzy_docker/ros2_ws/build/turtleboot3_autonomous_nav/config/smoke_training.yaml -> /workspaces/ros2_jazzy_docker/ros2_ws/install/turtleboot3_autonomous_nav/share/turtleboot3_autonomous_nav/config\n'}
[0.897603] (turtleboot3_autonomous_nav) StdoutLine: {'line': b'symbolically linking /workspaces/ros2_jazzy_docker/ros2_ws/build/turtleboot3_autonomous_nav/config/exploration.yaml -> /workspaces/ros2_jazzy_docker/ros2_ws/install/turtleboot3_autonomous_nav/share/turtleboot3_autonomous_nav/config\n'}
[0.898194] (turtleboot3_autonomous_nav) StdoutLine: {'line': b'symbolically linking /workspaces/ros2_jazzy_docker/ros2_ws/build/turtleboot3_autonomous_nav/dependencies/turtlebot3_jazzy.repos -> /workspaces/ros2_jazzy_docker/ros2_ws/install/turtleboot3_autonomous_nav/share/turtleboot3_autonomous_nav/dependencies\n'}
[0.898521] (turtleboot3_autonomous_nav) StdoutLine: {'line': b'symbolically linking /workspaces/ros2_jazzy_docker/ros2_ws/build/turtleboot3_autonomous_nav/rviz/exploration.rviz -> /workspaces/ros2_jazzy_docker/ros2_ws/install/turtleboot3_autonomous_nav/share/turtleboot3_autonomous_nav/rviz\n'}
[0.899174] (turtleboot3_autonomous_nav) StdoutLine: {'line': b'symbolically linking /workspaces/ros2_jazzy_docker/ros2_ws/build/turtleboot3_autonomous_nav/models/README.md -> /workspaces/ros2_jazzy_docker/ros2_ws/install/turtleboot3_autonomous_nav/share/turtleboot3_autonomous_nav/models\n'}
[0.906079] (-) TimerEvent: {}
[0.916808] (turtleboot3_autonomous_nav) CommandEnded: {'returncode': 0}
[0.930217] (turtleboot3_autonomous_nav) JobEnded: {'identifier': 'turtleboot3_autonomous_nav', 'rc': 0}
[0.931219] (-) EventReactorShutdown: {}
