running egg_info
creating ../../../build/turtlebot3_teleop/turtlebot3_teleop.egg-info
writing ../../../build/turtlebot3_teleop/turtlebot3_teleop.egg-info/PKG-INFO
writing dependency_links to ../../../build/turtlebot3_teleop/turtlebot3_teleop.egg-info/dependency_links.txt
writing entry points to ../../../build/turtlebot3_teleop/turtlebot3_teleop.egg-info/entry_points.txt
writing requirements to ../../../build/turtlebot3_teleop/turtlebot3_teleop.egg-info/requires.txt
writing top-level names to ../../../build/turtlebot3_teleop/turtlebot3_teleop.egg-info/top_level.txt
writing manifest file '../../../build/turtlebot3_teleop/turtlebot3_teleop.egg-info/SOURCES.txt'
reading manifest file '../../../build/turtlebot3_teleop/turtlebot3_teleop.egg-info/SOURCES.txt'
writing manifest file '../../../build/turtlebot3_teleop/turtlebot3_teleop.egg-info/SOURCES.txt'
running build
running build_py
creating /workspaces/ros2_jazzy_docker/ros2_ws/build/turtlebot3_teleop/build
creating /workspaces/ros2_jazzy_docker/ros2_ws/build/turtlebot3_teleop/build/lib
creating /workspaces/ros2_jazzy_docker/ros2_ws/build/turtlebot3_teleop/build/lib/turtlebot3_teleop
copying turtlebot3_teleop/__init__.py -> /workspaces/ros2_jazzy_docker/ros2_ws/build/turtlebot3_teleop/build/lib/turtlebot3_teleop
creating /workspaces/ros2_jazzy_docker/ros2_ws/build/turtlebot3_teleop/build/lib/turtlebot3_teleop/script
copying turtlebot3_teleop/script/teleop_keyboard.py -> /workspaces/ros2_jazzy_docker/ros2_ws/build/turtlebot3_teleop/build/lib/turtlebot3_teleop/script
copying turtlebot3_teleop/script/__init__.py -> /workspaces/ros2_jazzy_docker/ros2_ws/build/turtlebot3_teleop/build/lib/turtlebot3_teleop/script
running install
running install_lib
creating /workspaces/ros2_jazzy_docker/ros2_ws/install/turtlebot3_teleop/lib/python3.12/site-packages/turtlebot3_teleop
copying /workspaces/ros2_jazzy_docker/ros2_ws/build/turtlebot3_teleop/build/lib/turtlebot3_teleop/__init__.py -> /workspaces/ros2_jazzy_docker/ros2_ws/install/turtlebot3_teleop/lib/python3.12/site-packages/turtlebot3_teleop
creating /workspaces/ros2_jazzy_docker/ros2_ws/install/turtlebot3_teleop/lib/python3.12/site-packages/turtlebot3_teleop/script
copying /workspaces/ros2_jazzy_docker/ros2_ws/build/turtlebot3_teleop/build/lib/turtlebot3_teleop/script/teleop_keyboard.py -> /workspaces/ros2_jazzy_docker/ros2_ws/install/turtlebot3_teleop/lib/python3.12/site-packages/turtlebot3_teleop/script
copying /workspaces/ros2_jazzy_docker/ros2_ws/build/turtlebot3_teleop/build/lib/turtlebot3_teleop/script/__init__.py -> /workspaces/ros2_jazzy_docker/ros2_ws/install/turtlebot3_teleop/lib/python3.12/site-packages/turtlebot3_teleop/script
byte-compiling /workspaces/ros2_jazzy_docker/ros2_ws/install/turtlebot3_teleop/lib/python3.12/site-packages/turtlebot3_teleop/__init__.py to __init__.cpython-312.pyc
byte-compiling /workspaces/ros2_jazzy_docker/ros2_ws/install/turtlebot3_teleop/lib/python3.12/site-packages/turtlebot3_teleop/script/teleop_keyboard.py to teleop_keyboard.cpython-312.pyc
byte-compiling /workspaces/ros2_jazzy_docker/ros2_ws/install/turtlebot3_teleop/lib/python3.12/site-packages/turtlebot3_teleop/script/__init__.py to __init__.cpython-312.pyc
running install_data
creating /workspaces/ros2_jazzy_docker/ros2_ws/install/turtlebot3_teleop/share/ament_index
creating /workspaces/ros2_jazzy_docker/ros2_ws/install/turtlebot3_teleop/share/ament_index/resource_index
creating /workspaces/ros2_jazzy_docker/ros2_ws/install/turtlebot3_teleop/share/ament_index/resource_index/packages
copying resource/turtlebot3_teleop -> /workspaces/ros2_jazzy_docker/ros2_ws/install/turtlebot3_teleop/share/ament_index/resource_index/packages
copying package.xml -> /workspaces/ros2_jazzy_docker/ros2_ws/install/turtlebot3_teleop/share/turtlebot3_teleop
running install_egg_info
Copying ../../../build/turtlebot3_teleop/turtlebot3_teleop.egg-info to /workspaces/ros2_jazzy_docker/ros2_ws/install/turtlebot3_teleop/lib/python3.12/site-packages/turtlebot3_teleop-2.3.7-py3.12.egg-info
running install_scripts
Installing teleop_keyboard script to /workspaces/ros2_jazzy_docker/ros2_ws/install/turtlebot3_teleop/lib/turtlebot3_teleop
writing list of installed files to '/workspaces/ros2_jazzy_docker/ros2_ws/build/turtlebot3_teleop/install.log'
