[1.264s] Invoking command in '/workspaces/ros2_jazzy_docker/ros2_ws/src/turtlebot3/turtlebot3_teleop': PYTHONPATH=/workspaces/ros2_jazzy_docker/ros2_ws/build/turtlebot3_teleop/prefix_override:/usr/lib/python3/dist-packages/colcon_core/task/python/colcon_distutils_commands:/workspaces/ros2_jazzy_docker/ros2_ws/install/turtlebot3_teleop/lib/python3.12/site-packages:${PYTHONPATH} /usr/bin/python3 -W ignore:setup.py install is deprecated -W ignore:easy_install command is deprecated setup.py egg_info --egg-base ../../../build/turtlebot3_teleop build --build-base /workspaces/ros2_jazzy_docker/ros2_ws/build/turtlebot3_teleop/build install --record /workspaces/ros2_jazzy_docker/ros2_ws/build/turtlebot3_teleop/install.log --install-scripts $base/lib/turtlebot3_teleop --single-version-externally-managed install_data
[1.624s] running egg_info
[1.627s] creating ../../../build/turtlebot3_teleop/turtlebot3_teleop.egg-info
[1.655s] writing ../../../build/turtlebot3_teleop/turtlebot3_teleop.egg-info/PKG-INFO
[1.659s] writing dependency_links to ../../../build/turtlebot3_teleop/turtlebot3_teleop.egg-info/dependency_links.txt
[1.660s] writing entry points to ../../../build/turtlebot3_teleop/turtlebot3_teleop.egg-info/entry_points.txt
[1.662s] writing requirements to ../../../build/turtlebot3_teleop/turtlebot3_teleop.egg-info/requires.txt
[1.662s] writing top-level names to ../../../build/turtlebot3_teleop/turtlebot3_teleop.egg-info/top_level.txt
[1.764s] writing manifest file '../../../build/turtlebot3_teleop/turtlebot3_teleop.egg-info/SOURCES.txt'
[1.820s] reading manifest file '../../../build/turtlebot3_teleop/turtlebot3_teleop.egg-info/SOURCES.txt'
[1.823s] writing manifest file '../../../build/turtlebot3_teleop/turtlebot3_teleop.egg-info/SOURCES.txt'
[1.824s] running build
[1.825s] running build_py
[1.828s] creating /workspaces/ros2_jazzy_docker/ros2_ws/build/turtlebot3_teleop/build
[1.829s] creating /workspaces/ros2_jazzy_docker/ros2_ws/build/turtlebot3_teleop/build/lib
[1.830s] creating /workspaces/ros2_jazzy_docker/ros2_ws/build/turtlebot3_teleop/build/lib/turtlebot3_teleop
[1.831s] copying turtlebot3_teleop/__init__.py -> /workspaces/ros2_jazzy_docker/ros2_ws/build/turtlebot3_teleop/build/lib/turtlebot3_teleop
[1.832s] creating /workspaces/ros2_jazzy_docker/ros2_ws/build/turtlebot3_teleop/build/lib/turtlebot3_teleop/script
[1.832s] copying turtlebot3_teleop/script/teleop_keyboard.py -> /workspaces/ros2_jazzy_docker/ros2_ws/build/turtlebot3_teleop/build/lib/turtlebot3_teleop/script
[1.835s] copying turtlebot3_teleop/script/__init__.py -> /workspaces/ros2_jazzy_docker/ros2_ws/build/turtlebot3_teleop/build/lib/turtlebot3_teleop/script
[1.836s] running install
[1.837s] running install_lib
[1.858s] creating /workspaces/ros2_jazzy_docker/ros2_ws/install/turtlebot3_teleop/lib/python3.12/site-packages/turtlebot3_teleop
[1.861s] copying /workspaces/ros2_jazzy_docker/ros2_ws/build/turtlebot3_teleop/build/lib/turtlebot3_teleop/__init__.py -> /workspaces/ros2_jazzy_docker/ros2_ws/install/turtlebot3_teleop/lib/python3.12/site-packages/turtlebot3_teleop
[1.862s] creating /workspaces/ros2_jazzy_docker/ros2_ws/install/turtlebot3_teleop/lib/python3.12/site-packages/turtlebot3_teleop/script
[1.866s] copying /workspaces/ros2_jazzy_docker/ros2_ws/build/turtlebot3_teleop/build/lib/turtlebot3_teleop/script/teleop_keyboard.py -> /workspaces/ros2_jazzy_docker/ros2_ws/install/turtlebot3_teleop/lib/python3.12/site-packages/turtlebot3_teleop/script
[1.869s] copying /workspaces/ros2_jazzy_docker/ros2_ws/build/turtlebot3_teleop/build/lib/turtlebot3_teleop/script/__init__.py -> /workspaces/ros2_jazzy_docker/ros2_ws/install/turtlebot3_teleop/lib/python3.12/site-packages/turtlebot3_teleop/script
[1.873s] byte-compiling /workspaces/ros2_jazzy_docker/ros2_ws/install/turtlebot3_teleop/lib/python3.12/site-packages/turtlebot3_teleop/__init__.py to __init__.cpython-312.pyc
[1.875s] byte-compiling /workspaces/ros2_jazzy_docker/ros2_ws/install/turtlebot3_teleop/lib/python3.12/site-packages/turtlebot3_teleop/script/teleop_keyboard.py to teleop_keyboard.cpython-312.pyc
[1.877s] byte-compiling /workspaces/ros2_jazzy_docker/ros2_ws/install/turtlebot3_teleop/lib/python3.12/site-packages/turtlebot3_teleop/script/__init__.py to __init__.cpython-312.pyc
[1.884s] running install_data
[1.885s] creating /workspaces/ros2_jazzy_docker/ros2_ws/install/turtlebot3_teleop/share/ament_index
[1.889s] creating /workspaces/ros2_jazzy_docker/ros2_ws/install/turtlebot3_teleop/share/ament_index/resource_index
[1.889s] creating /workspaces/ros2_jazzy_docker/ros2_ws/install/turtlebot3_teleop/share/ament_index/resource_index/packages
[1.890s] copying resource/turtlebot3_teleop -> /workspaces/ros2_jazzy_docker/ros2_ws/install/turtlebot3_teleop/share/ament_index/resource_index/packages
[1.891s] copying package.xml -> /workspaces/ros2_jazzy_docker/ros2_ws/install/turtlebot3_teleop/share/turtlebot3_teleop
[1.891s] running install_egg_info
[1.940s] Copying ../../../build/turtlebot3_teleop/turtlebot3_teleop.egg-info to /workspaces/ros2_jazzy_docker/ros2_ws/install/turtlebot3_teleop/lib/python3.12/site-packages/turtlebot3_teleop-2.3.7-py3.12.egg-info
[1.950s] running install_scripts
[2.019s] Installing teleop_keyboard script to /workspaces/ros2_jazzy_docker/ros2_ws/install/turtlebot3_teleop/lib/turtlebot3_teleop
[2.021s] writing list of installed files to '/workspaces/ros2_jazzy_docker/ros2_ws/build/turtlebot3_teleop/install.log'
[2.052s] Invoked command in '/workspaces/ros2_jazzy_docker/ros2_ws/src/turtlebot3/turtlebot3_teleop' returned '0': PYTHONPATH=/workspaces/ros2_jazzy_docker/ros2_ws/build/turtlebot3_teleop/prefix_override:/usr/lib/python3/dist-packages/colcon_core/task/python/colcon_distutils_commands:/workspaces/ros2_jazzy_docker/ros2_ws/install/turtlebot3_teleop/lib/python3.12/site-packages:${PYTHONPATH} /usr/bin/python3 -W ignore:setup.py install is deprecated -W ignore:easy_install command is deprecated setup.py egg_info --egg-base ../../../build/turtlebot3_teleop build --build-base /workspaces/ros2_jazzy_docker/ros2_ws/build/turtlebot3_teleop/build install --record /workspaces/ros2_jazzy_docker/ros2_ws/build/turtlebot3_teleop/install.log --install-scripts $base/lib/turtlebot3_teleop --single-version-externally-managed install_data
