[0.060s] Invoking command in '/workspaces/ros2_jazzy_docker/ros2_ws/build/turtlebot3_cartographer': CMAKE_PREFIX_PATH=${CMAKE_PREFIX_PATH}:/workspaces/ros2_jazzy_docker/ros2_ws/install/turtlebot3_teleop:/workspaces/ros2_jazzy_docker/ros2_ws/install/turtlebot3_example:/workspaces/ros2_jazzy_docker/ros2_ws/src/install/turtlebot3_teleop:/workspaces/ros2_jazzy_docker/ros2_ws/src/install/turtlebot3_example:/workspaces/ros2_jazzy_docker/ros2_ws/src/install/turtleboot3_autonomous_nav:/workspaces/ros2_jazzy_docker/ros2_ws/src/install/turtle_py:/workspaces/ros2_jazzy_docker/ros2_ws/src/install/stage_autonomous_nav:/workspaces/ros2_jazzy_docker/ros2_ws/install/turtleboot3_autonomous_nav:/workspaces/ros2_jazzy_docker/ros2_ws/install/turtle_py:/workspaces/ros2_jazzy_docker/ros2_ws/install/stage_autonomous_nav:/opt/ros/jazzy /usr/bin/cmake /workspaces/ros2_jazzy_docker/ros2_ws/src/turtlebot3/turtlebot3_cartographer -DCMAKE_INSTALL_PREFIX=/workspaces/ros2_jazzy_docker/ros2_ws/install/turtlebot3_cartographer
[0.373s] -- The C compiler identification is GNU 13.3.0
[0.466s] -- The CXX compiler identification is GNU 13.3.0
[0.524s] -- Detecting C compiler ABI info
[0.729s] -- Detecting C compiler ABI info - done
[0.783s] -- Check for working C compiler: /usr/bin/cc - skipped
[0.785s] -- Detecting C compile features
[0.786s] -- Detecting C compile features - done
[0.864s] -- Detecting CXX compiler ABI info
[1.092s] -- Detecting CXX compiler ABI info - done
[1.144s] -- Check for working CXX compiler: /usr/bin/c++ - skipped
[1.146s] -- Detecting CXX compile features
[1.148s] -- Detecting CXX compile features - done
[1.192s] -- Found ament_cmake: 2.5.6 (/opt/ros/jazzy/share/ament_cmake/cmake)
[5.942s] -- Found Python3: /usr/bin/python3 (found version "3.12.3") found components: Interpreter 
[6.523s] -- Configuring done (6.5s)
[6.581s] -- Generating done (0.1s)
[6.618s] -- Build files have been written to: /workspaces/ros2_jazzy_docker/ros2_ws/build/turtlebot3_cartographer
[6.652s] Invoked command in '/workspaces/ros2_jazzy_docker/ros2_ws/build/turtlebot3_cartographer' returned '0': CMAKE_PREFIX_PATH=${CMAKE_PREFIX_PATH}:/workspaces/ros2_jazzy_docker/ros2_ws/install/turtlebot3_teleop:/workspaces/ros2_jazzy_docker/ros2_ws/install/turtlebot3_example:/workspaces/ros2_jazzy_docker/ros2_ws/src/install/turtlebot3_teleop:/workspaces/ros2_jazzy_docker/ros2_ws/src/install/turtlebot3_example:/workspaces/ros2_jazzy_docker/ros2_ws/src/install/turtleboot3_autonomous_nav:/workspaces/ros2_jazzy_docker/ros2_ws/src/install/turtle_py:/workspaces/ros2_jazzy_docker/ros2_ws/src/install/stage_autonomous_nav:/workspaces/ros2_jazzy_docker/ros2_ws/install/turtleboot3_autonomous_nav:/workspaces/ros2_jazzy_docker/ros2_ws/install/turtle_py:/workspaces/ros2_jazzy_docker/ros2_ws/install/stage_autonomous_nav:/opt/ros/jazzy /usr/bin/cmake /workspaces/ros2_jazzy_docker/ros2_ws/src/turtlebot3/turtlebot3_cartographer -DCMAKE_INSTALL_PREFIX=/workspaces/ros2_jazzy_docker/ros2_ws/install/turtlebot3_cartographer
[6.658s] Invoking command in '/workspaces/ros2_jazzy_docker/ros2_ws/build/turtlebot3_cartographer': CMAKE_PREFIX_PATH=${CMAKE_PREFIX_PATH}:/workspaces/ros2_jazzy_docker/ros2_ws/install/turtlebot3_teleop:/workspaces/ros2_jazzy_docker/ros2_ws/install/turtlebot3_example:/workspaces/ros2_jazzy_docker/ros2_ws/src/install/turtlebot3_teleop:/workspaces/ros2_jazzy_docker/ros2_ws/src/install/turtlebot3_example:/workspaces/ros2_jazzy_docker/ros2_ws/src/install/turtleboot3_autonomous_nav:/workspaces/ros2_jazzy_docker/ros2_ws/src/install/turtle_py:/workspaces/ros2_jazzy_docker/ros2_ws/src/install/stage_autonomous_nav:/workspaces/ros2_jazzy_docker/ros2_ws/install/turtleboot3_autonomous_nav:/workspaces/ros2_jazzy_docker/ros2_ws/install/turtle_py:/workspaces/ros2_jazzy_docker/ros2_ws/install/stage_autonomous_nav:/opt/ros/jazzy /usr/bin/cmake --build /workspaces/ros2_jazzy_docker/ros2_ws/build/turtlebot3_cartographer -- -j12 -l12
[6.744s] Invoked command in '/workspaces/ros2_jazzy_docker/ros2_ws/build/turtlebot3_cartographer' returned '0': CMAKE_PREFIX_PATH=${CMAKE_PREFIX_PATH}:/workspaces/ros2_jazzy_docker/ros2_ws/install/turtlebot3_teleop:/workspaces/ros2_jazzy_docker/ros2_ws/install/turtlebot3_example:/workspaces/ros2_jazzy_docker/ros2_ws/src/install/turtlebot3_teleop:/workspaces/ros2_jazzy_docker/ros2_ws/src/install/turtlebot3_example:/workspaces/ros2_jazzy_docker/ros2_ws/src/install/turtleboot3_autonomous_nav:/workspaces/ros2_jazzy_docker/ros2_ws/src/install/turtle_py:/workspaces/ros2_jazzy_docker/ros2_ws/src/install/stage_autonomous_nav:/workspaces/ros2_jazzy_docker/ros2_ws/install/turtleboot3_autonomous_nav:/workspaces/ros2_jazzy_docker/ros2_ws/install/turtle_py:/workspaces/ros2_jazzy_docker/ros2_ws/install/stage_autonomous_nav:/opt/ros/jazzy /usr/bin/cmake --build /workspaces/ros2_jazzy_docker/ros2_ws/build/turtlebot3_cartographer -- -j12 -l12
[6.747s] Invoking command in '/workspaces/ros2_jazzy_docker/ros2_ws/build/turtlebot3_cartographer': CMAKE_PREFIX_PATH=${CMAKE_PREFIX_PATH}:/workspaces/ros2_jazzy_docker/ros2_ws/install/turtlebot3_teleop:/workspaces/ros2_jazzy_docker/ros2_ws/install/turtlebot3_example:/workspaces/ros2_jazzy_docker/ros2_ws/src/install/turtlebot3_teleop:/workspaces/ros2_jazzy_docker/ros2_ws/src/install/turtlebot3_example:/workspaces/ros2_jazzy_docker/ros2_ws/src/install/turtleboot3_autonomous_nav:/workspaces/ros2_jazzy_docker/ros2_ws/src/install/turtle_py:/workspaces/ros2_jazzy_docker/ros2_ws/src/install/stage_autonomous_nav:/workspaces/ros2_jazzy_docker/ros2_ws/install/turtleboot3_autonomous_nav:/workspaces/ros2_jazzy_docker/ros2_ws/install/turtle_py:/workspaces/ros2_jazzy_docker/ros2_ws/install/stage_autonomous_nav:/opt/ros/jazzy /usr/bin/cmake --install /workspaces/ros2_jazzy_docker/ros2_ws/build/turtlebot3_cartographer
[6.775s] -- Install configuration: ""
[6.776s] -- Installing: /workspaces/ros2_jazzy_docker/ros2_ws/install/turtlebot3_cartographer/share/turtlebot3_cartographer/config
[6.782s] -- Installing: /workspaces/ros2_jazzy_docker/ros2_ws/install/turtlebot3_cartographer/share/turtlebot3_cartographer/config/turtlebot3_lds_2d.lua
[6.784s] -- Installing: /workspaces/ros2_jazzy_docker/ros2_ws/install/turtlebot3_cartographer/share/turtlebot3_cartographer/launch
[6.794s] -- Installing: /workspaces/ros2_jazzy_docker/ros2_ws/install/turtlebot3_cartographer/share/turtlebot3_cartographer/launch/occupancy_grid.launch.py
[6.800s] -- Installing: /workspaces/ros2_jazzy_docker/ros2_ws/install/turtlebot3_cartographer/share/turtlebot3_cartographer/launch/cartographer.launch.py
[6.803s] -- Installing: /workspaces/ros2_jazzy_docker/ros2_ws/install/turtlebot3_cartographer/share/turtlebot3_cartographer/rviz
[6.806s] -- Installing: /workspaces/ros2_jazzy_docker/ros2_ws/install/turtlebot3_cartographer/share/turtlebot3_cartographer/rviz/tb3_cartographer.rviz
[6.815s] -- Installing: /workspaces/ros2_jazzy_docker/ros2_ws/install/turtlebot3_cartographer/share/ament_index/resource_index/package_run_dependencies/turtlebot3_cartographer
[6.821s] -- Installing: /workspaces/ros2_jazzy_docker/ros2_ws/install/turtlebot3_cartographer/share/ament_index/resource_index/parent_prefix_path/turtlebot3_cartographer
[6.833s] -- Installing: /workspaces/ros2_jazzy_docker/ros2_ws/install/turtlebot3_cartographer/share/turtlebot3_cartographer/environment/ament_prefix_path.sh
[6.835s] -- Installing: /workspaces/ros2_jazzy_docker/ros2_ws/install/turtlebot3_cartographer/share/turtlebot3_cartographer/environment/ament_prefix_path.dsv
[6.841s] -- Installing: /workspaces/ros2_jazzy_docker/ros2_ws/install/turtlebot3_cartographer/share/turtlebot3_cartographer/environment/path.sh
[6.843s] -- Installing: /workspaces/ros2_jazzy_docker/ros2_ws/install/turtlebot3_cartographer/share/turtlebot3_cartographer/environment/path.dsv
[6.852s] -- Installing: /workspaces/ros2_jazzy_docker/ros2_ws/install/turtlebot3_cartographer/share/turtlebot3_cartographer/local_setup.bash
[6.859s] -- Installing: /workspaces/ros2_jazzy_docker/ros2_ws/install/turtlebot3_cartographer/share/turtlebot3_cartographer/local_setup.sh
[6.861s] -- Installing: /workspaces/ros2_jazzy_docker/ros2_ws/install/turtlebot3_cartographer/share/turtlebot3_cartographer/local_setup.zsh
[6.863s] -- Installing: /workspaces/ros2_jazzy_docker/ros2_ws/install/turtlebot3_cartographer/share/turtlebot3_cartographer/local_setup.dsv
[6.869s] -- Installing: /workspaces/ros2_jazzy_docker/ros2_ws/install/turtlebot3_cartographer/share/turtlebot3_cartographer/package.dsv
[6.879s] -- Installing: /workspaces/ros2_jazzy_docker/ros2_ws/install/turtlebot3_cartographer/share/ament_index/resource_index/packages/turtlebot3_cartographer
[6.885s] -- Installing: /workspaces/ros2_jazzy_docker/ros2_ws/install/turtlebot3_cartographer/share/turtlebot3_cartographer/cmake/turtlebot3_cartographerConfig.cmake
[6.888s] -- Installing: /workspaces/ros2_jazzy_docker/ros2_ws/install/turtlebot3_cartographer/share/turtlebot3_cartographer/cmake/turtlebot3_cartographerConfig-version.cmake
[6.892s] -- Installing: /workspaces/ros2_jazzy_docker/ros2_ws/install/turtlebot3_cartographer/share/turtlebot3_cartographer/package.xml
[6.900s] Invoked command in '/workspaces/ros2_jazzy_docker/ros2_ws/build/turtlebot3_cartographer' returned '0': CMAKE_PREFIX_PATH=${CMAKE_PREFIX_PATH}:/workspaces/ros2_jazzy_docker/ros2_ws/install/turtlebot3_teleop:/workspaces/ros2_jazzy_docker/ros2_ws/install/turtlebot3_example:/workspaces/ros2_jazzy_docker/ros2_ws/src/install/turtlebot3_teleop:/workspaces/ros2_jazzy_docker/ros2_ws/src/install/turtlebot3_example:/workspaces/ros2_jazzy_docker/ros2_ws/src/install/turtleboot3_autonomous_nav:/workspaces/ros2_jazzy_docker/ros2_ws/src/install/turtle_py:/workspaces/ros2_jazzy_docker/ros2_ws/src/install/stage_autonomous_nav:/workspaces/ros2_jazzy_docker/ros2_ws/install/turtleboot3_autonomous_nav:/workspaces/ros2_jazzy_docker/ros2_ws/install/turtle_py:/workspaces/ros2_jazzy_docker/ros2_ws/install/stage_autonomous_nav:/opt/ros/jazzy /usr/bin/cmake --install /workspaces/ros2_jazzy_docker/ros2_ws/build/turtlebot3_cartographer
