[1.289s] Invoking command in '/workspaces/ros2_jazzy_docker/ros2_ws/src/turtlebot3/turtlebot3_example': CMAKE_PREFIX_PATH=/workspaces/ros2_jazzy_docker/ros2_ws/install/turtlebot3_msgs:/workspaces/ros2_jazzy_docker/ros2_ws/install/turtlebot3:/workspaces/ros2_jazzy_docker/ros2_ws/install/turtlebot3_simulations:/workspaces/ros2_jazzy_docker/ros2_ws/install/turtlebot3_bringup:/workspaces/ros2_jazzy_docker/ros2_ws/install/turtlebot3_node:/workspaces/ros2_jazzy_docker/ros2_ws/install/turtlebot3_navigation2:/workspaces/ros2_jazzy_docker/ros2_ws/install/turtlebot3_fake_node:/workspaces/ros2_jazzy_docker/ros2_ws/install/turtlebot3_gazebo:/workspaces/ros2_jazzy_docker/ros2_ws/install/turtlebot3_description:/workspaces/ros2_jazzy_docker/ros2_ws/install/turtlebot3_cartographer:/workspaces/ros2_jazzy_docker/ros2_ws/src/install/turtlebot3:/workspaces/ros2_jazzy_docker/ros2_ws/src/install/turtlebot3_simulations:/workspaces/ros2_jazzy_docker/ros2_ws/src/install/turtlebot3_bringup:/workspaces/ros2_jazzy_docker/ros2_ws/src/install/turtlebot3_node:/workspaces/ros2_jazzy_docker/ros2_ws/src/install/turtlebot3_navigation2:/workspaces/ros2_jazzy_docker/ros2_ws/src/install/turtlebot3_fake_node:/workspaces/ros2_jazzy_docker/ros2_ws/src/install/turtlebot3_msgs:/workspaces/ros2_jazzy_docker/ros2_ws/src/install/turtlebot3_gazebo:/workspaces/ros2_jazzy_docker/ros2_ws/src/install/turtlebot3_description:/workspaces/ros2_jazzy_docker/ros2_ws/src/install/turtlebot3_cartographer:/workspaces/ros2_jazzy_docker/ros2_ws/src/install/stage_ros2:/workspaces/ros2_jazzy_docker/ros2_ws/src/install/stage:/workspaces/ros2_jazzy_docker/ros2_ws/install/stage_ros2:/workspaces/ros2_jazzy_docker/ros2_ws/install/stage:/opt/ros/jazzy/opt/gz_sim_vendor:/opt/ros/jazzy/opt/gz_sensors_vendor:/opt/ros/jazzy/opt/gz_physics_vendor:/opt/ros/jazzy/opt/sdformat_vendor:/opt/ros/jazzy/opt/gz_gui_vendor:/opt/ros/jazzy/opt/gz_transport_vendor:/opt/ros/jazzy/opt/gz_rendering_vendor:/opt/ros/jazzy/opt/gz_plugin_vendor:/opt/ros/jazzy/opt/gz_fuel_tools_vendor:/opt/ros/jazzy/opt/gz_msgs_vendor:/opt/ros/jazzy/opt/gz_common_vendor:/opt/ros/jazzy/opt/gz_math_vendor:/opt/ros/jazzy/opt/gz_utils_vendor:/opt/ros/jazzy/opt/gz_tools_vendor:/opt/ros/jazzy/opt/gz_ogre_next_vendor:/opt/ros/jazzy/opt/gz_dartsim_vendor:/opt/ros/jazzy/opt/gz_cmake_vendor PYTHONPATH=/workspaces/ros2_jazzy_docker/ros2_ws/build/turtlebot3_example/prefix_override:/usr/lib/python3/dist-packages/colcon_core/task/python/colcon_distutils_commands:/workspaces/ros2_jazzy_docker/ros2_ws/install/turtlebot3_example/lib/python3.12/site-packages:/workspaces/ros2_jazzy_docker/ros2_ws/install/turtlebot3_msgs/lib/python3.12/site-packages:/workspaces/ros2_jazzy_docker/ros2_ws/install/turtlebot3_teleop/lib/python3.12/site-packages:/workspaces/ros2_jazzy_docker/ros2_ws/install/turtlebot3_example/lib/python3.12/site-packages:/workspaces/ros2_jazzy_docker/ros2_ws/src/install/turtlebot3_teleop/lib/python3.12/site-packages:/workspaces/ros2_jazzy_docker/ros2_ws/src/install/turtlebot3_example/lib/python3.12/site-packages:/workspaces/ros2_jazzy_docker/ros2_ws/src/install/turtlebot3_msgs/lib/python3.12/site-packages:/workspaces/ros2_jazzy_docker/ros2_ws/src/install/turtleboot3_autonomous_nav/lib/python3.12/site-packages:/workspaces/ros2_jazzy_docker/ros2_ws/src/install/turtle_py/lib/python3.12/site-packages:/workspaces/ros2_jazzy_docker/ros2_ws/src/install/stage_autonomous_nav/lib/python3.12/site-packages:/workspaces/ros2_jazzy_docker/ros2_ws/build/turtleboot3_autonomous_nav:/workspaces/ros2_jazzy_docker/ros2_ws/install/turtleboot3_autonomous_nav/lib/python3.12/site-packages:/workspaces/ros2_jazzy_docker/ros2_ws/build/turtle_py:/workspaces/ros2_jazzy_docker/ros2_ws/install/turtle_py/lib/python3.12/site-packages:/workspaces/ros2_jazzy_docker/ros2_ws/build/stage_autonomous_nav:/workspaces/ros2_jazzy_docker/ros2_ws/install/stage_autonomous_nav/lib/python3.12/site-packages:/opt/ros/jazzy/lib/python3.12/site-packages /usr/bin/python3 -W ignore:setup.py install is deprecated -W ignore:easy_install command is deprecated setup.py egg_info --egg-base ../../../build/turtlebot3_example build --build-base /workspaces/ros2_jazzy_docker/ros2_ws/build/turtlebot3_example/build install --record /workspaces/ros2_jazzy_docker/ros2_ws/build/turtlebot3_example/install.log --install-scripts $base/lib/turtlebot3_example --single-version-externally-managed install_data
[1.496s] running egg_info
[1.497s] creating ../../../build/turtlebot3_example/turtlebot3_example.egg-info
[1.508s] writing ../../../build/turtlebot3_example/turtlebot3_example.egg-info/PKG-INFO
[1.510s] writing dependency_links to ../../../build/turtlebot3_example/turtlebot3_example.egg-info/dependency_links.txt
[1.510s] writing entry points to ../../../build/turtlebot3_example/turtlebot3_example.egg-info/entry_points.txt
[1.511s] writing requirements to ../../../build/turtlebot3_example/turtlebot3_example.egg-info/requires.txt
[1.512s] writing top-level names to ../../../build/turtlebot3_example/turtlebot3_example.egg-info/top_level.txt
[1.562s] writing manifest file '../../../build/turtlebot3_example/turtlebot3_example.egg-info/SOURCES.txt'
[1.588s] reading manifest file '../../../build/turtlebot3_example/turtlebot3_example.egg-info/SOURCES.txt'
[1.591s] writing manifest file '../../../build/turtlebot3_example/turtlebot3_example.egg-info/SOURCES.txt'
[1.593s] running build
[1.594s] running build_py
[1.596s] creating /workspaces/ros2_jazzy_docker/ros2_ws/build/turtlebot3_example/build
[1.598s] creating /workspaces/ros2_jazzy_docker/ros2_ws/build/turtlebot3_example/build/lib
[1.600s] creating /workspaces/ros2_jazzy_docker/ros2_ws/build/turtlebot3_example/build/lib/turtlebot3_example
[1.602s] copying turtlebot3_example/__init__.py -> /workspaces/ros2_jazzy_docker/ros2_ws/build/turtlebot3_example/build/lib/turtlebot3_example
[1.604s] creating /workspaces/ros2_jazzy_docker/ros2_ws/build/turtlebot3_example/build/lib/turtlebot3_example/turtlebot3_interactive_marker
[1.604s] copying turtlebot3_example/turtlebot3_interactive_marker/__init__.py -> /workspaces/ros2_jazzy_docker/ros2_ws/build/turtlebot3_example/build/lib/turtlebot3_example/turtlebot3_interactive_marker
[1.605s] copying turtlebot3_example/turtlebot3_interactive_marker/turtlebot3_interactive_marker.py -> /workspaces/ros2_jazzy_docker/ros2_ws/build/turtlebot3_example/build/lib/turtlebot3_example/turtlebot3_interactive_marker
[1.607s] creating /workspaces/ros2_jazzy_docker/ros2_ws/build/turtlebot3_example/build/lib/turtlebot3_example/turtlebot3_relative_move
[1.608s] copying turtlebot3_example/turtlebot3_relative_move/__init__.py -> /workspaces/ros2_jazzy_docker/ros2_ws/build/turtlebot3_example/build/lib/turtlebot3_example/turtlebot3_relative_move
[1.609s] copying turtlebot3_example/turtlebot3_relative_move/turtlebot3_relative_move.py -> /workspaces/ros2_jazzy_docker/ros2_ws/build/turtlebot3_example/build/lib/turtlebot3_example/turtlebot3_relative_move
[1.612s] creating /workspaces/ros2_jazzy_docker/ros2_ws/build/turtlebot3_example/build/lib/turtlebot3_example/turtlebot3_patrol
[1.613s] copying turtlebot3_example/turtlebot3_patrol/__init__.py -> /workspaces/ros2_jazzy_docker/ros2_ws/build/turtlebot3_example/build/lib/turtlebot3_example/turtlebot3_patrol
[1.616s] copying turtlebot3_example/turtlebot3_patrol/turtlebot3_patrol_client.py -> /workspaces/ros2_jazzy_docker/ros2_ws/build/turtlebot3_example/build/lib/turtlebot3_example/turtlebot3_patrol
[1.619s] copying turtlebot3_example/turtlebot3_patrol/turtlebot3_patrol_server.py -> /workspaces/ros2_jazzy_docker/ros2_ws/build/turtlebot3_example/build/lib/turtlebot3_example/turtlebot3_patrol
[1.622s] creating /workspaces/ros2_jazzy_docker/ros2_ws/build/turtlebot3_example/build/lib/turtlebot3_example/turtlebot3_obstacle_detection
[1.624s] copying turtlebot3_example/turtlebot3_obstacle_detection/turtlebot3_obstacle_detection.py -> /workspaces/ros2_jazzy_docker/ros2_ws/build/turtlebot3_example/build/lib/turtlebot3_example/turtlebot3_obstacle_detection
[1.625s] copying turtlebot3_example/turtlebot3_obstacle_detection/__init__.py -> /workspaces/ros2_jazzy_docker/ros2_ws/build/turtlebot3_example/build/lib/turtlebot3_example/turtlebot3_obstacle_detection
[1.628s] creating /workspaces/ros2_jazzy_docker/ros2_ws/build/turtlebot3_example/build/lib/turtlebot3_example/turtlebot3_absolute_move
[1.629s] copying turtlebot3_example/turtlebot3_absolute_move/turtlebot3_absolute_move.py -> /workspaces/ros2_jazzy_docker/ros2_ws/build/turtlebot3_example/build/lib/turtlebot3_example/turtlebot3_absolute_move
[1.632s] copying turtlebot3_example/turtlebot3_absolute_move/__init__.py -> /workspaces/ros2_jazzy_docker/ros2_ws/build/turtlebot3_example/build/lib/turtlebot3_example/turtlebot3_absolute_move
[1.638s] running install
[1.641s] running install_lib
[1.663s] creating /workspaces/ros2_jazzy_docker/ros2_ws/install/turtlebot3_example/lib/python3.12/site-packages/turtlebot3_example
[1.665s] copying /workspaces/ros2_jazzy_docker/ros2_ws/build/turtlebot3_example/build/lib/turtlebot3_example/__init__.py -> /workspaces/ros2_jazzy_docker/ros2_ws/install/turtlebot3_example/lib/python3.12/site-packages/turtlebot3_example
[1.666s] creating /workspaces/ros2_jazzy_docker/ros2_ws/install/turtlebot3_example/lib/python3.12/site-packages/turtlebot3_example/turtlebot3_interactive_marker
[1.667s] copying /workspaces/ros2_jazzy_docker/ros2_ws/build/turtlebot3_example/build/lib/turtlebot3_example/turtlebot3_interactive_marker/__init__.py -> /workspaces/ros2_jazzy_docker/ros2_ws/install/turtlebot3_example/lib/python3.12/site-packages/turtlebot3_example/turtlebot3_interactive_marker
[1.669s] copying /workspaces/ros2_jazzy_docker/ros2_ws/build/turtlebot3_example/build/lib/turtlebot3_example/turtlebot3_interactive_marker/turtlebot3_interactive_marker.py -> /workspaces/ros2_jazzy_docker/ros2_ws/install/turtlebot3_example/lib/python3.12/site-packages/turtlebot3_example/turtlebot3_interactive_marker
[1.671s] creating /workspaces/ros2_jazzy_docker/ros2_ws/install/turtlebot3_example/lib/python3.12/site-packages/turtlebot3_example/turtlebot3_relative_move
[1.672s] copying /workspaces/ros2_jazzy_docker/ros2_ws/build/turtlebot3_example/build/lib/turtlebot3_example/turtlebot3_relative_move/__init__.py -> /workspaces/ros2_jazzy_docker/ros2_ws/install/turtlebot3_example/lib/python3.12/site-packages/turtlebot3_example/turtlebot3_relative_move
[1.673s] copying /workspaces/ros2_jazzy_docker/ros2_ws/build/turtlebot3_example/build/lib/turtlebot3_example/turtlebot3_relative_move/turtlebot3_relative_move.py -> /workspaces/ros2_jazzy_docker/ros2_ws/install/turtlebot3_example/lib/python3.12/site-packages/turtlebot3_example/turtlebot3_relative_move
[1.675s] creating /workspaces/ros2_jazzy_docker/ros2_ws/install/turtlebot3_example/lib/python3.12/site-packages/turtlebot3_example/turtlebot3_patrol
[1.676s] copying /workspaces/ros2_jazzy_docker/ros2_ws/build/turtlebot3_example/build/lib/turtlebot3_example/turtlebot3_patrol/__init__.py -> /workspaces/ros2_jazzy_docker/ros2_ws/install/turtlebot3_example/lib/python3.12/site-packages/turtlebot3_example/turtlebot3_patrol
[1.677s] copying /workspaces/ros2_jazzy_docker/ros2_ws/build/turtlebot3_example/build/lib/turtlebot3_example/turtlebot3_patrol/turtlebot3_patrol_client.py -> /workspaces/ros2_jazzy_docker/ros2_ws/install/turtlebot3_example/lib/python3.12/site-packages/turtlebot3_example/turtlebot3_patrol
[1.679s] copying /workspaces/ros2_jazzy_docker/ros2_ws/build/turtlebot3_example/build/lib/turtlebot3_example/turtlebot3_patrol/turtlebot3_patrol_server.py -> /workspaces/ros2_jazzy_docker/ros2_ws/install/turtlebot3_example/lib/python3.12/site-packages/turtlebot3_example/turtlebot3_patrol
[1.681s] creating /workspaces/ros2_jazzy_docker/ros2_ws/install/turtlebot3_example/lib/python3.12/site-packages/turtlebot3_example/turtlebot3_obstacle_detection
[1.682s] copying /workspaces/ros2_jazzy_docker/ros2_ws/build/turtlebot3_example/build/lib/turtlebot3_example/turtlebot3_obstacle_detection/turtlebot3_obstacle_detection.py -> /workspaces/ros2_jazzy_docker/ros2_ws/install/turtlebot3_example/lib/python3.12/site-packages/turtlebot3_example/turtlebot3_obstacle_detection
[1.684s] copying /workspaces/ros2_jazzy_docker/ros2_ws/build/turtlebot3_example/build/lib/turtlebot3_example/turtlebot3_obstacle_detection/__init__.py -> /workspaces/ros2_jazzy_docker/ros2_ws/install/turtlebot3_example/lib/python3.12/site-packages/turtlebot3_example/turtlebot3_obstacle_detection
[1.688s] creating /workspaces/ros2_jazzy_docker/ros2_ws/install/turtlebot3_example/lib/python3.12/site-packages/turtlebot3_example/turtlebot3_absolute_move
[1.690s] copying /workspaces/ros2_jazzy_docker/ros2_ws/build/turtlebot3_example/build/lib/turtlebot3_example/turtlebot3_absolute_move/turtlebot3_absolute_move.py -> /workspaces/ros2_jazzy_docker/ros2_ws/install/turtlebot3_example/lib/python3.12/site-packages/turtlebot3_example/turtlebot3_absolute_move
[1.692s] copying /workspaces/ros2_jazzy_docker/ros2_ws/build/turtlebot3_example/build/lib/turtlebot3_example/turtlebot3_absolute_move/__init__.py -> /workspaces/ros2_jazzy_docker/ros2_ws/install/turtlebot3_example/lib/python3.12/site-packages/turtlebot3_example/turtlebot3_absolute_move
[1.693s] byte-compiling /workspaces/ros2_jazzy_docker/ros2_ws/install/turtlebot3_example/lib/python3.12/site-packages/turtlebot3_example/__init__.py to __init__.cpython-312.pyc
[1.696s] byte-compiling /workspaces/ros2_jazzy_docker/ros2_ws/install/turtlebot3_example/lib/python3.12/site-packages/turtlebot3_example/turtlebot3_interactive_marker/__init__.py to __init__.cpython-312.pyc
[1.698s] byte-compiling /workspaces/ros2_jazzy_docker/ros2_ws/install/turtlebot3_example/lib/python3.12/site-packages/turtlebot3_example/turtlebot3_interactive_marker/turtlebot3_interactive_marker.py to turtlebot3_interactive_marker.cpython-312.pyc
[1.700s] byte-compiling /workspaces/ros2_jazzy_docker/ros2_ws/install/turtlebot3_example/lib/python3.12/site-packages/turtlebot3_example/turtlebot3_relative_move/__init__.py to __init__.cpython-312.pyc
[1.702s] byte-compiling /workspaces/ros2_jazzy_docker/ros2_ws/install/turtlebot3_example/lib/python3.12/site-packages/turtlebot3_example/turtlebot3_relative_move/turtlebot3_relative_move.py to turtlebot3_relative_move.cpython-312.pyc
[1.705s] byte-compiling /workspaces/ros2_jazzy_docker/ros2_ws/install/turtlebot3_example/lib/python3.12/site-packages/turtlebot3_example/turtlebot3_patrol/__init__.py to __init__.cpython-312.pyc
[1.707s] byte-compiling /workspaces/ros2_jazzy_docker/ros2_ws/install/turtlebot3_example/lib/python3.12/site-packages/turtlebot3_example/turtlebot3_patrol/turtlebot3_patrol_client.py to turtlebot3_patrol_client.cpython-312.pyc
[1.710s] byte-compiling /workspaces/ros2_jazzy_docker/ros2_ws/install/turtlebot3_example/lib/python3.12/site-packages/turtlebot3_example/turtlebot3_patrol/turtlebot3_patrol_server.py to turtlebot3_patrol_server.cpython-312.pyc
[1.712s] byte-compiling /workspaces/ros2_jazzy_docker/ros2_ws/install/turtlebot3_example/lib/python3.12/site-packages/turtlebot3_example/turtlebot3_obstacle_detection/turtlebot3_obstacle_detection.py to turtlebot3_obstacle_detection.cpython-312.pyc
[1.714s] byte-compiling /workspaces/ros2_jazzy_docker/ros2_ws/install/turtlebot3_example/lib/python3.12/site-packages/turtlebot3_example/turtlebot3_obstacle_detection/__init__.py to __init__.cpython-312.pyc
[1.716s] byte-compiling /workspaces/ros2_jazzy_docker/ros2_ws/install/turtlebot3_example/lib/python3.12/site-packages/turtlebot3_example/turtlebot3_absolute_move/turtlebot3_absolute_move.py to turtlebot3_absolute_move.cpython-312.pyc
[1.719s] byte-compiling /workspaces/ros2_jazzy_docker/ros2_ws/install/turtlebot3_example/lib/python3.12/site-packages/turtlebot3_example/turtlebot3_absolute_move/__init__.py to __init__.cpython-312.pyc
[1.720s] running install_data
[1.721s] creating /workspaces/ros2_jazzy_docker/ros2_ws/install/turtlebot3_example/share/ament_index
[1.721s] creating /workspaces/ros2_jazzy_docker/ros2_ws/install/turtlebot3_example/share/ament_index/resource_index
[1.723s] creating /workspaces/ros2_jazzy_docker/ros2_ws/install/turtlebot3_example/share/ament_index/resource_index/packages
[1.724s] copying resource/turtlebot3_example -> /workspaces/ros2_jazzy_docker/ros2_ws/install/turtlebot3_example/share/ament_index/resource_index/packages
[1.725s] copying package.xml -> /workspaces/ros2_jazzy_docker/ros2_ws/install/turtlebot3_example/share/turtlebot3_example
[1.725s] running install_egg_info
[1.739s] Copying ../../../build/turtlebot3_example/turtlebot3_example.egg-info to /workspaces/ros2_jazzy_docker/ros2_ws/install/turtlebot3_example/lib/python3.12/site-packages/turtlebot3_example-2.3.7-py3.12.egg-info
[1.752s] running install_scripts
[1.785s] Installing turtlebot3_absolute_move script to /workspaces/ros2_jazzy_docker/ros2_ws/install/turtlebot3_example/lib/turtlebot3_example
[1.786s] Installing turtlebot3_interactive_marker script to /workspaces/ros2_jazzy_docker/ros2_ws/install/turtlebot3_example/lib/turtlebot3_example
[1.787s] Installing turtlebot3_obstacle_detection script to /workspaces/ros2_jazzy_docker/ros2_ws/install/turtlebot3_example/lib/turtlebot3_example
[1.788s] Installing turtlebot3_patrol_client script to /workspaces/ros2_jazzy_docker/ros2_ws/install/turtlebot3_example/lib/turtlebot3_example
[1.789s] Installing turtlebot3_patrol_server script to /workspaces/ros2_jazzy_docker/ros2_ws/install/turtlebot3_example/lib/turtlebot3_example
[1.790s] Installing turtlebot3_relative_move script to /workspaces/ros2_jazzy_docker/ros2_ws/install/turtlebot3_example/lib/turtlebot3_example
[1.793s] writing list of installed files to '/workspaces/ros2_jazzy_docker/ros2_ws/build/turtlebot3_example/install.log'
[1.823s] Invoked command in '/workspaces/ros2_jazzy_docker/ros2_ws/src/turtlebot3/turtlebot3_example' returned '0': CMAKE_PREFIX_PATH=/workspaces/ros2_jazzy_docker/ros2_ws/install/turtlebot3_msgs:/workspaces/ros2_jazzy_docker/ros2_ws/install/turtlebot3:/workspaces/ros2_jazzy_docker/ros2_ws/install/turtlebot3_simulations:/workspaces/ros2_jazzy_docker/ros2_ws/install/turtlebot3_bringup:/workspaces/ros2_jazzy_docker/ros2_ws/install/turtlebot3_node:/workspaces/ros2_jazzy_docker/ros2_ws/install/turtlebot3_navigation2:/workspaces/ros2_jazzy_docker/ros2_ws/install/turtlebot3_fake_node:/workspaces/ros2_jazzy_docker/ros2_ws/install/turtlebot3_gazebo:/workspaces/ros2_jazzy_docker/ros2_ws/install/turtlebot3_description:/workspaces/ros2_jazzy_docker/ros2_ws/install/turtlebot3_cartographer:/workspaces/ros2_jazzy_docker/ros2_ws/src/install/turtlebot3:/workspaces/ros2_jazzy_docker/ros2_ws/src/install/turtlebot3_simulations:/workspaces/ros2_jazzy_docker/ros2_ws/src/install/turtlebot3_bringup:/workspaces/ros2_jazzy_docker/ros2_ws/src/install/turtlebot3_node:/workspaces/ros2_jazzy_docker/ros2_ws/src/install/turtlebot3_navigation2:/workspaces/ros2_jazzy_docker/ros2_ws/src/install/turtlebot3_fake_node:/workspaces/ros2_jazzy_docker/ros2_ws/src/install/turtlebot3_msgs:/workspaces/ros2_jazzy_docker/ros2_ws/src/install/turtlebot3_gazebo:/workspaces/ros2_jazzy_docker/ros2_ws/src/install/turtlebot3_description:/workspaces/ros2_jazzy_docker/ros2_ws/src/install/turtlebot3_cartographer:/workspaces/ros2_jazzy_docker/ros2_ws/src/install/stage_ros2:/workspaces/ros2_jazzy_docker/ros2_ws/src/install/stage:/workspaces/ros2_jazzy_docker/ros2_ws/install/stage_ros2:/workspaces/ros2_jazzy_docker/ros2_ws/install/stage:/opt/ros/jazzy/opt/gz_sim_vendor:/opt/ros/jazzy/opt/gz_sensors_vendor:/opt/ros/jazzy/opt/gz_physics_vendor:/opt/ros/jazzy/opt/sdformat_vendor:/opt/ros/jazzy/opt/gz_gui_vendor:/opt/ros/jazzy/opt/gz_transport_vendor:/opt/ros/jazzy/opt/gz_rendering_vendor:/opt/ros/jazzy/opt/gz_plugin_vendor:/opt/ros/jazzy/opt/gz_fuel_tools_vendor:/opt/ros/jazzy/opt/gz_msgs_vendor:/opt/ros/jazzy/opt/gz_common_vendor:/opt/ros/jazzy/opt/gz_math_vendor:/opt/ros/jazzy/opt/gz_utils_vendor:/opt/ros/jazzy/opt/gz_tools_vendor:/opt/ros/jazzy/opt/gz_ogre_next_vendor:/opt/ros/jazzy/opt/gz_dartsim_vendor:/opt/ros/jazzy/opt/gz_cmake_vendor PYTHONPATH=/workspaces/ros2_jazzy_docker/ros2_ws/build/turtlebot3_example/prefix_override:/usr/lib/python3/dist-packages/colcon_core/task/python/colcon_distutils_commands:/workspaces/ros2_jazzy_docker/ros2_ws/install/turtlebot3_example/lib/python3.12/site-packages:/workspaces/ros2_jazzy_docker/ros2_ws/install/turtlebot3_msgs/lib/python3.12/site-packages:/workspaces/ros2_jazzy_docker/ros2_ws/install/turtlebot3_teleop/lib/python3.12/site-packages:/workspaces/ros2_jazzy_docker/ros2_ws/install/turtlebot3_example/lib/python3.12/site-packages:/workspaces/ros2_jazzy_docker/ros2_ws/src/install/turtlebot3_teleop/lib/python3.12/site-packages:/workspaces/ros2_jazzy_docker/ros2_ws/src/install/turtlebot3_example/lib/python3.12/site-packages:/workspaces/ros2_jazzy_docker/ros2_ws/src/install/turtlebot3_msgs/lib/python3.12/site-packages:/workspaces/ros2_jazzy_docker/ros2_ws/src/install/turtleboot3_autonomous_nav/lib/python3.12/site-packages:/workspaces/ros2_jazzy_docker/ros2_ws/src/install/turtle_py/lib/python3.12/site-packages:/workspaces/ros2_jazzy_docker/ros2_ws/src/install/stage_autonomous_nav/lib/python3.12/site-packages:/workspaces/ros2_jazzy_docker/ros2_ws/build/turtleboot3_autonomous_nav:/workspaces/ros2_jazzy_docker/ros2_ws/install/turtleboot3_autonomous_nav/lib/python3.12/site-packages:/workspaces/ros2_jazzy_docker/ros2_ws/build/turtle_py:/workspaces/ros2_jazzy_docker/ros2_ws/install/turtle_py/lib/python3.12/site-packages:/workspaces/ros2_jazzy_docker/ros2_ws/build/stage_autonomous_nav:/workspaces/ros2_jazzy_docker/ros2_ws/install/stage_autonomous_nav/lib/python3.12/site-packages:/opt/ros/jazzy/lib/python3.12/site-packages /usr/bin/python3 -W ignore:setup.py install is deprecated -W ignore:easy_install command is deprecated setup.py egg_info --egg-base ../../../build/turtlebot3_example build --build-base /workspaces/ros2_jazzy_docker/ros2_ws/build/turtlebot3_example/build install --record /workspaces/ros2_jazzy_docker/ros2_ws/build/turtlebot3_example/install.log --install-scripts $base/lib/turtlebot3_example --single-version-externally-managed install_data
