[0.053s] Invoking command in '/workspaces/ros2_jazzy_docker/ros2_ws/build/turtlebot3_description': CMAKE_PREFIX_PATH=${CMAKE_PREFIX_PATH}:/workspaces/ros2_jazzy_docker/ros2_ws/install/turtlebot3_teleop:/workspaces/ros2_jazzy_docker/ros2_ws/install/turtlebot3_example:/workspaces/ros2_jazzy_docker/ros2_ws/src/install/turtlebot3_teleop:/workspaces/ros2_jazzy_docker/ros2_ws/src/install/turtlebot3_example:/workspaces/ros2_jazzy_docker/ros2_ws/src/install/turtleboot3_autonomous_nav:/workspaces/ros2_jazzy_docker/ros2_ws/src/install/turtle_py:/workspaces/ros2_jazzy_docker/ros2_ws/src/install/stage_autonomous_nav:/workspaces/ros2_jazzy_docker/ros2_ws/install/turtleboot3_autonomous_nav:/workspaces/ros2_jazzy_docker/ros2_ws/install/turtle_py:/workspaces/ros2_jazzy_docker/ros2_ws/install/stage_autonomous_nav:/opt/ros/jazzy /usr/bin/cmake /workspaces/ros2_jazzy_docker/ros2_ws/src/turtlebot3/turtlebot3_description -DCMAKE_INSTALL_PREFIX=/workspaces/ros2_jazzy_docker/ros2_ws/install/turtlebot3_description
[0.382s] -- The C compiler identification is GNU 13.3.0
[0.413s] -- The CXX compiler identification is GNU 13.3.0
[0.445s] -- Detecting C compiler ABI info
[0.683s] -- Detecting C compiler ABI info - done
[0.708s] -- Check for working C compiler: /usr/bin/cc - skipped
[0.709s] -- Detecting C compile features
[0.709s] -- Detecting C compile features - done
[0.728s] -- Detecting CXX compiler ABI info
[1.029s] -- Detecting CXX compiler ABI info - done
[1.064s] -- Check for working CXX compiler: /usr/bin/c++ - skipped
[1.066s] -- Detecting CXX compile features
[1.069s] -- Detecting CXX compile features - done
[1.101s] -- Found ament_cmake: 2.5.6 (/opt/ros/jazzy/share/ament_cmake/cmake)
[5.692s] -- Found Python3: /usr/bin/python3 (found version "3.12.3") found components: Interpreter 
[6.061s] -- Found urdf: 2.10.1 (/opt/ros/jazzy/share/urdf/cmake)
[6.343s] -- Found TinyXML2 via Config file: /usr/lib/aarch64-linux-gnu/cmake/tinyxml2
[6.557s] -- Configuring done (6.5s)
[6.617s] -- Generating done (0.1s)
[6.674s] -- Build files have been written to: /workspaces/ros2_jazzy_docker/ros2_ws/build/turtlebot3_description
[6.746s] Invoked command in '/workspaces/ros2_jazzy_docker/ros2_ws/build/turtlebot3_description' returned '0': CMAKE_PREFIX_PATH=${CMAKE_PREFIX_PATH}:/workspaces/ros2_jazzy_docker/ros2_ws/install/turtlebot3_teleop:/workspaces/ros2_jazzy_docker/ros2_ws/install/turtlebot3_example:/workspaces/ros2_jazzy_docker/ros2_ws/src/install/turtlebot3_teleop:/workspaces/ros2_jazzy_docker/ros2_ws/src/install/turtlebot3_example:/workspaces/ros2_jazzy_docker/ros2_ws/src/install/turtleboot3_autonomous_nav:/workspaces/ros2_jazzy_docker/ros2_ws/src/install/turtle_py:/workspaces/ros2_jazzy_docker/ros2_ws/src/install/stage_autonomous_nav:/workspaces/ros2_jazzy_docker/ros2_ws/install/turtleboot3_autonomous_nav:/workspaces/ros2_jazzy_docker/ros2_ws/install/turtle_py:/workspaces/ros2_jazzy_docker/ros2_ws/install/stage_autonomous_nav:/opt/ros/jazzy /usr/bin/cmake /workspaces/ros2_jazzy_docker/ros2_ws/src/turtlebot3/turtlebot3_description -DCMAKE_INSTALL_PREFIX=/workspaces/ros2_jazzy_docker/ros2_ws/install/turtlebot3_description
[6.748s] Invoking command in '/workspaces/ros2_jazzy_docker/ros2_ws/build/turtlebot3_description': CMAKE_PREFIX_PATH=${CMAKE_PREFIX_PATH}:/workspaces/ros2_jazzy_docker/ros2_ws/install/turtlebot3_teleop:/workspaces/ros2_jazzy_docker/ros2_ws/install/turtlebot3_example:/workspaces/ros2_jazzy_docker/ros2_ws/src/install/turtlebot3_teleop:/workspaces/ros2_jazzy_docker/ros2_ws/src/install/turtlebot3_example:/workspaces/ros2_jazzy_docker/ros2_ws/src/install/turtleboot3_autonomous_nav:/workspaces/ros2_jazzy_docker/ros2_ws/src/install/turtle_py:/workspaces/ros2_jazzy_docker/ros2_ws/src/install/stage_autonomous_nav:/workspaces/ros2_jazzy_docker/ros2_ws/install/turtleboot3_autonomous_nav:/workspaces/ros2_jazzy_docker/ros2_ws/install/turtle_py:/workspaces/ros2_jazzy_docker/ros2_ws/install/stage_autonomous_nav:/opt/ros/jazzy /usr/bin/cmake --build /workspaces/ros2_jazzy_docker/ros2_ws/build/turtlebot3_description -- -j12 -l12
[6.859s] Invoked command in '/workspaces/ros2_jazzy_docker/ros2_ws/build/turtlebot3_description' returned '0': CMAKE_PREFIX_PATH=${CMAKE_PREFIX_PATH}:/workspaces/ros2_jazzy_docker/ros2_ws/install/turtlebot3_teleop:/workspaces/ros2_jazzy_docker/ros2_ws/install/turtlebot3_example:/workspaces/ros2_jazzy_docker/ros2_ws/src/install/turtlebot3_teleop:/workspaces/ros2_jazzy_docker/ros2_ws/src/install/turtlebot3_example:/workspaces/ros2_jazzy_docker/ros2_ws/src/install/turtleboot3_autonomous_nav:/workspaces/ros2_jazzy_docker/ros2_ws/src/install/turtle_py:/workspaces/ros2_jazzy_docker/ros2_ws/src/install/stage_autonomous_nav:/workspaces/ros2_jazzy_docker/ros2_ws/install/turtleboot3_autonomous_nav:/workspaces/ros2_jazzy_docker/ros2_ws/install/turtle_py:/workspaces/ros2_jazzy_docker/ros2_ws/install/stage_autonomous_nav:/opt/ros/jazzy /usr/bin/cmake --build /workspaces/ros2_jazzy_docker/ros2_ws/build/turtlebot3_description -- -j12 -l12
[6.866s] Invoking command in '/workspaces/ros2_jazzy_docker/ros2_ws/build/turtlebot3_description': CMAKE_PREFIX_PATH=${CMAKE_PREFIX_PATH}:/workspaces/ros2_jazzy_docker/ros2_ws/install/turtlebot3_teleop:/workspaces/ros2_jazzy_docker/ros2_ws/install/turtlebot3_example:/workspaces/ros2_jazzy_docker/ros2_ws/src/install/turtlebot3_teleop:/workspaces/ros2_jazzy_docker/ros2_ws/src/install/turtlebot3_example:/workspaces/ros2_jazzy_docker/ros2_ws/src/install/turtleboot3_autonomous_nav:/workspaces/ros2_jazzy_docker/ros2_ws/src/install/turtle_py:/workspaces/ros2_jazzy_docker/ros2_ws/src/install/stage_autonomous_nav:/workspaces/ros2_jazzy_docker/ros2_ws/install/turtleboot3_autonomous_nav:/workspaces/ros2_jazzy_docker/ros2_ws/install/turtle_py:/workspaces/ros2_jazzy_docker/ros2_ws/install/stage_autonomous_nav:/opt/ros/jazzy /usr/bin/cmake --install /workspaces/ros2_jazzy_docker/ros2_ws/build/turtlebot3_description
[6.875s] -- Install configuration: ""
[6.876s] -- Installing: /workspaces/ros2_jazzy_docker/ros2_ws/install/turtlebot3_description/share/turtlebot3_description/meshes
[6.878s] -- Installing: /workspaces/ros2_jazzy_docker/ros2_ws/install/turtlebot3_description/share/turtlebot3_description/meshes/sensors
[6.882s] -- Installing: /workspaces/ros2_jazzy_docker/ros2_ws/install/turtlebot3_description/share/turtlebot3_description/meshes/sensors/r200.jpg
[6.884s] -- Installing: /workspaces/ros2_jazzy_docker/ros2_ws/install/turtlebot3_description/share/turtlebot3_description/meshes/sensors/astra.jpg
[6.891s] -- Installing: /workspaces/ros2_jazzy_docker/ros2_ws/install/turtlebot3_description/share/turtlebot3_description/meshes/sensors/lds.stl
[6.926s] -- Installing: /workspaces/ros2_jazzy_docker/ros2_ws/install/turtlebot3_description/share/turtlebot3_description/meshes/sensors/r200.dae
[6.945s] -- Installing: /workspaces/ros2_jazzy_docker/ros2_ws/install/turtlebot3_description/share/turtlebot3_description/meshes/sensors/astra.dae
[7.259s] -- Installing: /workspaces/ros2_jazzy_docker/ros2_ws/install/turtlebot3_description/share/turtlebot3_description/meshes/bases
[7.263s] -- Installing: /workspaces/ros2_jazzy_docker/ros2_ws/install/turtlebot3_description/share/turtlebot3_description/meshes/bases/waffle_base.stl
[8.117s] -- Installing: /workspaces/ros2_jazzy_docker/ros2_ws/install/turtlebot3_description/share/turtlebot3_description/meshes/bases/burger_base.stl
[8.263s] -- Installing: /workspaces/ros2_jazzy_docker/ros2_ws/install/turtlebot3_description/share/turtlebot3_description/meshes/bases/waffle_pi_base.stl
[8.455s] -- Installing: /workspaces/ros2_jazzy_docker/ros2_ws/install/turtlebot3_description/share/turtlebot3_description/meshes/wheels
[8.458s] -- Installing: /workspaces/ros2_jazzy_docker/ros2_ws/install/turtlebot3_description/share/turtlebot3_description/meshes/wheels/right_tire.stl
[8.488s] -- Installing: /workspaces/ros2_jazzy_docker/ros2_ws/install/turtlebot3_description/share/turtlebot3_description/meshes/wheels/left_tire.stl
[8.519s] -- Installing: /workspaces/ros2_jazzy_docker/ros2_ws/install/turtlebot3_description/share/turtlebot3_description/rviz
[8.521s] -- Installing: /workspaces/ros2_jazzy_docker/ros2_ws/install/turtlebot3_description/share/turtlebot3_description/rviz/model.rviz
[8.526s] -- Installing: /workspaces/ros2_jazzy_docker/ros2_ws/install/turtlebot3_description/share/turtlebot3_description/urdf
[8.529s] -- Installing: /workspaces/ros2_jazzy_docker/ros2_ws/install/turtlebot3_description/share/turtlebot3_description/urdf/common_properties.urdf
[8.533s] -- Installing: /workspaces/ros2_jazzy_docker/ros2_ws/install/turtlebot3_description/share/turtlebot3_description/urdf/turtlebot3_burger.urdf
[8.537s] -- Installing: /workspaces/ros2_jazzy_docker/ros2_ws/install/turtlebot3_description/share/turtlebot3_description/urdf/turtlebot3_waffle_pi.urdf
[8.542s] -- Installing: /workspaces/ros2_jazzy_docker/ros2_ws/install/turtlebot3_description/share/turtlebot3_description/urdf/turtlebot3_waffle.urdf
[8.550s] -- Installing: /workspaces/ros2_jazzy_docker/ros2_ws/install/turtlebot3_description/share/ament_index/resource_index/package_run_dependencies/turtlebot3_description
[8.561s] -- Installing: /workspaces/ros2_jazzy_docker/ros2_ws/install/turtlebot3_description/share/ament_index/resource_index/parent_prefix_path/turtlebot3_description
[8.572s] -- Installing: /workspaces/ros2_jazzy_docker/ros2_ws/install/turtlebot3_description/share/turtlebot3_description/environment/ament_prefix_path.sh
[8.576s] -- Installing: /workspaces/ros2_jazzy_docker/ros2_ws/install/turtlebot3_description/share/turtlebot3_description/environment/ament_prefix_path.dsv
[8.579s] -- Installing: /workspaces/ros2_jazzy_docker/ros2_ws/install/turtlebot3_description/share/turtlebot3_description/environment/path.sh
[8.586s] -- Installing: /workspaces/ros2_jazzy_docker/ros2_ws/install/turtlebot3_description/share/turtlebot3_description/environment/path.dsv
[8.592s] -- Installing: /workspaces/ros2_jazzy_docker/ros2_ws/install/turtlebot3_description/share/turtlebot3_description/local_setup.bash
[8.598s] -- Installing: /workspaces/ros2_jazzy_docker/ros2_ws/install/turtlebot3_description/share/turtlebot3_description/local_setup.sh
[8.604s] -- Installing: /workspaces/ros2_jazzy_docker/ros2_ws/install/turtlebot3_description/share/turtlebot3_description/local_setup.zsh
[8.609s] -- Installing: /workspaces/ros2_jazzy_docker/ros2_ws/install/turtlebot3_description/share/turtlebot3_description/local_setup.dsv
[8.617s] -- Installing: /workspaces/ros2_jazzy_docker/ros2_ws/install/turtlebot3_description/share/turtlebot3_description/package.dsv
[8.625s] -- Installing: /workspaces/ros2_jazzy_docker/ros2_ws/install/turtlebot3_description/share/ament_index/resource_index/packages/turtlebot3_description
[8.630s] -- Installing: /workspaces/ros2_jazzy_docker/ros2_ws/install/turtlebot3_description/share/turtlebot3_description/cmake/turtlebot3_descriptionConfig.cmake
[8.644s] -- Installing: /workspaces/ros2_jazzy_docker/ros2_ws/install/turtlebot3_description/share/turtlebot3_description/cmake/turtlebot3_descriptionConfig-version.cmake
[8.657s] -- Installing: /workspaces/ros2_jazzy_docker/ros2_ws/install/turtlebot3_description/share/turtlebot3_description/package.xml
[8.695s] Invoked command in '/workspaces/ros2_jazzy_docker/ros2_ws/build/turtlebot3_description' returned '0': CMAKE_PREFIX_PATH=${CMAKE_PREFIX_PATH}:/workspaces/ros2_jazzy_docker/ros2_ws/install/turtlebot3_teleop:/workspaces/ros2_jazzy_docker/ros2_ws/install/turtlebot3_example:/workspaces/ros2_jazzy_docker/ros2_ws/src/install/turtlebot3_teleop:/workspaces/ros2_jazzy_docker/ros2_ws/src/install/turtlebot3_example:/workspaces/ros2_jazzy_docker/ros2_ws/src/install/turtleboot3_autonomous_nav:/workspaces/ros2_jazzy_docker/ros2_ws/src/install/turtle_py:/workspaces/ros2_jazzy_docker/ros2_ws/src/install/stage_autonomous_nav:/workspaces/ros2_jazzy_docker/ros2_ws/install/turtleboot3_autonomous_nav:/workspaces/ros2_jazzy_docker/ros2_ws/install/turtle_py:/workspaces/ros2_jazzy_docker/ros2_ws/install/stage_autonomous_nav:/opt/ros/jazzy /usr/bin/cmake --install /workspaces/ros2_jazzy_docker/ros2_ws/build/turtlebot3_description
