[0.000000] (-) TimerEvent: {}
[0.001556] (-) JobUnselected: {'identifier': 'stage'}
[0.001813] (-) JobUnselected: {'identifier': 'stage_autonomous_nav'}
[0.001869] (-) JobUnselected: {'identifier': 'stage_ros2'}
[0.002206] (-) JobUnselected: {'identifier': 'turtle_py'}
[0.002447] (-) JobUnselected: {'identifier': 'turtlebot3'}
[0.003103] (-) JobUnselected: {'identifier': 'turtlebot3_bringup'}
[0.003187] (-) JobUnselected: {'identifier': 'turtlebot3_cartographer'}
[0.003262] (-) JobUnselected: {'identifier': 'turtlebot3_description'}
[0.003389] (-) JobUnselected: {'identifier': 'turtlebot3_example'}
[0.003473] (-) JobUnselected: {'identifier': 'turtlebot3_fake_node'}
[0.003750] (-) JobUnselected: {'identifier': 'turtlebot3_gazebo'}
[0.003826] (-) JobUnselected: {'identifier': 'turtlebot3_msgs'}
[0.003946] (-) JobUnselected: {'identifier': 'turtlebot3_navigation2'}
[0.004242] (-) JobUnselected: {'identifier': 'turtlebot3_node'}
[0.004300] (-) JobUnselected: {'identifier': 'turtlebot3_simulations'}
[0.004421] (-) JobUnselected: {'identifier': 'turtlebot3_teleop'}
[0.004531] (turtleboot3_autonomous_nav) JobQueued: {'identifier': 'turtleboot3_autonomous_nav', 'dependencies': OrderedDict({'turtlebot3_gazebo': '/workspaces/ros2_jazzy_docker/ros2_ws/install/turtlebot3_gazebo'})}
[0.004603] (turtleboot3_autonomous_nav) JobStarted: {'identifier': 'turtleboot3_autonomous_nav'}
[0.099198] (-) TimerEvent: {}
[0.199438] (-) TimerEvent: {}
[0.299773] (-) TimerEvent: {}
[0.401618] (-) TimerEvent: {}
[0.507928] (-) TimerEvent: {}
[0.608927] (-) TimerEvent: {}
[0.709416] (-) TimerEvent: {}
[0.809713] (-) TimerEvent: {}
[0.910254] (-) TimerEvent: {}
[1.013721] (-) TimerEvent: {}
[1.113981] (-) TimerEvent: {}
[1.211364] (turtleboot3_autonomous_nav) Command: {'cmd': ['/usr/bin/python3', '-W', 'ignore:setup.py install is deprecated', '-W', 'ignore:easy_install command is deprecated', 'setup.py', 'develop', '--editable', '--build-directory', '/workspaces/ros2_jazzy_docker/ros2_ws/build/turtleboot3_autonomous_nav/build', '--no-deps', 'symlink_data'], 'cwd': '/workspaces/ros2_jazzy_docker/ros2_ws/build/turtleboot3_autonomous_nav', 'env': {'GZ_SIM_RESOURCE_PATH': '/opt/ros/jazzy/share', 'GZ_CONFIG_PATH': '/opt/ros/jazzy/opt/gz_sim_vendor/share/gz:/opt/ros/jazzy/opt/sdformat_vendor/share/gz:/opt/ros/jazzy/opt/gz_gui_vendor/share/gz:/opt/ros/jazzy/opt/gz_transport_vendor/share/gz:/opt/ros/jazzy/opt/gz_rendering_vendor/share/gz:/opt/ros/jazzy/opt/gz_plugin_vendor/share/gz:/opt/ros/jazzy/opt/gz_fuel_tools_vendor/share/gz:/opt/ros/jazzy/opt/gz_msgs_vendor/share/gz:/opt/ros/jazzy/opt/gz_common_vendor/share/gz', 'HOSTNAME': 'd190ba28d903', 'ROS_PACKAGE_PATH': '/workspaces/ros2_jazzy_docker/ros2_ws/install/stage/share', 'SHLVL': '1', 'LD_LIBRARY_PATH': '/workspaces/ros2_jazzy_docker/ros2_ws/install/turtlebot3_msgs/lib:/workspaces/ros2_jazzy_docker/ros2_ws/install/stage_ros2/lib:/workspaces/ros2_jazzy_docker/ros2_ws/install/stage/lib:/opt/ros/jazzy/opt/gz_sim_vendor/lib:/opt/ros/jazzy/opt/gz_sensors_vendor/lib:/opt/ros/jazzy/opt/gz_physics_vendor/lib:/opt/ros/jazzy/opt/sdformat_vendor/lib:/opt/ros/jazzy/opt/rviz_ogre_vendor/lib:/opt/ros/jazzy/lib/aarch64-linux-gnu:/opt/ros/jazzy/opt/gz_gui_vendor/lib:/opt/ros/jazzy/opt/gz_transport_vendor/lib:/opt/ros/jazzy/opt/gz_rendering_vendor/lib:/opt/ros/jazzy/opt/gz_plugin_vendor/lib:/opt/ros/jazzy/opt/gz_fuel_tools_vendor/lib:/opt/ros/jazzy/opt/gz_msgs_vendor/lib:/opt/ros/jazzy/opt/gz_common_vendor/lib:/opt/ros/jazzy/opt/gz_math_vendor/lib:/opt/ros/jazzy/opt/gz_utils_vendor/lib:/opt/ros/jazzy/opt/gz_tools_vendor/lib:/opt/ros/jazzy/opt/gz_ogre_next_vendor/lib:/opt/ros/jazzy/opt/gz_dartsim_vendor/lib:/opt/ros/jazzy/opt/gz_cmake_vendor/lib:/opt/ros/jazzy/lib', 'HOME': '/home/ros', 'OLDPWD': '/ros2_ws', 'ROS_PYTHON_VERSION': '3', 'COLCON_PREFIX_PATH': '/home/ros/tb3_dependencies/install:/workspaces/ros2_jazzy_docker/ros2_ws/install', 'ROS_DISTRO': 'jazzy', '_': '/usr/bin/colcon', 'ROS_VERSION': '2', 'PKG_CONFIG_PATH': '/workspaces/ros2_jazzy_docker/ros2_ws/install/stage/lib/aarch64-linux-gnu/pkgconfig:/workspaces/ros2_jazzy_docker/ros2_ws/install/stage/lib/pkgconfig', 'PATH': '/workspaces/ros2_jazzy_docker/ros2_ws/install/stage/bin:/opt/ros/jazzy/opt/gz_msgs_vendor/bin:/opt/ros/jazzy/opt/gz_tools_vendor/bin:/opt/ros/jazzy/opt/gz_ogre_next_vendor/bin:/opt/ros/jazzy/bin:/usr/local/sbin:/usr/local/bin:/usr/sbin:/usr/bin:/sbin:/bin', 'LANG': 'C.UTF-8', 'AMENT_PREFIX_PATH': '/home/ros/tb3_dependencies/install/turtlebot3_gazebo:/workspaces/ros2_jazzy_docker/ros2_ws/install/turtlebot3:/workspaces/ros2_jazzy_docker/ros2_ws/install/turtlebot3_teleop:/workspaces/ros2_jazzy_docker/ros2_ws/install/turtlebot3_simulations:/workspaces/ros2_jazzy_docker/ros2_ws/install/turtlebot3_bringup:/workspaces/ros2_jazzy_docker/ros2_ws/install/turtlebot3_node:/workspaces/ros2_jazzy_docker/ros2_ws/install/turtlebot3_navigation2:/workspaces/ros2_jazzy_docker/ros2_ws/install/turtlebot3_fake_node:/workspaces/ros2_jazzy_docker/ros2_ws/install/turtlebot3_example:/workspaces/ros2_jazzy_docker/ros2_ws/install/turtlebot3_msgs:/workspaces/ros2_jazzy_docker/ros2_ws/install/turtleboot3_autonomous_nav:/workspaces/ros2_jazzy_docker/ros2_ws/install/turtlebot3_gazebo:/workspaces/ros2_jazzy_docker/ros2_ws/install/turtlebot3_description:/workspaces/ros2_jazzy_docker/ros2_ws/install/turtlebot3_cartographer:/workspaces/ros2_jazzy_docker/ros2_ws/install/turtle_py:/workspaces/ros2_jazzy_docker/ros2_ws/install/stage_autonomous_nav:/workspaces/ros2_jazzy_docker/ros2_ws/install/stage_ros2:/opt/ros/jazzy', 'DEBIAN_FRONTEND': 'noninteractive', 'ROS_AUTOMATIC_DISCOVERY_RANGE': 'SUBNET', 'PWD': '/workspaces/ros2_jazzy_docker/ros2_ws/build/turtleboot3_autonomous_nav', 'LC_ALL': 'C.UTF-8', 'PYTHONPATH': '/workspaces/ros2_jazzy_docker/ros2_ws/build/turtleboot3_autonomous_nav/prefix_override:/usr/lib/python3/dist-packages/colcon_core/task/python/colcon_distutils_commands:/workspaces/ros2_jazzy_docker/ros2_ws/install/turtleboot3_autonomous_nav/lib/python3.12/site-packages:/workspaces/ros2_jazzy_docker/ros2_ws/install/turtlebot3_teleop/lib/python3.12/site-packages:/workspaces/ros2_jazzy_docker/ros2_ws/install/turtlebot3_example/lib/python3.12/site-packages:/workspaces/ros2_jazzy_docker/ros2_ws/install/turtlebot3_msgs/lib/python3.12/site-packages:/workspaces/ros2_jazzy_docker/ros2_ws/build/turtleboot3_autonomous_nav:/workspaces/ros2_jazzy_docker/ros2_ws/install/turtleboot3_autonomous_nav/lib/python3.12/site-packages:/workspaces/ros2_jazzy_docker/ros2_ws/install/turtle_py/lib/python3.12/site-packages:/workspaces/ros2_jazzy_docker/ros2_ws/install/stage_autonomous_nav/lib/python3.12/site-packages:/opt/ros/jazzy/lib/python3.12/site-packages', 'COLCON': '1', 'CMAKE_PREFIX_PATH': '/workspaces/ros2_jazzy_docker/ros2_ws/install/turtlebot3_gazebo:/home/ros/tb3_dependencies/install/turtlebot3_gazebo:/workspaces/ros2_jazzy_docker/ros2_ws/install/turtlebot3:/workspaces/ros2_jazzy_docker/ros2_ws/install/turtlebot3_simulations:/workspaces/ros2_jazzy_docker/ros2_ws/install/turtlebot3_bringup:/workspaces/ros2_jazzy_docker/ros2_ws/install/turtlebot3_node:/workspaces/ros2_jazzy_docker/ros2_ws/install/turtlebot3_navigation2:/workspaces/ros2_jazzy_docker/ros2_ws/install/turtlebot3_fake_node:/workspaces/ros2_jazzy_docker/ros2_ws/install/turtlebot3_msgs:/workspaces/ros2_jazzy_docker/ros2_ws/install/turtlebot3_description:/workspaces/ros2_jazzy_docker/ros2_ws/install/turtlebot3_cartographer:/workspaces/ros2_jazzy_docker/ros2_ws/install/stage_ros2:/workspaces/ros2_jazzy_docker/ros2_ws/install/stage:/opt/ros/jazzy/opt/gz_sim_vendor:/opt/ros/jazzy/opt/gz_sensors_vendor:/opt/ros/jazzy/opt/gz_physics_vendor:/opt/ros/jazzy/opt/sdformat_vendor:/opt/ros/jazzy/opt/gz_gui_vendor:/opt/ros/jazzy/opt/gz_transport_vendor:/opt/ros/jazzy/opt/gz_rendering_vendor:/opt/ros/jazzy/opt/gz_plugin_vendor:/opt/ros/jazzy/opt/gz_fuel_tools_vendor:/opt/ros/jazzy/opt/gz_msgs_vendor:/opt/ros/jazzy/opt/gz_common_vendor:/opt/ros/jazzy/opt/gz_math_vendor:/opt/ros/jazzy/opt/gz_utils_vendor:/opt/ros/jazzy/opt/gz_tools_vendor:/opt/ros/jazzy/opt/gz_ogre_next_vendor:/opt/ros/jazzy/opt/gz_dartsim_vendor:/opt/ros/jazzy/opt/gz_cmake_vendor'}, 'shell': False}
[1.214764] (-) TimerEvent: {}
[1.315724] (-) TimerEvent: {}
[1.415984] (-) TimerEvent: {}
[1.474972] (turtleboot3_autonomous_nav) StdoutLine: {'line': b'running develop\n'}
[1.516389] (-) TimerEvent: {}
[1.624003] (-) TimerEvent: {}
[1.646222] (turtleboot3_autonomous_nav) StdoutLine: {'line': b'running egg_info\n'}
[1.662084] (turtleboot3_autonomous_nav) StdoutLine: {'line': b'writing turtleboot3_autonomous_nav.egg-info/PKG-INFO\n'}
[1.663736] (turtleboot3_autonomous_nav) StdoutLine: {'line': b'writing dependency_links to turtleboot3_autonomous_nav.egg-info/dependency_links.txt\n'}
[1.664724] (turtleboot3_autonomous_nav) StdoutLine: {'line': b'writing entry points to turtleboot3_autonomous_nav.egg-info/entry_points.txt\n'}
[1.665725] (turtleboot3_autonomous_nav) StdoutLine: {'line': b'writing requirements to turtleboot3_autonomous_nav.egg-info/requires.txt\n'}
[1.666516] (turtleboot3_autonomous_nav) StdoutLine: {'line': b'writing top-level names to turtleboot3_autonomous_nav.egg-info/top_level.txt\n'}
[1.696903] (turtleboot3_autonomous_nav) StdoutLine: {'line': b"reading manifest file 'turtleboot3_autonomous_nav.egg-info/SOURCES.txt'\n"}
[1.716291] (turtleboot3_autonomous_nav) StdoutLine: {'line': b"writing manifest file 'turtleboot3_autonomous_nav.egg-info/SOURCES.txt'\n"}
[1.724091] (-) TimerEvent: {}
[1.731742] (turtleboot3_autonomous_nav) StdoutLine: {'line': b'running build_ext\n'}
[1.732848] (turtleboot3_autonomous_nav) StdoutLine: {'line': b'Creating /workspaces/ros2_jazzy_docker/ros2_ws/install/turtleboot3_autonomous_nav/lib/python3.12/site-packages/turtleboot3-autonomous-nav.egg-link (link to .)\n'}
[1.737264] (turtleboot3_autonomous_nav) StdoutLine: {'line': b'Installing coverage_mapper script to /workspaces/ros2_jazzy_docker/ros2_ws/install/turtleboot3_autonomous_nav/lib/turtleboot3_autonomous_nav\n'}
[1.739895] (turtleboot3_autonomous_nav) StdoutLine: {'line': b'Installing dqn_explorer script to /workspaces/ros2_jazzy_docker/ros2_ws/install/turtleboot3_autonomous_nav/lib/turtleboot3_autonomous_nav\n'}
[1.743034] (turtleboot3_autonomous_nav) StdoutLine: {'line': b'Installing dqn_trainer script to /workspaces/ros2_jazzy_docker/ros2_ws/install/turtleboot3_autonomous_nav/lib/turtleboot3_autonomous_nav\n'}
[1.744426] (turtleboot3_autonomous_nav) StdoutLine: {'line': b'Installing exploration_visualizer script to /workspaces/ros2_jazzy_docker/ros2_ws/install/turtleboot3_autonomous_nav/lib/turtleboot3_autonomous_nav\n'}
[1.746817] (turtleboot3_autonomous_nav) StdoutLine: {'line': b'Installing frontier_explorer script to /workspaces/ros2_jazzy_docker/ros2_ws/install/turtleboot3_autonomous_nav/lib/turtleboot3_autonomous_nav\n'}
[1.749462] (turtleboot3_autonomous_nav) StdoutLine: {'line': b'Installing install_turtlebot3_dependencies script to /workspaces/ros2_jazzy_docker/ros2_ws/install/turtleboot3_autonomous_nav/lib/turtleboot3_autonomous_nav\n'}
[1.751480] (turtleboot3_autonomous_nav) StdoutLine: {'line': b'Installing observation_builder script to /workspaces/ros2_jazzy_docker/ros2_ws/install/turtleboot3_autonomous_nav/lib/turtleboot3_autonomous_nav\n'}
[1.753541] (turtleboot3_autonomous_nav) StdoutLine: {'line': b'Installing safe_motion_controller script to /workspaces/ros2_jazzy_docker/ros2_ws/install/turtleboot3_autonomous_nav/lib/turtleboot3_autonomous_nav\n'}
[1.756107] (turtleboot3_autonomous_nav) StdoutLine: {'line': b'Installing simulation_localizer script to /workspaces/ros2_jazzy_docker/ros2_ws/install/turtleboot3_autonomous_nav/lib/turtleboot3_autonomous_nav\n'}
[1.757946] (turtleboot3_autonomous_nav) StdoutLine: {'line': b'Installing training_monitor script to /workspaces/ros2_jazzy_docker/ros2_ws/install/turtleboot3_autonomous_nav/lib/turtleboot3_autonomous_nav\n'}
[1.760763] (turtleboot3_autonomous_nav) StdoutLine: {'line': b'\n'}
[1.761648] (turtleboot3_autonomous_nav) StdoutLine: {'line': b'Installed /workspaces/ros2_jazzy_docker/ros2_ws/build/turtleboot3_autonomous_nav\n'}
[1.762003] (turtleboot3_autonomous_nav) StdoutLine: {'line': b'running symlink_data\n'}
[1.789721] (turtleboot3_autonomous_nav) CommandEnded: {'returncode': 0}
[1.824500] (-) TimerEvent: {}
[1.831007] (turtleboot3_autonomous_nav) JobEnded: {'identifier': 'turtleboot3_autonomous_nav', 'rc': 0}
[1.835245] (-) EventReactorShutdown: {}
