running develop
running egg_info
writing turtleboot3_autonomous_nav.egg-info/PKG-INFO
writing dependency_links to turtleboot3_autonomous_nav.egg-info/dependency_links.txt
writing entry points to turtleboot3_autonomous_nav.egg-info/entry_points.txt
writing requirements to turtleboot3_autonomous_nav.egg-info/requires.txt
writing top-level names to turtleboot3_autonomous_nav.egg-info/top_level.txt
reading manifest file 'turtleboot3_autonomous_nav.egg-info/SOURCES.txt'
writing manifest file 'turtleboot3_autonomous_nav.egg-info/SOURCES.txt'
running build_ext
Creating /workspaces/ros2_jazzy_docker/ros2_ws/install/turtleboot3_autonomous_nav/lib/python3.12/site-packages/turtleboot3-autonomous-nav.egg-link (link to .)
Installing coverage_mapper script to /workspaces/ros2_jazzy_docker/ros2_ws/install/turtleboot3_autonomous_nav/lib/turtleboot3_autonomous_nav
Installing dqn_explorer script to /workspaces/ros2_jazzy_docker/ros2_ws/install/turtleboot3_autonomous_nav/lib/turtleboot3_autonomous_nav
Installing dqn_trainer script to /workspaces/ros2_jazzy_docker/ros2_ws/install/turtleboot3_autonomous_nav/lib/turtleboot3_autonomous_nav
Installing exploration_visualizer script to /workspaces/ros2_jazzy_docker/ros2_ws/install/turtleboot3_autonomous_nav/lib/turtleboot3_autonomous_nav
Installing frontier_explorer script to /workspaces/ros2_jazzy_docker/ros2_ws/install/turtleboot3_autonomous_nav/lib/turtleboot3_autonomous_nav
Installing install_turtlebot3_dependencies script to /workspaces/ros2_jazzy_docker/ros2_ws/install/turtleboot3_autonomous_nav/lib/turtleboot3_autonomous_nav
Installing observation_builder script to /workspaces/ros2_jazzy_docker/ros2_ws/install/turtleboot3_autonomous_nav/lib/turtleboot3_autonomous_nav
Installing safe_motion_controller script to /workspaces/ros2_jazzy_docker/ros2_ws/install/turtleboot3_autonomous_nav/lib/turtleboot3_autonomous_nav
Installing simulation_localizer script to /workspaces/ros2_jazzy_docker/ros2_ws/install/turtleboot3_autonomous_nav/lib/turtleboot3_autonomous_nav
Installing training_monitor script to /workspaces/ros2_jazzy_docker/ros2_ws/install/turtleboot3_autonomous_nav/lib/turtleboot3_autonomous_nav

Installed /workspaces/ros2_jazzy_docker/ros2_ws/build/turtleboot3_autonomous_nav
running symlink_data
symbolically linking /workspaces/ros2_jazzy_docker/ros2_ws/build/turtleboot3_autonomous_nav/resource/turtleboot3_autonomous_nav -> /workspaces/ros2_jazzy_docker/ros2_ws/install/turtleboot3_autonomous_nav/share/ament_index/resource_index/packages
symbolically linking /workspaces/ros2_jazzy_docker/ros2_ws/build/turtleboot3_autonomous_nav/package.xml -> /workspaces/ros2_jazzy_docker/ros2_ws/install/turtleboot3_autonomous_nav/share/turtleboot3_autonomous_nav
symbolically linking /workspaces/ros2_jazzy_docker/ros2_ws/build/turtleboot3_autonomous_nav/README.md -> /workspaces/ros2_jazzy_docker/ros2_ws/install/turtleboot3_autonomous_nav/share/turtleboot3_autonomous_nav
symbolically linking /workspaces/ros2_jazzy_docker/ros2_ws/build/turtleboot3_autonomous_nav/launch/training.launch.py -> /workspaces/ros2_jazzy_docker/ros2_ws/install/turtleboot3_autonomous_nav/share/turtleboot3_autonomous_nav/launch
symbolically linking /workspaces/ros2_jazzy_docker/ros2_ws/build/turtleboot3_autonomous_nav/launch/mission.launch.py -> /workspaces/ros2_jazzy_docker/ros2_ws/install/turtleboot3_autonomous_nav/share/turtleboot3_autonomous_nav/launch
symbolically linking /workspaces/ros2_jazzy_docker/ros2_ws/build/turtleboot3_autonomous_nav/config/training.yaml -> /workspaces/ros2_jazzy_docker/ros2_ws/install/turtleboot3_autonomous_nav/share/turtleboot3_autonomous_nav/config
symbolically linking /workspaces/ros2_jazzy_docker/ros2_ws/build/turtleboot3_autonomous_nav/config/smoke_training.yaml -> /workspaces/ros2_jazzy_docker/ros2_ws/install/turtleboot3_autonomous_nav/share/turtleboot3_autonomous_nav/config
symbolically linking /workspaces/ros2_jazzy_docker/ros2_ws/build/turtleboot3_autonomous_nav/config/exploration.yaml -> /workspaces/ros2_jazzy_docker/ros2_ws/install/turtleboot3_autonomous_nav/share/turtleboot3_autonomous_nav/config
symbolically linking /workspaces/ros2_jazzy_docker/ros2_ws/build/turtleboot3_autonomous_nav/dependencies/turtlebot3_jazzy.repos -> /workspaces/ros2_jazzy_docker/ros2_ws/install/turtleboot3_autonomous_nav/share/turtleboot3_autonomous_nav/dependencies
symbolically linking /workspaces/ros2_jazzy_docker/ros2_ws/build/turtleboot3_autonomous_nav/rviz/exploration.rviz -> /workspaces/ros2_jazzy_docker/ros2_ws/install/turtleboot3_autonomous_nav/share/turtleboot3_autonomous_nav/rviz
symbolically linking /workspaces/ros2_jazzy_docker/ros2_ws/build/turtleboot3_autonomous_nav/models/README.md -> /workspaces/ros2_jazzy_docker/ros2_ws/install/turtleboot3_autonomous_nav/share/turtleboot3_autonomous_nav/models
