[0.065s] Invoking command in '/workspaces/ros2_jazzy_docker/ros2_ws/build/turtlebot3_navigation2': CMAKE_PREFIX_PATH=${CMAKE_PREFIX_PATH}:/workspaces/ros2_jazzy_docker/ros2_ws/install/turtlebot3_teleop:/workspaces/ros2_jazzy_docker/ros2_ws/install/turtlebot3_example:/workspaces/ros2_jazzy_docker/ros2_ws/src/install/turtlebot3_teleop:/workspaces/ros2_jazzy_docker/ros2_ws/src/install/turtlebot3_example:/workspaces/ros2_jazzy_docker/ros2_ws/src/install/turtleboot3_autonomous_nav:/workspaces/ros2_jazzy_docker/ros2_ws/src/install/turtle_py:/workspaces/ros2_jazzy_docker/ros2_ws/src/install/stage_autonomous_nav:/workspaces/ros2_jazzy_docker/ros2_ws/install/turtleboot3_autonomous_nav:/workspaces/ros2_jazzy_docker/ros2_ws/install/turtle_py:/workspaces/ros2_jazzy_docker/ros2_ws/install/stage_autonomous_nav:/opt/ros/jazzy /usr/bin/cmake /workspaces/ros2_jazzy_docker/ros2_ws/src/turtlebot3/turtlebot3_navigation2 -DCMAKE_INSTALL_PREFIX=/workspaces/ros2_jazzy_docker/ros2_ws/install/turtlebot3_navigation2
[0.368s] -- The C compiler identification is GNU 13.3.0
[0.443s] -- The CXX compiler identification is GNU 13.3.0
[0.480s] -- Detecting C compiler ABI info
[0.700s] -- Detecting C compiler ABI info - done
[0.743s] -- Check for working C compiler: /usr/bin/cc - skipped
[0.746s] -- Detecting C compile features
[0.747s] -- Detecting C compile features - done
[0.777s] -- Detecting CXX compiler ABI info
[1.041s] -- Detecting CXX compiler ABI info - done
[1.067s] -- Check for working CXX compiler: /usr/bin/c++ - skipped
[1.068s] -- Detecting CXX compile features
[1.069s] -- Detecting CXX compile features - done
[1.102s] -- Found ament_cmake: 2.5.6 (/opt/ros/jazzy/share/ament_cmake/cmake)
[5.756s] -- Found Python3: /usr/bin/python3 (found version "3.12.3") found components: Interpreter 
[6.296s] -- Configuring done (6.2s)
[6.370s] -- Generating done (0.1s)
[6.403s] -- Build files have been written to: /workspaces/ros2_jazzy_docker/ros2_ws/build/turtlebot3_navigation2
[6.406s] Invoked command in '/workspaces/ros2_jazzy_docker/ros2_ws/build/turtlebot3_navigation2' returned '0': CMAKE_PREFIX_PATH=${CMAKE_PREFIX_PATH}:/workspaces/ros2_jazzy_docker/ros2_ws/install/turtlebot3_teleop:/workspaces/ros2_jazzy_docker/ros2_ws/install/turtlebot3_example:/workspaces/ros2_jazzy_docker/ros2_ws/src/install/turtlebot3_teleop:/workspaces/ros2_jazzy_docker/ros2_ws/src/install/turtlebot3_example:/workspaces/ros2_jazzy_docker/ros2_ws/src/install/turtleboot3_autonomous_nav:/workspaces/ros2_jazzy_docker/ros2_ws/src/install/turtle_py:/workspaces/ros2_jazzy_docker/ros2_ws/src/install/stage_autonomous_nav:/workspaces/ros2_jazzy_docker/ros2_ws/install/turtleboot3_autonomous_nav:/workspaces/ros2_jazzy_docker/ros2_ws/install/turtle_py:/workspaces/ros2_jazzy_docker/ros2_ws/install/stage_autonomous_nav:/opt/ros/jazzy /usr/bin/cmake /workspaces/ros2_jazzy_docker/ros2_ws/src/turtlebot3/turtlebot3_navigation2 -DCMAKE_INSTALL_PREFIX=/workspaces/ros2_jazzy_docker/ros2_ws/install/turtlebot3_navigation2
[6.411s] Invoking command in '/workspaces/ros2_jazzy_docker/ros2_ws/build/turtlebot3_navigation2': CMAKE_PREFIX_PATH=${CMAKE_PREFIX_PATH}:/workspaces/ros2_jazzy_docker/ros2_ws/install/turtlebot3_teleop:/workspaces/ros2_jazzy_docker/ros2_ws/install/turtlebot3_example:/workspaces/ros2_jazzy_docker/ros2_ws/src/install/turtlebot3_teleop:/workspaces/ros2_jazzy_docker/ros2_ws/src/install/turtlebot3_example:/workspaces/ros2_jazzy_docker/ros2_ws/src/install/turtleboot3_autonomous_nav:/workspaces/ros2_jazzy_docker/ros2_ws/src/install/turtle_py:/workspaces/ros2_jazzy_docker/ros2_ws/src/install/stage_autonomous_nav:/workspaces/ros2_jazzy_docker/ros2_ws/install/turtleboot3_autonomous_nav:/workspaces/ros2_jazzy_docker/ros2_ws/install/turtle_py:/workspaces/ros2_jazzy_docker/ros2_ws/install/stage_autonomous_nav:/opt/ros/jazzy /usr/bin/cmake --build /workspaces/ros2_jazzy_docker/ros2_ws/build/turtlebot3_navigation2 -- -j12 -l12
[6.462s] Invoked command in '/workspaces/ros2_jazzy_docker/ros2_ws/build/turtlebot3_navigation2' returned '0': CMAKE_PREFIX_PATH=${CMAKE_PREFIX_PATH}:/workspaces/ros2_jazzy_docker/ros2_ws/install/turtlebot3_teleop:/workspaces/ros2_jazzy_docker/ros2_ws/install/turtlebot3_example:/workspaces/ros2_jazzy_docker/ros2_ws/src/install/turtlebot3_teleop:/workspaces/ros2_jazzy_docker/ros2_ws/src/install/turtlebot3_example:/workspaces/ros2_jazzy_docker/ros2_ws/src/install/turtleboot3_autonomous_nav:/workspaces/ros2_jazzy_docker/ros2_ws/src/install/turtle_py:/workspaces/ros2_jazzy_docker/ros2_ws/src/install/stage_autonomous_nav:/workspaces/ros2_jazzy_docker/ros2_ws/install/turtleboot3_autonomous_nav:/workspaces/ros2_jazzy_docker/ros2_ws/install/turtle_py:/workspaces/ros2_jazzy_docker/ros2_ws/install/stage_autonomous_nav:/opt/ros/jazzy /usr/bin/cmake --build /workspaces/ros2_jazzy_docker/ros2_ws/build/turtlebot3_navigation2 -- -j12 -l12
[6.478s] Invoking command in '/workspaces/ros2_jazzy_docker/ros2_ws/build/turtlebot3_navigation2': CMAKE_PREFIX_PATH=${CMAKE_PREFIX_PATH}:/workspaces/ros2_jazzy_docker/ros2_ws/install/turtlebot3_teleop:/workspaces/ros2_jazzy_docker/ros2_ws/install/turtlebot3_example:/workspaces/ros2_jazzy_docker/ros2_ws/src/install/turtlebot3_teleop:/workspaces/ros2_jazzy_docker/ros2_ws/src/install/turtlebot3_example:/workspaces/ros2_jazzy_docker/ros2_ws/src/install/turtleboot3_autonomous_nav:/workspaces/ros2_jazzy_docker/ros2_ws/src/install/turtle_py:/workspaces/ros2_jazzy_docker/ros2_ws/src/install/stage_autonomous_nav:/workspaces/ros2_jazzy_docker/ros2_ws/install/turtleboot3_autonomous_nav:/workspaces/ros2_jazzy_docker/ros2_ws/install/turtle_py:/workspaces/ros2_jazzy_docker/ros2_ws/install/stage_autonomous_nav:/opt/ros/jazzy /usr/bin/cmake --install /workspaces/ros2_jazzy_docker/ros2_ws/build/turtlebot3_navigation2
[6.491s] -- Install configuration: ""
[6.498s] -- Installing: /workspaces/ros2_jazzy_docker/ros2_ws/install/turtlebot3_navigation2/share/turtlebot3_navigation2/launch
[6.500s] -- Installing: /workspaces/ros2_jazzy_docker/ros2_ws/install/turtlebot3_navigation2/share/turtlebot3_navigation2/launch/navigation2.launch.py
[6.502s] -- Installing: /workspaces/ros2_jazzy_docker/ros2_ws/install/turtlebot3_navigation2/share/turtlebot3_navigation2/map
[6.505s] -- Installing: /workspaces/ros2_jazzy_docker/ros2_ws/install/turtlebot3_navigation2/share/turtlebot3_navigation2/map/map.yaml
[6.508s] -- Installing: /workspaces/ros2_jazzy_docker/ros2_ws/install/turtlebot3_navigation2/share/turtlebot3_navigation2/map/map.pgm
[6.515s] -- Installing: /workspaces/ros2_jazzy_docker/ros2_ws/install/turtlebot3_navigation2/share/turtlebot3_navigation2/param
[6.519s] -- Installing: /workspaces/ros2_jazzy_docker/ros2_ws/install/turtlebot3_navigation2/share/turtlebot3_navigation2/param/humble
[6.521s] -- Installing: /workspaces/ros2_jazzy_docker/ros2_ws/install/turtlebot3_navigation2/share/turtlebot3_navigation2/param/humble/waffle_pi.yaml
[6.525s] -- Installing: /workspaces/ros2_jazzy_docker/ros2_ws/install/turtlebot3_navigation2/share/turtlebot3_navigation2/param/humble/waffle.yaml
[6.530s] -- Installing: /workspaces/ros2_jazzy_docker/ros2_ws/install/turtlebot3_navigation2/share/turtlebot3_navigation2/param/humble/burger.yaml
[6.542s] -- Installing: /workspaces/ros2_jazzy_docker/ros2_ws/install/turtlebot3_navigation2/share/turtlebot3_navigation2/param/humble/burger_cam.yaml
[6.544s] -- Installing: /workspaces/ros2_jazzy_docker/ros2_ws/install/turtlebot3_navigation2/share/turtlebot3_navigation2/param/waffle_pi.yaml
[6.545s] -- Installing: /workspaces/ros2_jazzy_docker/ros2_ws/install/turtlebot3_navigation2/share/turtlebot3_navigation2/param/waffle.yaml
[6.546s] -- Installing: /workspaces/ros2_jazzy_docker/ros2_ws/install/turtlebot3_navigation2/share/turtlebot3_navigation2/param/burger.yaml
[6.551s] -- Installing: /workspaces/ros2_jazzy_docker/ros2_ws/install/turtlebot3_navigation2/share/turtlebot3_navigation2/param/burger_cam.yaml
[6.555s] -- Installing: /workspaces/ros2_jazzy_docker/ros2_ws/install/turtlebot3_navigation2/share/turtlebot3_navigation2/rviz
[6.557s] -- Installing: /workspaces/ros2_jazzy_docker/ros2_ws/install/turtlebot3_navigation2/share/turtlebot3_navigation2/rviz/tb3_navigation2.rviz
[6.564s] -- Installing: /workspaces/ros2_jazzy_docker/ros2_ws/install/turtlebot3_navigation2/share/ament_index/resource_index/package_run_dependencies/turtlebot3_navigation2
[6.570s] -- Installing: /workspaces/ros2_jazzy_docker/ros2_ws/install/turtlebot3_navigation2/share/ament_index/resource_index/parent_prefix_path/turtlebot3_navigation2
[6.575s] -- Installing: /workspaces/ros2_jazzy_docker/ros2_ws/install/turtlebot3_navigation2/share/turtlebot3_navigation2/environment/ament_prefix_path.sh
[6.578s] -- Installing: /workspaces/ros2_jazzy_docker/ros2_ws/install/turtlebot3_navigation2/share/turtlebot3_navigation2/environment/ament_prefix_path.dsv
[6.584s] -- Installing: /workspaces/ros2_jazzy_docker/ros2_ws/install/turtlebot3_navigation2/share/turtlebot3_navigation2/environment/path.sh
[6.590s] -- Installing: /workspaces/ros2_jazzy_docker/ros2_ws/install/turtlebot3_navigation2/share/turtlebot3_navigation2/environment/path.dsv
[6.593s] -- Installing: /workspaces/ros2_jazzy_docker/ros2_ws/install/turtlebot3_navigation2/share/turtlebot3_navigation2/local_setup.bash
[6.598s] -- Installing: /workspaces/ros2_jazzy_docker/ros2_ws/install/turtlebot3_navigation2/share/turtlebot3_navigation2/local_setup.sh
[6.604s] -- Installing: /workspaces/ros2_jazzy_docker/ros2_ws/install/turtlebot3_navigation2/share/turtlebot3_navigation2/local_setup.zsh
[6.610s] -- Installing: /workspaces/ros2_jazzy_docker/ros2_ws/install/turtlebot3_navigation2/share/turtlebot3_navigation2/local_setup.dsv
[6.616s] -- Installing: /workspaces/ros2_jazzy_docker/ros2_ws/install/turtlebot3_navigation2/share/turtlebot3_navigation2/package.dsv
[6.643s] -- Installing: /workspaces/ros2_jazzy_docker/ros2_ws/install/turtlebot3_navigation2/share/ament_index/resource_index/packages/turtlebot3_navigation2
[6.650s] -- Installing: /workspaces/ros2_jazzy_docker/ros2_ws/install/turtlebot3_navigation2/share/turtlebot3_navigation2/cmake/turtlebot3_navigation2Config.cmake
[6.657s] -- Installing: /workspaces/ros2_jazzy_docker/ros2_ws/install/turtlebot3_navigation2/share/turtlebot3_navigation2/cmake/turtlebot3_navigation2Config-version.cmake
[6.658s] -- Installing: /workspaces/ros2_jazzy_docker/ros2_ws/install/turtlebot3_navigation2/share/turtlebot3_navigation2/package.xml
[6.663s] Invoked command in '/workspaces/ros2_jazzy_docker/ros2_ws/build/turtlebot3_navigation2' returned '0': CMAKE_PREFIX_PATH=${CMAKE_PREFIX_PATH}:/workspaces/ros2_jazzy_docker/ros2_ws/install/turtlebot3_teleop:/workspaces/ros2_jazzy_docker/ros2_ws/install/turtlebot3_example:/workspaces/ros2_jazzy_docker/ros2_ws/src/install/turtlebot3_teleop:/workspaces/ros2_jazzy_docker/ros2_ws/src/install/turtlebot3_example:/workspaces/ros2_jazzy_docker/ros2_ws/src/install/turtleboot3_autonomous_nav:/workspaces/ros2_jazzy_docker/ros2_ws/src/install/turtle_py:/workspaces/ros2_jazzy_docker/ros2_ws/src/install/stage_autonomous_nav:/workspaces/ros2_jazzy_docker/ros2_ws/install/turtleboot3_autonomous_nav:/workspaces/ros2_jazzy_docker/ros2_ws/install/turtle_py:/workspaces/ros2_jazzy_docker/ros2_ws/install/stage_autonomous_nav:/opt/ros/jazzy /usr/bin/cmake --install /workspaces/ros2_jazzy_docker/ros2_ws/build/turtlebot3_navigation2
