running egg_info
writing ../../build/turtleboot3_autonomous_nav/turtleboot3_autonomous_nav.egg-info/PKG-INFO
writing dependency_links to ../../build/turtleboot3_autonomous_nav/turtleboot3_autonomous_nav.egg-info/dependency_links.txt
writing entry points to ../../build/turtleboot3_autonomous_nav/turtleboot3_autonomous_nav.egg-info/entry_points.txt
writing requirements to ../../build/turtleboot3_autonomous_nav/turtleboot3_autonomous_nav.egg-info/requires.txt
writing top-level names to ../../build/turtleboot3_autonomous_nav/turtleboot3_autonomous_nav.egg-info/top_level.txt
reading manifest file '../../build/turtleboot3_autonomous_nav/turtleboot3_autonomous_nav.egg-info/SOURCES.txt'
writing manifest file '../../build/turtleboot3_autonomous_nav/turtleboot3_autonomous_nav.egg-info/SOURCES.txt'
running build
running build_py
running install
running install_lib
running install_data
copying launch/mission.launch.py -> /workspaces/ros2_jazzy_docker/ros2_ws/install/turtleboot3_autonomous_nav/share/turtleboot3_autonomous_nav/launch
running install_egg_info
removing '/workspaces/ros2_jazzy_docker/ros2_ws/install/turtleboot3_autonomous_nav/lib/python3.12/site-packages/turtleboot3_autonomous_nav-0.0.1-py3.12.egg-info' (and everything under it)
Copying ../../build/turtleboot3_autonomous_nav/turtleboot3_autonomous_nav.egg-info to /workspaces/ros2_jazzy_docker/ros2_ws/install/turtleboot3_autonomous_nav/lib/python3.12/site-packages/turtleboot3_autonomous_nav-0.0.1-py3.12.egg-info
running install_scripts
Installing coverage_mapper script to /workspaces/ros2_jazzy_docker/ros2_ws/install/turtleboot3_autonomous_nav/lib/turtleboot3_autonomous_nav
Installing dqn_explorer script to /workspaces/ros2_jazzy_docker/ros2_ws/install/turtleboot3_autonomous_nav/lib/turtleboot3_autonomous_nav
Installing dqn_trainer script to /workspaces/ros2_jazzy_docker/ros2_ws/install/turtleboot3_autonomous_nav/lib/turtleboot3_autonomous_nav
Installing exploration_visualizer script to /workspaces/ros2_jazzy_docker/ros2_ws/install/turtleboot3_autonomous_nav/lib/turtleboot3_autonomous_nav
Installing frontier_explorer script to /workspaces/ros2_jazzy_docker/ros2_ws/install/turtleboot3_autonomous_nav/lib/turtleboot3_autonomous_nav
Installing install_turtlebot3_dependencies script to /workspaces/ros2_jazzy_docker/ros2_ws/install/turtleboot3_autonomous_nav/lib/turtleboot3_autonomous_nav
Installing observation_builder script to /workspaces/ros2_jazzy_docker/ros2_ws/install/turtleboot3_autonomous_nav/lib/turtleboot3_autonomous_nav
Installing safe_motion_controller script to /workspaces/ros2_jazzy_docker/ros2_ws/install/turtleboot3_autonomous_nav/lib/turtleboot3_autonomous_nav
Installing simulation_localizer script to /workspaces/ros2_jazzy_docker/ros2_ws/install/turtleboot3_autonomous_nav/lib/turtleboot3_autonomous_nav
Installing training_monitor script to /workspaces/ros2_jazzy_docker/ros2_ws/install/turtleboot3_autonomous_nav/lib/turtleboot3_autonomous_nav
writing list of installed files to '/workspaces/ros2_jazzy_docker/ros2_ws/build/turtleboot3_autonomous_nav/install.log'
