-- The C compiler identification is GNU 13.3.0
-- The CXX compiler identification is GNU 13.3.0
-- Detecting C compiler ABI info
-- Detecting C compiler ABI info - done
-- Check for working C compiler: /usr/bin/cc - skipped
-- Detecting C compile features
-- Detecting C compile features - done
-- Detecting CXX compiler ABI info
-- Detecting CXX compiler ABI info - done
-- Check for working CXX compiler: /usr/bin/c++ - skipped
-- Detecting CXX compile features
-- Detecting CXX compile features - done
-- Found ament_cmake: 2.5.6 (/opt/ros/jazzy/share/ament_cmake/cmake)
-- Found Python3: /usr/bin/python3 (found version "3.12.3") found components: Interpreter 
-- Configuring done (1.5s)
-- Generating done (0.0s)
-- Build files have been written to: /workspaces/ros2_jazzy_docker/ros2_ws/build/turtlebot3_bringup
gmake: Warning: File 'Makefile' has modification time 0.22 s in the future
gmake[1]: Warning: File 'CMakeFiles/Makefile2' has modification time 0.21 s in the future
gmake[1]: warning:  Clock skew detected.  Your build may be incomplete.
gmake: warning:  Clock skew detected.  Your build may be incomplete.
-- Install configuration: ""
-- Installing: /workspaces/ros2_jazzy_docker/ros2_ws/install/turtlebot3_bringup/share/turtlebot3_bringup/launch
-- Installing: /workspaces/ros2_jazzy_docker/ros2_ws/install/turtlebot3_bringup/share/turtlebot3_bringup/launch/robot.launch.py
-- Installing: /workspaces/ros2_jazzy_docker/ros2_ws/install/turtlebot3_bringup/share/turtlebot3_bringup/launch/turtlebot3_state_publisher.launch.py
-- Installing: /workspaces/ros2_jazzy_docker/ros2_ws/install/turtlebot3_bringup/share/turtlebot3_bringup/launch/camera.launch.py
-- Installing: /workspaces/ros2_jazzy_docker/ros2_ws/install/turtlebot3_bringup/share/turtlebot3_bringup/launch/rviz2.launch.py
-- Installing: /workspaces/ros2_jazzy_docker/ros2_ws/install/turtlebot3_bringup/share/turtlebot3_bringup/param
-- Installing: /workspaces/ros2_jazzy_docker/ros2_ws/install/turtlebot3_bringup/share/turtlebot3_bringup/param/humble
-- Installing: /workspaces/ros2_jazzy_docker/ros2_ws/install/turtlebot3_bringup/share/turtlebot3_bringup/param/humble/waffle_pi.yaml
-- Installing: /workspaces/ros2_jazzy_docker/ros2_ws/install/turtlebot3_bringup/share/turtlebot3_bringup/param/humble/waffle.yaml
-- Installing: /workspaces/ros2_jazzy_docker/ros2_ws/install/turtlebot3_bringup/share/turtlebot3_bringup/param/humble/burger.yaml
-- Installing: /workspaces/ros2_jazzy_docker/ros2_ws/install/turtlebot3_bringup/share/turtlebot3_bringup/param/waffle_pi.yaml
-- Installing: /workspaces/ros2_jazzy_docker/ros2_ws/install/turtlebot3_bringup/share/turtlebot3_bringup/param/waffle.yaml
-- Installing: /workspaces/ros2_jazzy_docker/ros2_ws/install/turtlebot3_bringup/share/turtlebot3_bringup/param/burger.yaml
-- Installing: /workspaces/ros2_jazzy_docker/ros2_ws/install/turtlebot3_bringup/share/turtlebot3_bringup/script
-- Installing: /workspaces/ros2_jazzy_docker/ros2_ws/install/turtlebot3_bringup/share/turtlebot3_bringup/script/create_udev_rules
-- Installing: /workspaces/ros2_jazzy_docker/ros2_ws/install/turtlebot3_bringup/share/turtlebot3_bringup/script/99-turtlebot3-cdc.rules
-- Installing: /workspaces/ros2_jazzy_docker/ros2_ws/install/turtlebot3_bringup/share/ament_index/resource_index/package_run_dependencies/turtlebot3_bringup
-- Installing: /workspaces/ros2_jazzy_docker/ros2_ws/install/turtlebot3_bringup/share/ament_index/resource_index/parent_prefix_path/turtlebot3_bringup
-- Installing: /workspaces/ros2_jazzy_docker/ros2_ws/install/turtlebot3_bringup/share/turtlebot3_bringup/environment/ament_prefix_path.sh
-- Installing: /workspaces/ros2_jazzy_docker/ros2_ws/install/turtlebot3_bringup/share/turtlebot3_bringup/environment/ament_prefix_path.dsv
-- Installing: /workspaces/ros2_jazzy_docker/ros2_ws/install/turtlebot3_bringup/share/turtlebot3_bringup/environment/path.sh
-- Installing: /workspaces/ros2_jazzy_docker/ros2_ws/install/turtlebot3_bringup/share/turtlebot3_bringup/environment/path.dsv
-- Installing: /workspaces/ros2_jazzy_docker/ros2_ws/install/turtlebot3_bringup/share/turtlebot3_bringup/local_setup.bash
-- Installing: /workspaces/ros2_jazzy_docker/ros2_ws/install/turtlebot3_bringup/share/turtlebot3_bringup/local_setup.sh
-- Installing: /workspaces/ros2_jazzy_docker/ros2_ws/install/turtlebot3_bringup/share/turtlebot3_bringup/local_setup.zsh
-- Installing: /workspaces/ros2_jazzy_docker/ros2_ws/install/turtlebot3_bringup/share/turtlebot3_bringup/local_setup.dsv
-- Installing: /workspaces/ros2_jazzy_docker/ros2_ws/install/turtlebot3_bringup/share/turtlebot3_bringup/package.dsv
-- Installing: /workspaces/ros2_jazzy_docker/ros2_ws/install/turtlebot3_bringup/share/ament_index/resource_index/packages/turtlebot3_bringup
-- Installing: /workspaces/ros2_jazzy_docker/ros2_ws/install/turtlebot3_bringup/share/turtlebot3_bringup/cmake/turtlebot3_bringupConfig.cmake
-- Installing: /workspaces/ros2_jazzy_docker/ros2_ws/install/turtlebot3_bringup/share/turtlebot3_bringup/cmake/turtlebot3_bringupConfig-version.cmake
-- Installing: /workspaces/ros2_jazzy_docker/ros2_ws/install/turtlebot3_bringup/share/turtlebot3_bringup/package.xml
