-- The C compiler identification is GNU 13.3.0
-- The CXX compiler identification is GNU 13.3.0
-- Detecting C compiler ABI info
-- Detecting C compiler ABI info - done
-- Check for working C compiler: /usr/bin/cc - skipped
-- Detecting C compile features
-- Detecting C compile features - done
-- Detecting CXX compiler ABI info
-- Detecting CXX compiler ABI info - done
-- Check for working CXX compiler: /usr/bin/c++ - skipped
-- Detecting CXX compile features
-- Detecting CXX compile features - done
-- Found ament_cmake: 2.5.6 (/opt/ros/jazzy/share/ament_cmake/cmake)
-- Found Python3: /usr/bin/python3 (found version "3.12.3") found components: Interpreter 
-- Found rclcpp: 28.1.21 (/opt/ros/jazzy/share/rclcpp/cmake)
-- Found rosidl_generator_c: 4.6.9 (/opt/ros/jazzy/share/rosidl_generator_c/cmake)
-- Found rosidl_generator_cpp: 4.6.9 (/opt/ros/jazzy/share/rosidl_generator_cpp/cmake)
-- Using all available rosidl_typesupport_c: rosidl_typesupport_fastrtps_c;rosidl_typesupport_introspection_c
-- Using all available rosidl_typesupport_cpp: rosidl_typesupport_fastrtps_cpp;rosidl_typesupport_introspection_cpp
-- Found rmw_implementation_cmake: 7.3.3 (/opt/ros/jazzy/share/rmw_implementation_cmake/cmake)
-- Found rmw_fastrtps_cpp: 8.4.4 (/opt/ros/jazzy/share/rmw_fastrtps_cpp/cmake)
-- Found OpenSSL: /usr/lib/aarch64-linux-gnu/libcrypto.so (found version "3.0.13")  
-- Found FastRTPS: /opt/ros/jazzy/include (Required is at least version "2.13") 
-- Using RMW implementation 'rmw_fastrtps_cpp' as default
-- Found rclcpp_components: 28.1.21 (/opt/ros/jazzy/share/rclcpp_components/cmake)
-- Found sensor_msgs: 5.3.8 (/opt/ros/jazzy/share/sensor_msgs/cmake)
-- Found marker_msgs: 0.0.8 (/opt/ros/jazzy/share/marker_msgs/cmake)
-- Found ackermann_msgs: 2.0.2 (/opt/ros/jazzy/share/ackermann_msgs/cmake)
-- Found nav_msgs: 5.3.8 (/opt/ros/jazzy/share/nav_msgs/cmake)
-- Found tf2_ros: 0.36.21 (/opt/ros/jazzy/share/tf2_ros/cmake)
-- Found tf2_geometry_msgs: 0.36.21 (/opt/ros/jazzy/share/tf2_geometry_msgs/cmake)
-- Found eigen3_cmake_module: 0.3.1 (/opt/ros/jazzy/share/eigen3_cmake_module/cmake)
-- Found Eigen3: TRUE (found version "3.4.0") 
-- Ensuring Eigen3 include directory is part of orocos-kdl CMake target
-- Found std_srvs: 5.3.8 (/opt/ros/jazzy/share/std_srvs/cmake)
-- Found ament_lint_auto: 0.17.5 (/opt/ros/jazzy/share/ament_lint_auto/cmake)
-- Added test 'cppcheck' to perform static code analysis on C / C++ code
-- Configured cppcheck include dirs: /workspaces/ros2_jazzy_docker/ros2_ws/src/stage_ros2/./include;$<BUILD_INTERFACE:/workspaces/ros2_jazzy_docker/ros2_ws/src/stage_ros2/include>
-- Configured cppcheck exclude dirs and/or files: 
-- Added test 'flake8' to check Python code syntax and style conventions
-- Configured 'flake8' exclude dirs and/or files: 
-- Added test 'lint_cmake' to check CMake code style
-- Added test 'pep257' to check Python code against some of the docstring style conventions in PEP 257
-- Added test 'uncrustify' to check C / C++ code style
-- Configured uncrustify additional arguments: 
-- Added test 'xmllint' to check XML markup files
-- Added test 'clang_format' to check C / C++ code style
-- Added test 'pycodestyle' to check Python code against some of the style conventions in PEP 8
-- Configuring done (5.9s)
-- Generating done (0.1s)
-- Build files have been written to: /workspaces/ros2_jazzy_docker/ros2_ws/build/stage_ros2
[ 50%] [32mBuilding CXX object CMakeFiles/stage_node.dir/src/stage_node.cpp.o[0m
[ 50%] [32mBuilding CXX object CMakeFiles/stage_node.dir/src/vehicle.cpp.o[0m
[ 62%] [32mBuilding CXX object CMakeFiles/stage_node.dir/src/ranger.cpp.o[0m
[ 62%] [32mBuilding CXX object CMakeFiles/stage_node.dir/src/fiducial_detector.cpp.o[0m
[ 62%] [32mBuilding CXX object CMakeFiles/stage_node.dir/src/camera.cpp.o[0m
[ 75%] [32m[1mLinking CXX shared library libstage_node.so[0m
[ 75%] Built target stage_node
[ 87%] [32mBuilding CXX object CMakeFiles/stage_ros2.dir/src/main.cpp.o[0m
[100%] [32m[1mLinking CXX executable stage_ros2[0m
[100%] Built target stage_ros2
-- Install configuration: ""
-- Installing: /workspaces/ros2_jazzy_docker/ros2_ws/install/stage_ros2/share/stage_ros2/environment/library_path.sh
-- Installing: /workspaces/ros2_jazzy_docker/ros2_ws/install/stage_ros2/share/stage_ros2/environment/library_path.dsv
-- Installing: /workspaces/ros2_jazzy_docker/ros2_ws/install/stage_ros2/share/stage_ros2//launch
-- Installing: /workspaces/ros2_jazzy_docker/ros2_ws/install/stage_ros2/share/stage_ros2//launch/rviz_ns.launch.py
-- Installing: /workspaces/ros2_jazzy_docker/ros2_ws/install/stage_ros2/share/stage_ros2//launch/stage.launch.py
-- Installing: /workspaces/ros2_jazzy_docker/ros2_ws/install/stage_ros2/share/stage_ros2//launch/rviz.launch.py
-- Installing: /workspaces/ros2_jazzy_docker/ros2_ws/install/stage_ros2/share/stage_ros2//launch/f710.launch.py
-- Installing: /workspaces/ros2_jazzy_docker/ros2_ws/install/stage_ros2/share/stage_ros2//launch/stage_street.launch.py
-- Installing: /workspaces/ros2_jazzy_docker/ros2_ws/install/stage_ros2/share/stage_ros2//launch/demo.launch.py
-- Installing: /workspaces/ros2_jazzy_docker/ros2_ws/install/stage_ros2/share/stage_ros2//world
-- Installing: /workspaces/ros2_jazzy_docker/ros2_ws/install/stage_ros2/share/stage_ros2//world/hallway.world
-- Installing: /workspaces/ros2_jazzy_docker/ros2_ws/install/stage_ros2/share/stage_ros2//world/bitmaps
-- Installing: /workspaces/ros2_jazzy_docker/ros2_ws/install/stage_ros2/share/stage_ros2//world/bitmaps/warehouse008.pgm
-- Installing: /workspaces/ros2_jazzy_docker/ros2_ws/install/stage_ros2/share/stage_ros2//world/bitmaps/street.png
-- Installing: /workspaces/ros2_jazzy_docker/ros2_ws/install/stage_ros2/share/stage_ros2//world/bitmaps/warehouse032.pgm
-- Installing: /workspaces/ros2_jazzy_docker/ros2_ws/install/stage_ros2/share/stage_ros2//world/bitmaps/willow-full.pgm
-- Installing: /workspaces/ros2_jazzy_docker/ros2_ws/install/stage_ros2/share/stage_ros2//world/bitmaps/straden.png
-- Installing: /workspaces/ros2_jazzy_docker/ros2_ws/install/stage_ros2/share/stage_ros2//world/bitmaps/hallway.png
-- Installing: /workspaces/ros2_jazzy_docker/ros2_ws/install/stage_ros2/share/stage_ros2//world/bitmaps/cave.png
-- Installing: /workspaces/ros2_jazzy_docker/ros2_ws/install/stage_ros2/share/stage_ros2//world/bitmaps/oval_circuit.png
-- Installing: /workspaces/ros2_jazzy_docker/ros2_ws/install/stage_ros2/share/stage_ros2//world/bitmaps/warehouse200.pgm
-- Installing: /workspaces/ros2_jazzy_docker/ros2_ws/install/stage_ros2/share/stage_ros2//world/bitmaps/line.png
-- Installing: /workspaces/ros2_jazzy_docker/ros2_ws/install/stage_ros2/share/stage_ros2//world/bitmaps/hallway.pgm
-- Installing: /workspaces/ros2_jazzy_docker/ros2_ws/install/stage_ros2/share/stage_ros2//world/cave_seven_robots.world
-- Installing: /workspaces/ros2_jazzy_docker/ros2_ws/install/stage_ros2/share/stage_ros2//world/cave_three_robots.world
-- Installing: /workspaces/ros2_jazzy_docker/ros2_ws/install/stage_ros2/share/stage_ros2//world/straden.world
-- Installing: /workspaces/ros2_jazzy_docker/ros2_ws/install/stage_ros2/share/stage_ros2//world/cave_multi.world
-- Installing: /workspaces/ros2_jazzy_docker/ros2_ws/install/stage_ros2/share/stage_ros2//world/include
-- Installing: /workspaces/ros2_jazzy_docker/ros2_ws/install/stage_ros2/share/stage_ros2//world/include/pioneer2dx.inc
-- Installing: /workspaces/ros2_jazzy_docker/ros2_ws/install/stage_ros2/share/stage_ros2//world/include/chimera.inc
-- Installing: /workspaces/ros2_jazzy_docker/ros2_ws/install/stage_ros2/share/stage_ros2//world/include/robots.inc
-- Installing: /workspaces/ros2_jazzy_docker/ros2_ws/install/stage_ros2/share/stage_ros2//world/oval_circuit.world
-- Installing: /workspaces/ros2_jazzy_docker/ros2_ws/install/stage_ros2/share/stage_ros2//world/street.world
-- Installing: /workspaces/ros2_jazzy_docker/ros2_ws/install/stage_ros2/share/stage_ros2//world/cave.world
-- Installing: /workspaces/ros2_jazzy_docker/ros2_ws/install/stage_ros2/share/stage_ros2//world/cave_fiducial.world
-- Installing: /workspaces/ros2_jazzy_docker/ros2_ws/install/stage_ros2/share/stage_ros2//world/lines.world
-- Installing: /workspaces/ros2_jazzy_docker/ros2_ws/install/stage_ros2/share/stage_ros2//world/willow-four-erratics-multisensor.world
-- Installing: /workspaces/ros2_jazzy_docker/ros2_ws/install/stage_ros2/share/stage_ros2//config
-- Installing: /workspaces/ros2_jazzy_docker/ros2_ws/install/stage_ros2/share/stage_ros2//config/teleop_twist_joy
-- Installing: /workspaces/ros2_jazzy_docker/ros2_ws/install/stage_ros2/share/stage_ros2//config/teleop_twist_joy/f710.config.yaml
-- Installing: /workspaces/ros2_jazzy_docker/ros2_ws/install/stage_ros2/share/stage_ros2//config/rviz
-- Installing: /workspaces/ros2_jazzy_docker/ros2_ws/install/stage_ros2/share/stage_ros2//config/rviz/robot_ns_depth.rviz
-- Installing: /workspaces/ros2_jazzy_docker/ros2_ws/install/stage_ros2/share/stage_ros2//config/rviz/cave_fiducial.rviz
-- Installing: /workspaces/ros2_jazzy_docker/ros2_ws/install/stage_ros2/share/stage_ros2//config/rviz/cave_three_robots.rviz
-- Installing: /workspaces/ros2_jazzy_docker/ros2_ws/install/stage_ros2/share/stage_ros2//config/rviz/robot0.rviz
-- Installing: /workspaces/ros2_jazzy_docker/ros2_ws/install/stage_ros2/share/stage_ros2//config/rviz/oval_circuit.rviz
-- Installing: /workspaces/ros2_jazzy_docker/ros2_ws/install/stage_ros2/share/stage_ros2//config/rviz/robot_ns.rviz
-- Installing: /workspaces/ros2_jazzy_docker/ros2_ws/install/stage_ros2/share/stage_ros2//config/rviz/cave.rviz
-- Installing: /workspaces/ros2_jazzy_docker/ros2_ws/install/stage_ros2/share/stage_ros2//config/rviz/cave_seven_robots.rviz
-- Installing: /workspaces/ros2_jazzy_docker/ros2_ws/install/stage_ros2/share/stage_ros2//config/rviz/lines.rviz
-- Installing: /workspaces/ros2_jazzy_docker/ros2_ws/install/stage_ros2/lib/libstage_node.so
-- Set non-toolchain portion of runtime path of "/workspaces/ros2_jazzy_docker/ros2_ws/install/stage_ros2/lib/libstage_node.so" to ""
-- Installing: /workspaces/ros2_jazzy_docker/ros2_ws/install/stage_ros2/lib/stage_ros2/stage_ros2
-- Set non-toolchain portion of runtime path of "/workspaces/ros2_jazzy_docker/ros2_ws/install/stage_ros2/lib/stage_ros2/stage_ros2" to ""
-- Installing: /workspaces/ros2_jazzy_docker/ros2_ws/install/stage_ros2/share/ament_index/resource_index/package_run_dependencies/stage_ros2
-- Installing: /workspaces/ros2_jazzy_docker/ros2_ws/install/stage_ros2/share/ament_index/resource_index/parent_prefix_path/stage_ros2
-- Installing: /workspaces/ros2_jazzy_docker/ros2_ws/install/stage_ros2/share/stage_ros2/environment/ament_prefix_path.sh
-- Installing: /workspaces/ros2_jazzy_docker/ros2_ws/install/stage_ros2/share/stage_ros2/environment/ament_prefix_path.dsv
-- Installing: /workspaces/ros2_jazzy_docker/ros2_ws/install/stage_ros2/share/stage_ros2/environment/path.sh
-- Installing: /workspaces/ros2_jazzy_docker/ros2_ws/install/stage_ros2/share/stage_ros2/environment/path.dsv
-- Installing: /workspaces/ros2_jazzy_docker/ros2_ws/install/stage_ros2/share/stage_ros2/local_setup.bash
-- Installing: /workspaces/ros2_jazzy_docker/ros2_ws/install/stage_ros2/share/stage_ros2/local_setup.sh
-- Installing: /workspaces/ros2_jazzy_docker/ros2_ws/install/stage_ros2/share/stage_ros2/local_setup.zsh
-- Installing: /workspaces/ros2_jazzy_docker/ros2_ws/install/stage_ros2/share/stage_ros2/local_setup.dsv
-- Installing: /workspaces/ros2_jazzy_docker/ros2_ws/install/stage_ros2/share/stage_ros2/package.dsv
-- Installing: /workspaces/ros2_jazzy_docker/ros2_ws/install/stage_ros2/share/ament_index/resource_index/packages/stage_ros2
-- Installing: /workspaces/ros2_jazzy_docker/ros2_ws/install/stage_ros2/share/stage_ros2/cmake/stage_ros2Config.cmake
-- Installing: /workspaces/ros2_jazzy_docker/ros2_ws/install/stage_ros2/share/stage_ros2/cmake/stage_ros2Config-version.cmake
-- Installing: /workspaces/ros2_jazzy_docker/ros2_ws/install/stage_ros2/share/stage_ros2/package.xml
