[0.000000] (-) TimerEvent: {}
[0.000103] (-) JobUnselected: {'identifier': 'stage'}
[0.000939] (-) JobUnselected: {'identifier': 'stage_autonomous_nav'}
[0.001074] (-) JobUnselected: {'identifier': 'stage_ros2'}
[0.001349] (-) JobUnselected: {'identifier': 'turtle_py'}
[0.001386] (-) JobUnselected: {'identifier': 'turtlebot3'}
[0.001419] (-) JobUnselected: {'identifier': 'turtlebot3_bringup'}
[0.001444] (-) JobUnselected: {'identifier': 'turtlebot3_cartographer'}
[0.001535] (-) JobUnselected: {'identifier': 'turtlebot3_description'}
[0.001578] (-) JobUnselected: {'identifier': 'turtlebot3_example'}
[0.001626] (-) JobUnselected: {'identifier': 'turtlebot3_fake_node'}
[0.001680] (-) JobUnselected: {'identifier': 'turtlebot3_gazebo'}
[0.001783] (-) JobUnselected: {'identifier': 'turtlebot3_msgs'}
[0.001858] (-) JobUnselected: {'identifier': 'turtlebot3_navigation2'}
[0.001893] (-) JobUnselected: {'identifier': 'turtlebot3_node'}
[0.002007] (-) JobUnselected: {'identifier': 'turtlebot3_simulations'}
[0.002035] (-) JobUnselected: {'identifier': 'turtlebot3_teleop'}
[0.002066] (turtleboot3_autonomous_nav) JobQueued: {'identifier': 'turtleboot3_autonomous_nav', 'dependencies': OrderedDict({'turtlebot3_gazebo': '/workspaces/ros2_jazzy_docker/ros2_ws/install/turtlebot3_gazebo'})}
[0.002132] (turtleboot3_autonomous_nav) JobStarted: {'identifier': 'turtleboot3_autonomous_nav'}
[0.099817] (-) TimerEvent: {}
[0.200452] (-) TimerEvent: {}
[0.300609] (-) TimerEvent: {}
[0.402196] (-) TimerEvent: {}
[0.502819] (-) TimerEvent: {}
[0.603257] (-) TimerEvent: {}
[0.704255] (-) TimerEvent: {}
[0.764348] (turtleboot3_autonomous_nav) Command: {'cmd': ['/usr/bin/python3', '-W', 'ignore:setup.py install is deprecated', '-W', 'ignore:easy_install command is deprecated', 'setup.py', 'develop', '--editable', '--build-directory', '/workspaces/ros2_jazzy_docker/ros2_ws/build/turtleboot3_autonomous_nav/build', '--no-deps', 'symlink_data'], 'cwd': '/workspaces/ros2_jazzy_docker/ros2_ws/build/turtleboot3_autonomous_nav', 'env': {'GZ_SIM_RESOURCE_PATH': '/opt/ros/jazzy/share', 'GZ_CONFIG_PATH': '/opt/ros/jazzy/opt/gz_sim_vendor/share/gz:/opt/ros/jazzy/opt/sdformat_vendor/share/gz:/opt/ros/jazzy/opt/gz_gui_vendor/share/gz:/opt/ros/jazzy/opt/gz_transport_vendor/share/gz:/opt/ros/jazzy/opt/gz_rendering_vendor/share/gz:/opt/ros/jazzy/opt/gz_plugin_vendor/share/gz:/opt/ros/jazzy/opt/gz_fuel_tools_vendor/share/gz:/opt/ros/jazzy/opt/gz_msgs_vendor/share/gz:/opt/ros/jazzy/opt/gz_common_vendor/share/gz', 'HOSTNAME': 'd190ba28d903', 'ROS_PACKAGE_PATH': '/workspaces/ros2_jazzy_docker/ros2_ws/install/stage/share', 'SHLVL': '1', 'LD_LIBRARY_PATH': '/workspaces/ros2_jazzy_docker/ros2_ws/install/turtlebot3_msgs/lib:/workspaces/ros2_jazzy_docker/ros2_ws/install/stage_ros2/lib:/workspaces/ros2_jazzy_docker/ros2_ws/install/stage/lib:/opt/ros/jazzy/opt/gz_sim_vendor/lib:/opt/ros/jazzy/opt/gz_sensors_vendor/lib:/opt/ros/jazzy/opt/gz_physics_vendor/lib:/opt/ros/jazzy/opt/sdformat_vendor/lib:/opt/ros/jazzy/opt/rviz_ogre_vendor/lib:/opt/ros/jazzy/lib/aarch64-linux-gnu:/opt/ros/jazzy/opt/gz_gui_vendor/lib:/opt/ros/jazzy/opt/gz_transport_vendor/lib:/opt/ros/jazzy/opt/gz_rendering_vendor/lib:/opt/ros/jazzy/opt/gz_plugin_vendor/lib:/opt/ros/jazzy/opt/gz_fuel_tools_vendor/lib:/opt/ros/jazzy/opt/gz_msgs_vendor/lib:/opt/ros/jazzy/opt/gz_common_vendor/lib:/opt/ros/jazzy/opt/gz_math_vendor/lib:/opt/ros/jazzy/opt/gz_utils_vendor/lib:/opt/ros/jazzy/opt/gz_tools_vendor/lib:/opt/ros/jazzy/opt/gz_ogre_next_vendor/lib:/opt/ros/jazzy/opt/gz_dartsim_vendor/lib:/opt/ros/jazzy/opt/gz_cmake_vendor/lib:/opt/ros/jazzy/lib', 'HOME': '/home/ros', 'OLDPWD': '/ros2_ws', 'ROS_PYTHON_VERSION': '3', 'COLCON_PREFIX_PATH': '/home/ros/tb3_dependencies/install:/workspaces/ros2_jazzy_docker/ros2_ws/install', 'ROS_DISTRO': 'jazzy', '_': '/usr/bin/colcon', 'ROS_VERSION': '2', 'PKG_CONFIG_PATH': '/workspaces/ros2_jazzy_docker/ros2_ws/install/stage/lib/aarch64-linux-gnu/pkgconfig:/workspaces/ros2_jazzy_docker/ros2_ws/install/stage/lib/pkgconfig', 'PATH': '/workspaces/ros2_jazzy_docker/ros2_ws/install/stage/bin:/opt/ros/jazzy/opt/gz_msgs_vendor/bin:/opt/ros/jazzy/opt/gz_tools_vendor/bin:/opt/ros/jazzy/opt/gz_ogre_next_vendor/bin:/opt/ros/jazzy/bin:/usr/local/sbin:/usr/local/bin:/usr/sbin:/usr/bin:/sbin:/bin', 'LANG': 'C.UTF-8', 'AMENT_PREFIX_PATH': '/home/ros/tb3_dependencies/install/turtlebot3_gazebo:/workspaces/ros2_jazzy_docker/ros2_ws/install/turtlebot3:/workspaces/ros2_jazzy_docker/ros2_ws/install/turtlebot3_teleop:/workspaces/ros2_jazzy_docker/ros2_ws/install/turtlebot3_simulations:/workspaces/ros2_jazzy_docker/ros2_ws/install/turtlebot3_bringup:/workspaces/ros2_jazzy_docker/ros2_ws/install/turtlebot3_node:/workspaces/ros2_jazzy_docker/ros2_ws/install/turtlebot3_navigation2:/workspaces/ros2_jazzy_docker/ros2_ws/install/turtlebot3_fake_node:/workspaces/ros2_jazzy_docker/ros2_ws/install/turtlebot3_example:/workspaces/ros2_jazzy_docker/ros2_ws/install/turtlebot3_msgs:/workspaces/ros2_jazzy_docker/ros2_ws/install/turtleboot3_autonomous_nav:/workspaces/ros2_jazzy_docker/ros2_ws/install/turtlebot3_gazebo:/workspaces/ros2_jazzy_docker/ros2_ws/install/turtlebot3_description:/workspaces/ros2_jazzy_docker/ros2_ws/install/turtlebot3_cartographer:/workspaces/ros2_jazzy_docker/ros2_ws/install/turtle_py:/workspaces/ros2_jazzy_docker/ros2_ws/install/stage_autonomous_nav:/workspaces/ros2_jazzy_docker/ros2_ws/install/stage_ros2:/opt/ros/jazzy', 'DEBIAN_FRONTEND': 'noninteractive', 'ROS_AUTOMATIC_DISCOVERY_RANGE': 'SUBNET', 'PWD': '/workspaces/ros2_jazzy_docker/ros2_ws/build/turtleboot3_autonomous_nav', 'LC_ALL': 'C.UTF-8', 'PYTHONPATH': '/workspaces/ros2_jazzy_docker/ros2_ws/build/turtleboot3_autonomous_nav/prefix_override:/usr/lib/python3/dist-packages/colcon_core/task/python/colcon_distutils_commands:/workspaces/ros2_jazzy_docker/ros2_ws/install/turtleboot3_autonomous_nav/lib/python3.12/site-packages:/workspaces/ros2_jazzy_docker/ros2_ws/install/turtlebot3_teleop/lib/python3.12/site-packages:/workspaces/ros2_jazzy_docker/ros2_ws/install/turtlebot3_example/lib/python3.12/site-packages:/workspaces/ros2_jazzy_docker/ros2_ws/install/turtlebot3_msgs/lib/python3.12/site-packages:/workspaces/ros2_jazzy_docker/ros2_ws/build/turtleboot3_autonomous_nav:/workspaces/ros2_jazzy_docker/ros2_ws/install/turtleboot3_autonomous_nav/lib/python3.12/site-packages:/workspaces/ros2_jazzy_docker/ros2_ws/install/turtle_py/lib/python3.12/site-packages:/workspaces/ros2_jazzy_docker/ros2_ws/install/stage_autonomous_nav/lib/python3.12/site-packages:/opt/ros/jazzy/lib/python3.12/site-packages', 'COLCON': '1', 'CMAKE_PREFIX_PATH': '/workspaces/ros2_jazzy_docker/ros2_ws/install/turtlebot3_gazebo:/home/ros/tb3_dependencies/install/turtlebot3_gazebo:/workspaces/ros2_jazzy_docker/ros2_ws/install/turtlebot3:/workspaces/ros2_jazzy_docker/ros2_ws/install/turtlebot3_simulations:/workspaces/ros2_jazzy_docker/ros2_ws/install/turtlebot3_bringup:/workspaces/ros2_jazzy_docker/ros2_ws/install/turtlebot3_node:/workspaces/ros2_jazzy_docker/ros2_ws/install/turtlebot3_navigation2:/workspaces/ros2_jazzy_docker/ros2_ws/install/turtlebot3_fake_node:/workspaces/ros2_jazzy_docker/ros2_ws/install/turtlebot3_msgs:/workspaces/ros2_jazzy_docker/ros2_ws/install/turtlebot3_description:/workspaces/ros2_jazzy_docker/ros2_ws/install/turtlebot3_cartographer:/workspaces/ros2_jazzy_docker/ros2_ws/install/stage_ros2:/workspaces/ros2_jazzy_docker/ros2_ws/install/stage:/opt/ros/jazzy/opt/gz_sim_vendor:/opt/ros/jazzy/opt/gz_sensors_vendor:/opt/ros/jazzy/opt/gz_physics_vendor:/opt/ros/jazzy/opt/sdformat_vendor:/opt/ros/jazzy/opt/gz_gui_vendor:/opt/ros/jazzy/opt/gz_transport_vendor:/opt/ros/jazzy/opt/gz_rendering_vendor:/opt/ros/jazzy/opt/gz_plugin_vendor:/opt/ros/jazzy/opt/gz_fuel_tools_vendor:/opt/ros/jazzy/opt/gz_msgs_vendor:/opt/ros/jazzy/opt/gz_common_vendor:/opt/ros/jazzy/opt/gz_math_vendor:/opt/ros/jazzy/opt/gz_utils_vendor:/opt/ros/jazzy/opt/gz_tools_vendor:/opt/ros/jazzy/opt/gz_ogre_next_vendor:/opt/ros/jazzy/opt/gz_dartsim_vendor:/opt/ros/jazzy/opt/gz_cmake_vendor'}, 'shell': False}
[0.804409] (-) TimerEvent: {}
[0.904582] (-) TimerEvent: {}
[0.907172] (turtleboot3_autonomous_nav) StdoutLine: {'line': b'running develop\n'}
[0.988987] (turtleboot3_autonomous_nav) StdoutLine: {'line': b'running egg_info\n'}
[0.996860] (turtleboot3_autonomous_nav) StdoutLine: {'line': b'writing turtleboot3_autonomous_nav.egg-info/PKG-INFO\n'}
[0.998074] (turtleboot3_autonomous_nav) StdoutLine: {'line': b'writing dependency_links to turtleboot3_autonomous_nav.egg-info/dependency_links.txt\n'}
[0.998603] (turtleboot3_autonomous_nav) StdoutLine: {'line': b'writing entry points to turtleboot3_autonomous_nav.egg-info/entry_points.txt\n'}
[0.999018] (turtleboot3_autonomous_nav) StdoutLine: {'line': b'writing requirements to turtleboot3_autonomous_nav.egg-info/requires.txt\n'}
[0.999426] (turtleboot3_autonomous_nav) StdoutLine: {'line': b'writing top-level names to turtleboot3_autonomous_nav.egg-info/top_level.txt\n'}
[1.006401] (-) TimerEvent: {}
[1.015870] (turtleboot3_autonomous_nav) StdoutLine: {'line': b"reading manifest file 'turtleboot3_autonomous_nav.egg-info/SOURCES.txt'\n"}
[1.017928] (turtleboot3_autonomous_nav) StdoutLine: {'line': b"writing manifest file 'turtleboot3_autonomous_nav.egg-info/SOURCES.txt'\n"}
[1.025863] (turtleboot3_autonomous_nav) StdoutLine: {'line': b'running build_ext\n'}
[1.026679] (turtleboot3_autonomous_nav) StdoutLine: {'line': b'Creating /workspaces/ros2_jazzy_docker/ros2_ws/install/turtleboot3_autonomous_nav/lib/python3.12/site-packages/turtleboot3-autonomous-nav.egg-link (link to .)\n'}
[1.027533] (turtleboot3_autonomous_nav) StdoutLine: {'line': b'Installing coverage_mapper script to /workspaces/ros2_jazzy_docker/ros2_ws/install/turtleboot3_autonomous_nav/lib/turtleboot3_autonomous_nav\n'}
[1.028050] (turtleboot3_autonomous_nav) StdoutLine: {'line': b'Installing dqn_explorer script to /workspaces/ros2_jazzy_docker/ros2_ws/install/turtleboot3_autonomous_nav/lib/turtleboot3_autonomous_nav\n'}
[1.028592] (turtleboot3_autonomous_nav) StdoutLine: {'line': b'Installing dqn_trainer script to /workspaces/ros2_jazzy_docker/ros2_ws/install/turtleboot3_autonomous_nav/lib/turtleboot3_autonomous_nav\n'}
[1.030206] (turtleboot3_autonomous_nav) StdoutLine: {'line': b'Installing exploration_visualizer script to /workspaces/ros2_jazzy_docker/ros2_ws/install/turtleboot3_autonomous_nav/lib/turtleboot3_autonomous_nav\n'}
[1.030817] (turtleboot3_autonomous_nav) StdoutLine: {'line': b'Installing frontier_explorer script to /workspaces/ros2_jazzy_docker/ros2_ws/install/turtleboot3_autonomous_nav/lib/turtleboot3_autonomous_nav\n'}
[1.031454] (turtleboot3_autonomous_nav) StdoutLine: {'line': b'Installing install_turtlebot3_dependencies script to /workspaces/ros2_jazzy_docker/ros2_ws/install/turtleboot3_autonomous_nav/lib/turtleboot3_autonomous_nav\n'}
[1.031912] (turtleboot3_autonomous_nav) StdoutLine: {'line': b'Installing observation_builder script to /workspaces/ros2_jazzy_docker/ros2_ws/install/turtleboot3_autonomous_nav/lib/turtleboot3_autonomous_nav\n'}
[1.032557] (turtleboot3_autonomous_nav) StdoutLine: {'line': b'Installing safe_motion_controller script to /workspaces/ros2_jazzy_docker/ros2_ws/install/turtleboot3_autonomous_nav/lib/turtleboot3_autonomous_nav\n'}
[1.033543] (turtleboot3_autonomous_nav) StdoutLine: {'line': b'Installing simulation_localizer script to /workspaces/ros2_jazzy_docker/ros2_ws/install/turtleboot3_autonomous_nav/lib/turtleboot3_autonomous_nav\n'}
[1.034022] (turtleboot3_autonomous_nav) StdoutLine: {'line': b'Installing training_monitor script to /workspaces/ros2_jazzy_docker/ros2_ws/install/turtleboot3_autonomous_nav/lib/turtleboot3_autonomous_nav\n'}
[1.034725] (turtleboot3_autonomous_nav) StdoutLine: {'line': b'\n'}
[1.034985] (turtleboot3_autonomous_nav) StdoutLine: {'line': b'Installed /workspaces/ros2_jazzy_docker/ros2_ws/build/turtleboot3_autonomous_nav\n'}
[1.035141] (turtleboot3_autonomous_nav) StdoutLine: {'line': b'running symlink_data\n'}
[1.054173] (turtleboot3_autonomous_nav) CommandEnded: {'returncode': 0}
[1.067871] (turtleboot3_autonomous_nav) JobEnded: {'identifier': 'turtleboot3_autonomous_nav', 'rc': 0}
[1.068946] (-) EventReactorShutdown: {}
