running egg_info
creating ../../build/turtleboot3_autonomous_nav/turtleboot3_autonomous_nav.egg-info
writing ../../build/turtleboot3_autonomous_nav/turtleboot3_autonomous_nav.egg-info/PKG-INFO
writing dependency_links to ../../build/turtleboot3_autonomous_nav/turtleboot3_autonomous_nav.egg-info/dependency_links.txt
writing entry points to ../../build/turtleboot3_autonomous_nav/turtleboot3_autonomous_nav.egg-info/entry_points.txt
writing requirements to ../../build/turtleboot3_autonomous_nav/turtleboot3_autonomous_nav.egg-info/requires.txt
writing top-level names to ../../build/turtleboot3_autonomous_nav/turtleboot3_autonomous_nav.egg-info/top_level.txt
writing manifest file '../../build/turtleboot3_autonomous_nav/turtleboot3_autonomous_nav.egg-info/SOURCES.txt'
reading manifest file '../../build/turtleboot3_autonomous_nav/turtleboot3_autonomous_nav.egg-info/SOURCES.txt'
writing manifest file '../../build/turtleboot3_autonomous_nav/turtleboot3_autonomous_nav.egg-info/SOURCES.txt'
running build
running build_py
creating /workspaces/ros2_jazzy_docker/ros2_ws/build/turtleboot3_autonomous_nav/build
creating /workspaces/ros2_jazzy_docker/ros2_ws/build/turtleboot3_autonomous_nav/build/lib
creating /workspaces/ros2_jazzy_docker/ros2_ws/build/turtleboot3_autonomous_nav/build/lib/turtleboot3_autonomous_nav
copying turtleboot3_autonomous_nav/metrics.py -> /workspaces/ros2_jazzy_docker/ros2_ws/build/turtleboot3_autonomous_nav/build/lib/turtleboot3_autonomous_nav
copying turtleboot3_autonomous_nav/observation.py -> /workspaces/ros2_jazzy_docker/ros2_ws/build/turtleboot3_autonomous_nav/build/lib/turtleboot3_autonomous_nav
copying turtleboot3_autonomous_nav/exploration_visualizer.py -> /workspaces/ros2_jazzy_docker/ros2_ws/build/turtleboot3_autonomous_nav/build/lib/turtleboot3_autonomous_nav
copying turtleboot3_autonomous_nav/coverage_mapper.py -> /workspaces/ros2_jazzy_docker/ros2_ws/build/turtleboot3_autonomous_nav/build/lib/turtleboot3_autonomous_nav
copying turtleboot3_autonomous_nav/control.py -> /workspaces/ros2_jazzy_docker/ros2_ws/build/turtleboot3_autonomous_nav/build/lib/turtleboot3_autonomous_nav
copying turtleboot3_autonomous_nav/dqn_explorer.py -> /workspaces/ros2_jazzy_docker/ros2_ws/build/turtleboot3_autonomous_nav/build/lib/turtleboot3_autonomous_nav
copying turtleboot3_autonomous_nav/reset_provenance.py -> /workspaces/ros2_jazzy_docker/ros2_ws/build/turtleboot3_autonomous_nav/build/lib/turtleboot3_autonomous_nav
copying turtleboot3_autonomous_nav/__init__.py -> /workspaces/ros2_jazzy_docker/ros2_ws/build/turtleboot3_autonomous_nav/build/lib/turtleboot3_autonomous_nav
copying turtleboot3_autonomous_nav/safe_motion_controller.py -> /workspaces/ros2_jazzy_docker/ros2_ws/build/turtleboot3_autonomous_nav/build/lib/turtleboot3_autonomous_nav
copying turtleboot3_autonomous_nav/grid_mapping.py -> /workspaces/ros2_jazzy_docker/ros2_ws/build/turtleboot3_autonomous_nav/build/lib/turtleboot3_autonomous_nav
copying turtleboot3_autonomous_nav/dependency_installer.py -> /workspaces/ros2_jazzy_docker/ros2_ws/build/turtleboot3_autonomous_nav/build/lib/turtleboot3_autonomous_nav
copying turtleboot3_autonomous_nav/observation_builder.py -> /workspaces/ros2_jazzy_docker/ros2_ws/build/turtleboot3_autonomous_nav/build/lib/turtleboot3_autonomous_nav
copying turtleboot3_autonomous_nav/dqn.py -> /workspaces/ros2_jazzy_docker/ros2_ws/build/turtleboot3_autonomous_nav/build/lib/turtleboot3_autonomous_nav
copying turtleboot3_autonomous_nav/stage4_launch.py -> /workspaces/ros2_jazzy_docker/ros2_ws/build/turtleboot3_autonomous_nav/build/lib/turtleboot3_autonomous_nav
copying turtleboot3_autonomous_nav/dqn_trainer.py -> /workspaces/ros2_jazzy_docker/ros2_ws/build/turtleboot3_autonomous_nav/build/lib/turtleboot3_autonomous_nav
running install
running install_lib
creating /workspaces/ros2_jazzy_docker/ros2_ws/install/turtleboot3_autonomous_nav/lib/python3.12/site-packages/turtleboot3_autonomous_nav
copying /workspaces/ros2_jazzy_docker/ros2_ws/build/turtleboot3_autonomous_nav/build/lib/turtleboot3_autonomous_nav/metrics.py -> /workspaces/ros2_jazzy_docker/ros2_ws/install/turtleboot3_autonomous_nav/lib/python3.12/site-packages/turtleboot3_autonomous_nav
copying /workspaces/ros2_jazzy_docker/ros2_ws/build/turtleboot3_autonomous_nav/build/lib/turtleboot3_autonomous_nav/observation.py -> /workspaces/ros2_jazzy_docker/ros2_ws/install/turtleboot3_autonomous_nav/lib/python3.12/site-packages/turtleboot3_autonomous_nav
copying /workspaces/ros2_jazzy_docker/ros2_ws/build/turtleboot3_autonomous_nav/build/lib/turtleboot3_autonomous_nav/exploration_visualizer.py -> /workspaces/ros2_jazzy_docker/ros2_ws/install/turtleboot3_autonomous_nav/lib/python3.12/site-packages/turtleboot3_autonomous_nav
copying /workspaces/ros2_jazzy_docker/ros2_ws/build/turtleboot3_autonomous_nav/build/lib/turtleboot3_autonomous_nav/coverage_mapper.py -> /workspaces/ros2_jazzy_docker/ros2_ws/install/turtleboot3_autonomous_nav/lib/python3.12/site-packages/turtleboot3_autonomous_nav
copying /workspaces/ros2_jazzy_docker/ros2_ws/build/turtleboot3_autonomous_nav/build/lib/turtleboot3_autonomous_nav/control.py -> /workspaces/ros2_jazzy_docker/ros2_ws/install/turtleboot3_autonomous_nav/lib/python3.12/site-packages/turtleboot3_autonomous_nav
copying /workspaces/ros2_jazzy_docker/ros2_ws/build/turtleboot3_autonomous_nav/build/lib/turtleboot3_autonomous_nav/dqn_explorer.py -> /workspaces/ros2_jazzy_docker/ros2_ws/install/turtleboot3_autonomous_nav/lib/python3.12/site-packages/turtleboot3_autonomous_nav
copying /workspaces/ros2_jazzy_docker/ros2_ws/build/turtleboot3_autonomous_nav/build/lib/turtleboot3_autonomous_nav/reset_provenance.py -> /workspaces/ros2_jazzy_docker/ros2_ws/install/turtleboot3_autonomous_nav/lib/python3.12/site-packages/turtleboot3_autonomous_nav
copying /workspaces/ros2_jazzy_docker/ros2_ws/build/turtleboot3_autonomous_nav/build/lib/turtleboot3_autonomous_nav/__init__.py -> /workspaces/ros2_jazzy_docker/ros2_ws/install/turtleboot3_autonomous_nav/lib/python3.12/site-packages/turtleboot3_autonomous_nav
copying /workspaces/ros2_jazzy_docker/ros2_ws/build/turtleboot3_autonomous_nav/build/lib/turtleboot3_autonomous_nav/safe_motion_controller.py -> /workspaces/ros2_jazzy_docker/ros2_ws/install/turtleboot3_autonomous_nav/lib/python3.12/site-packages/turtleboot3_autonomous_nav
copying /workspaces/ros2_jazzy_docker/ros2_ws/build/turtleboot3_autonomous_nav/build/lib/turtleboot3_autonomous_nav/grid_mapping.py -> /workspaces/ros2_jazzy_docker/ros2_ws/install/turtleboot3_autonomous_nav/lib/python3.12/site-packages/turtleboot3_autonomous_nav
copying /workspaces/ros2_jazzy_docker/ros2_ws/build/turtleboot3_autonomous_nav/build/lib/turtleboot3_autonomous_nav/dependency_installer.py -> /workspaces/ros2_jazzy_docker/ros2_ws/install/turtleboot3_autonomous_nav/lib/python3.12/site-packages/turtleboot3_autonomous_nav
copying /workspaces/ros2_jazzy_docker/ros2_ws/build/turtleboot3_autonomous_nav/build/lib/turtleboot3_autonomous_nav/observation_builder.py -> /workspaces/ros2_jazzy_docker/ros2_ws/install/turtleboot3_autonomous_nav/lib/python3.12/site-packages/turtleboot3_autonomous_nav
copying /workspaces/ros2_jazzy_docker/ros2_ws/build/turtleboot3_autonomous_nav/build/lib/turtleboot3_autonomous_nav/dqn.py -> /workspaces/ros2_jazzy_docker/ros2_ws/install/turtleboot3_autonomous_nav/lib/python3.12/site-packages/turtleboot3_autonomous_nav
copying /workspaces/ros2_jazzy_docker/ros2_ws/build/turtleboot3_autonomous_nav/build/lib/turtleboot3_autonomous_nav/stage4_launch.py -> /workspaces/ros2_jazzy_docker/ros2_ws/install/turtleboot3_autonomous_nav/lib/python3.12/site-packages/turtleboot3_autonomous_nav
copying /workspaces/ros2_jazzy_docker/ros2_ws/build/turtleboot3_autonomous_nav/build/lib/turtleboot3_autonomous_nav/dqn_trainer.py -> /workspaces/ros2_jazzy_docker/ros2_ws/install/turtleboot3_autonomous_nav/lib/python3.12/site-packages/turtleboot3_autonomous_nav
byte-compiling /workspaces/ros2_jazzy_docker/ros2_ws/install/turtleboot3_autonomous_nav/lib/python3.12/site-packages/turtleboot3_autonomous_nav/metrics.py to metrics.cpython-312.pyc
byte-compiling /workspaces/ros2_jazzy_docker/ros2_ws/install/turtleboot3_autonomous_nav/lib/python3.12/site-packages/turtleboot3_autonomous_nav/observation.py to observation.cpython-312.pyc
byte-compiling /workspaces/ros2_jazzy_docker/ros2_ws/install/turtleboot3_autonomous_nav/lib/python3.12/site-packages/turtleboot3_autonomous_nav/exploration_visualizer.py to exploration_visualizer.cpython-312.pyc
byte-compiling /workspaces/ros2_jazzy_docker/ros2_ws/install/turtleboot3_autonomous_nav/lib/python3.12/site-packages/turtleboot3_autonomous_nav/coverage_mapper.py to coverage_mapper.cpython-312.pyc
byte-compiling /workspaces/ros2_jazzy_docker/ros2_ws/install/turtleboot3_autonomous_nav/lib/python3.12/site-packages/turtleboot3_autonomous_nav/control.py to control.cpython-312.pyc
byte-compiling /workspaces/ros2_jazzy_docker/ros2_ws/install/turtleboot3_autonomous_nav/lib/python3.12/site-packages/turtleboot3_autonomous_nav/dqn_explorer.py to dqn_explorer.cpython-312.pyc
byte-compiling /workspaces/ros2_jazzy_docker/ros2_ws/install/turtleboot3_autonomous_nav/lib/python3.12/site-packages/turtleboot3_autonomous_nav/reset_provenance.py to reset_provenance.cpython-312.pyc
byte-compiling /workspaces/ros2_jazzy_docker/ros2_ws/install/turtleboot3_autonomous_nav/lib/python3.12/site-packages/turtleboot3_autonomous_nav/__init__.py to __init__.cpython-312.pyc
byte-compiling /workspaces/ros2_jazzy_docker/ros2_ws/install/turtleboot3_autonomous_nav/lib/python3.12/site-packages/turtleboot3_autonomous_nav/safe_motion_controller.py to safe_motion_controller.cpython-312.pyc
byte-compiling /workspaces/ros2_jazzy_docker/ros2_ws/install/turtleboot3_autonomous_nav/lib/python3.12/site-packages/turtleboot3_autonomous_nav/grid_mapping.py to grid_mapping.cpython-312.pyc
byte-compiling /workspaces/ros2_jazzy_docker/ros2_ws/install/turtleboot3_autonomous_nav/lib/python3.12/site-packages/turtleboot3_autonomous_nav/dependency_installer.py to dependency_installer.cpython-312.pyc
byte-compiling /workspaces/ros2_jazzy_docker/ros2_ws/install/turtleboot3_autonomous_nav/lib/python3.12/site-packages/turtleboot3_autonomous_nav/observation_builder.py to observation_builder.cpython-312.pyc
byte-compiling /workspaces/ros2_jazzy_docker/ros2_ws/install/turtleboot3_autonomous_nav/lib/python3.12/site-packages/turtleboot3_autonomous_nav/dqn.py to dqn.cpython-312.pyc
byte-compiling /workspaces/ros2_jazzy_docker/ros2_ws/install/turtleboot3_autonomous_nav/lib/python3.12/site-packages/turtleboot3_autonomous_nav/stage4_launch.py to stage4_launch.cpython-312.pyc
byte-compiling /workspaces/ros2_jazzy_docker/ros2_ws/install/turtleboot3_autonomous_nav/lib/python3.12/site-packages/turtleboot3_autonomous_nav/dqn_trainer.py to dqn_trainer.cpython-312.pyc
running install_data
creating /workspaces/ros2_jazzy_docker/ros2_ws/install/turtleboot3_autonomous_nav/share/ament_index
creating /workspaces/ros2_jazzy_docker/ros2_ws/install/turtleboot3_autonomous_nav/share/ament_index/resource_index
creating /workspaces/ros2_jazzy_docker/ros2_ws/install/turtleboot3_autonomous_nav/share/ament_index/resource_index/packages
copying resource/turtleboot3_autonomous_nav -> /workspaces/ros2_jazzy_docker/ros2_ws/install/turtleboot3_autonomous_nav/share/ament_index/resource_index/packages
copying package.xml -> /workspaces/ros2_jazzy_docker/ros2_ws/install/turtleboot3_autonomous_nav/share/turtleboot3_autonomous_nav
copying README.md -> /workspaces/ros2_jazzy_docker/ros2_ws/install/turtleboot3_autonomous_nav/share/turtleboot3_autonomous_nav
creating /workspaces/ros2_jazzy_docker/ros2_ws/install/turtleboot3_autonomous_nav/share/turtleboot3_autonomous_nav/launch
copying launch/training.launch.py -> /workspaces/ros2_jazzy_docker/ros2_ws/install/turtleboot3_autonomous_nav/share/turtleboot3_autonomous_nav/launch
copying launch/mission.launch.py -> /workspaces/ros2_jazzy_docker/ros2_ws/install/turtleboot3_autonomous_nav/share/turtleboot3_autonomous_nav/launch
creating /workspaces/ros2_jazzy_docker/ros2_ws/install/turtleboot3_autonomous_nav/share/turtleboot3_autonomous_nav/config
copying config/training.yaml -> /workspaces/ros2_jazzy_docker/ros2_ws/install/turtleboot3_autonomous_nav/share/turtleboot3_autonomous_nav/config
copying config/smoke_training.yaml -> /workspaces/ros2_jazzy_docker/ros2_ws/install/turtleboot3_autonomous_nav/share/turtleboot3_autonomous_nav/config
copying config/exploration.yaml -> /workspaces/ros2_jazzy_docker/ros2_ws/install/turtleboot3_autonomous_nav/share/turtleboot3_autonomous_nav/config
creating /workspaces/ros2_jazzy_docker/ros2_ws/install/turtleboot3_autonomous_nav/share/turtleboot3_autonomous_nav/dependencies
copying dependencies/turtlebot3_jazzy.repos -> /workspaces/ros2_jazzy_docker/ros2_ws/install/turtleboot3_autonomous_nav/share/turtleboot3_autonomous_nav/dependencies
creating /workspaces/ros2_jazzy_docker/ros2_ws/install/turtleboot3_autonomous_nav/share/turtleboot3_autonomous_nav/rviz
copying rviz/exploration.rviz -> /workspaces/ros2_jazzy_docker/ros2_ws/install/turtleboot3_autonomous_nav/share/turtleboot3_autonomous_nav/rviz
creating /workspaces/ros2_jazzy_docker/ros2_ws/install/turtleboot3_autonomous_nav/share/turtleboot3_autonomous_nav/models
copying models/README.md -> /workspaces/ros2_jazzy_docker/ros2_ws/install/turtleboot3_autonomous_nav/share/turtleboot3_autonomous_nav/models
running install_egg_info
Copying ../../build/turtleboot3_autonomous_nav/turtleboot3_autonomous_nav.egg-info to /workspaces/ros2_jazzy_docker/ros2_ws/install/turtleboot3_autonomous_nav/lib/python3.12/site-packages/turtleboot3_autonomous_nav-0.0.1-py3.12.egg-info
running install_scripts
Installing coverage_mapper script to /workspaces/ros2_jazzy_docker/ros2_ws/install/turtleboot3_autonomous_nav/lib/turtleboot3_autonomous_nav
Installing dqn_explorer script to /workspaces/ros2_jazzy_docker/ros2_ws/install/turtleboot3_autonomous_nav/lib/turtleboot3_autonomous_nav
Installing dqn_trainer script to /workspaces/ros2_jazzy_docker/ros2_ws/install/turtleboot3_autonomous_nav/lib/turtleboot3_autonomous_nav
Installing exploration_visualizer script to /workspaces/ros2_jazzy_docker/ros2_ws/install/turtleboot3_autonomous_nav/lib/turtleboot3_autonomous_nav
Installing install_turtlebot3_dependencies script to /workspaces/ros2_jazzy_docker/ros2_ws/install/turtleboot3_autonomous_nav/lib/turtleboot3_autonomous_nav
Installing observation_builder script to /workspaces/ros2_jazzy_docker/ros2_ws/install/turtleboot3_autonomous_nav/lib/turtleboot3_autonomous_nav
Installing safe_motion_controller script to /workspaces/ros2_jazzy_docker/ros2_ws/install/turtleboot3_autonomous_nav/lib/turtleboot3_autonomous_nav
writing list of installed files to '/workspaces/ros2_jazzy_docker/ros2_ws/build/turtleboot3_autonomous_nav/install.log'
