[1.142s] Invoking command in '/workspaces/ros2_jazzy_docker/ros2_ws/src/turtleboot3_autonomous_nav': CMAKE_PREFIX_PATH=/workspaces/ros2_jazzy_docker/ros2_ws/install/turtlebot3_gazebo:/workspaces/ros2_jazzy_docker/ros2_ws/install/turtlebot3:/workspaces/ros2_jazzy_docker/ros2_ws/install/turtlebot3_simulations:/workspaces/ros2_jazzy_docker/ros2_ws/install/turtlebot3_bringup:/workspaces/ros2_jazzy_docker/ros2_ws/install/turtlebot3_node:/workspaces/ros2_jazzy_docker/ros2_ws/install/turtlebot3_navigation2:/workspaces/ros2_jazzy_docker/ros2_ws/install/turtlebot3_fake_node:/workspaces/ros2_jazzy_docker/ros2_ws/install/turtlebot3_msgs:/workspaces/ros2_jazzy_docker/ros2_ws/install/turtlebot3_description:/workspaces/ros2_jazzy_docker/ros2_ws/install/turtlebot3_cartographer:/workspaces/ros2_jazzy_docker/ros2_ws/src/install/turtlebot3:/workspaces/ros2_jazzy_docker/ros2_ws/src/install/turtlebot3_simulations:/workspaces/ros2_jazzy_docker/ros2_ws/src/install/turtlebot3_bringup:/workspaces/ros2_jazzy_docker/ros2_ws/src/install/turtlebot3_node:/workspaces/ros2_jazzy_docker/ros2_ws/src/install/turtlebot3_navigation2:/workspaces/ros2_jazzy_docker/ros2_ws/src/install/turtlebot3_fake_node:/workspaces/ros2_jazzy_docker/ros2_ws/src/install/turtlebot3_msgs:/workspaces/ros2_jazzy_docker/ros2_ws/src/install/turtlebot3_gazebo:/workspaces/ros2_jazzy_docker/ros2_ws/src/install/turtlebot3_description:/workspaces/ros2_jazzy_docker/ros2_ws/src/install/turtlebot3_cartographer:/workspaces/ros2_jazzy_docker/ros2_ws/src/install/stage_ros2:/workspaces/ros2_jazzy_docker/ros2_ws/src/install/stage:/workspaces/ros2_jazzy_docker/ros2_ws/install/stage_ros2:/workspaces/ros2_jazzy_docker/ros2_ws/install/stage:/opt/ros/jazzy/opt/gz_sim_vendor:/opt/ros/jazzy/opt/gz_sensors_vendor:/opt/ros/jazzy/opt/gz_physics_vendor:/opt/ros/jazzy/opt/sdformat_vendor:/opt/ros/jazzy/opt/gz_gui_vendor:/opt/ros/jazzy/opt/gz_transport_vendor:/opt/ros/jazzy/opt/gz_rendering_vendor:/opt/ros/jazzy/opt/gz_plugin_vendor:/opt/ros/jazzy/opt/gz_fuel_tools_vendor:/opt/ros/jazzy/opt/gz_msgs_vendor:/opt/ros/jazzy/opt/gz_common_vendor:/opt/ros/jazzy/opt/gz_math_vendor:/opt/ros/jazzy/opt/gz_utils_vendor:/opt/ros/jazzy/opt/gz_tools_vendor:/opt/ros/jazzy/opt/gz_ogre_next_vendor:/opt/ros/jazzy/opt/gz_dartsim_vendor:/opt/ros/jazzy/opt/gz_cmake_vendor PYTHONPATH=/workspaces/ros2_jazzy_docker/ros2_ws/build/turtleboot3_autonomous_nav/prefix_override:/usr/lib/python3/dist-packages/colcon_core/task/python/colcon_distutils_commands:/workspaces/ros2_jazzy_docker/ros2_ws/install/turtleboot3_autonomous_nav/lib/python3.12/site-packages:${PYTHONPATH} /usr/bin/python3 -W ignore:setup.py install is deprecated -W ignore:easy_install command is deprecated setup.py egg_info --egg-base ../../build/turtleboot3_autonomous_nav build --build-base /workspaces/ros2_jazzy_docker/ros2_ws/build/turtleboot3_autonomous_nav/build install --record /workspaces/ros2_jazzy_docker/ros2_ws/build/turtleboot3_autonomous_nav/install.log --install-scripts $base/lib/turtleboot3_autonomous_nav --single-version-externally-managed install_data
[1.447s] running egg_info
[1.448s] creating ../../build/turtleboot3_autonomous_nav/turtleboot3_autonomous_nav.egg-info
[1.484s] writing ../../build/turtleboot3_autonomous_nav/turtleboot3_autonomous_nav.egg-info/PKG-INFO
[1.485s] writing dependency_links to ../../build/turtleboot3_autonomous_nav/turtleboot3_autonomous_nav.egg-info/dependency_links.txt
[1.486s] writing entry points to ../../build/turtleboot3_autonomous_nav/turtleboot3_autonomous_nav.egg-info/entry_points.txt
[1.487s] writing requirements to ../../build/turtleboot3_autonomous_nav/turtleboot3_autonomous_nav.egg-info/requires.txt
[1.488s] writing top-level names to ../../build/turtleboot3_autonomous_nav/turtleboot3_autonomous_nav.egg-info/top_level.txt
[1.603s] writing manifest file '../../build/turtleboot3_autonomous_nav/turtleboot3_autonomous_nav.egg-info/SOURCES.txt'
[1.664s] reading manifest file '../../build/turtleboot3_autonomous_nav/turtleboot3_autonomous_nav.egg-info/SOURCES.txt'
[1.667s] writing manifest file '../../build/turtleboot3_autonomous_nav/turtleboot3_autonomous_nav.egg-info/SOURCES.txt'
[1.668s] running build
[1.669s] running build_py
[1.670s] creating /workspaces/ros2_jazzy_docker/ros2_ws/build/turtleboot3_autonomous_nav/build
[1.671s] creating /workspaces/ros2_jazzy_docker/ros2_ws/build/turtleboot3_autonomous_nav/build/lib
[1.673s] creating /workspaces/ros2_jazzy_docker/ros2_ws/build/turtleboot3_autonomous_nav/build/lib/turtleboot3_autonomous_nav
[1.673s] copying turtleboot3_autonomous_nav/metrics.py -> /workspaces/ros2_jazzy_docker/ros2_ws/build/turtleboot3_autonomous_nav/build/lib/turtleboot3_autonomous_nav
[1.675s] copying turtleboot3_autonomous_nav/observation.py -> /workspaces/ros2_jazzy_docker/ros2_ws/build/turtleboot3_autonomous_nav/build/lib/turtleboot3_autonomous_nav
[1.676s] copying turtleboot3_autonomous_nav/exploration_visualizer.py -> /workspaces/ros2_jazzy_docker/ros2_ws/build/turtleboot3_autonomous_nav/build/lib/turtleboot3_autonomous_nav
[1.682s] copying turtleboot3_autonomous_nav/coverage_mapper.py -> /workspaces/ros2_jazzy_docker/ros2_ws/build/turtleboot3_autonomous_nav/build/lib/turtleboot3_autonomous_nav
[1.684s] copying turtleboot3_autonomous_nav/control.py -> /workspaces/ros2_jazzy_docker/ros2_ws/build/turtleboot3_autonomous_nav/build/lib/turtleboot3_autonomous_nav
[1.686s] copying turtleboot3_autonomous_nav/dqn_explorer.py -> /workspaces/ros2_jazzy_docker/ros2_ws/build/turtleboot3_autonomous_nav/build/lib/turtleboot3_autonomous_nav
[1.688s] copying turtleboot3_autonomous_nav/reset_provenance.py -> /workspaces/ros2_jazzy_docker/ros2_ws/build/turtleboot3_autonomous_nav/build/lib/turtleboot3_autonomous_nav
[1.690s] copying turtleboot3_autonomous_nav/__init__.py -> /workspaces/ros2_jazzy_docker/ros2_ws/build/turtleboot3_autonomous_nav/build/lib/turtleboot3_autonomous_nav
[1.692s] copying turtleboot3_autonomous_nav/safe_motion_controller.py -> /workspaces/ros2_jazzy_docker/ros2_ws/build/turtleboot3_autonomous_nav/build/lib/turtleboot3_autonomous_nav
[1.694s] copying turtleboot3_autonomous_nav/grid_mapping.py -> /workspaces/ros2_jazzy_docker/ros2_ws/build/turtleboot3_autonomous_nav/build/lib/turtleboot3_autonomous_nav
[1.696s] copying turtleboot3_autonomous_nav/dependency_installer.py -> /workspaces/ros2_jazzy_docker/ros2_ws/build/turtleboot3_autonomous_nav/build/lib/turtleboot3_autonomous_nav
[1.697s] copying turtleboot3_autonomous_nav/observation_builder.py -> /workspaces/ros2_jazzy_docker/ros2_ws/build/turtleboot3_autonomous_nav/build/lib/turtleboot3_autonomous_nav
[1.700s] copying turtleboot3_autonomous_nav/dqn.py -> /workspaces/ros2_jazzy_docker/ros2_ws/build/turtleboot3_autonomous_nav/build/lib/turtleboot3_autonomous_nav
[1.703s] copying turtleboot3_autonomous_nav/stage4_launch.py -> /workspaces/ros2_jazzy_docker/ros2_ws/build/turtleboot3_autonomous_nav/build/lib/turtleboot3_autonomous_nav
[1.704s] copying turtleboot3_autonomous_nav/dqn_trainer.py -> /workspaces/ros2_jazzy_docker/ros2_ws/build/turtleboot3_autonomous_nav/build/lib/turtleboot3_autonomous_nav
[1.708s] running install
[1.713s] running install_lib
[1.733s] creating /workspaces/ros2_jazzy_docker/ros2_ws/install/turtleboot3_autonomous_nav/lib/python3.12/site-packages/turtleboot3_autonomous_nav
[1.734s] copying /workspaces/ros2_jazzy_docker/ros2_ws/build/turtleboot3_autonomous_nav/build/lib/turtleboot3_autonomous_nav/metrics.py -> /workspaces/ros2_jazzy_docker/ros2_ws/install/turtleboot3_autonomous_nav/lib/python3.12/site-packages/turtleboot3_autonomous_nav
[1.737s] copying /workspaces/ros2_jazzy_docker/ros2_ws/build/turtleboot3_autonomous_nav/build/lib/turtleboot3_autonomous_nav/observation.py -> /workspaces/ros2_jazzy_docker/ros2_ws/install/turtleboot3_autonomous_nav/lib/python3.12/site-packages/turtleboot3_autonomous_nav
[1.738s] copying /workspaces/ros2_jazzy_docker/ros2_ws/build/turtleboot3_autonomous_nav/build/lib/turtleboot3_autonomous_nav/exploration_visualizer.py -> /workspaces/ros2_jazzy_docker/ros2_ws/install/turtleboot3_autonomous_nav/lib/python3.12/site-packages/turtleboot3_autonomous_nav
[1.741s] copying /workspaces/ros2_jazzy_docker/ros2_ws/build/turtleboot3_autonomous_nav/build/lib/turtleboot3_autonomous_nav/coverage_mapper.py -> /workspaces/ros2_jazzy_docker/ros2_ws/install/turtleboot3_autonomous_nav/lib/python3.12/site-packages/turtleboot3_autonomous_nav
[1.744s] copying /workspaces/ros2_jazzy_docker/ros2_ws/build/turtleboot3_autonomous_nav/build/lib/turtleboot3_autonomous_nav/control.py -> /workspaces/ros2_jazzy_docker/ros2_ws/install/turtleboot3_autonomous_nav/lib/python3.12/site-packages/turtleboot3_autonomous_nav
[1.746s] copying /workspaces/ros2_jazzy_docker/ros2_ws/build/turtleboot3_autonomous_nav/build/lib/turtleboot3_autonomous_nav/dqn_explorer.py -> /workspaces/ros2_jazzy_docker/ros2_ws/install/turtleboot3_autonomous_nav/lib/python3.12/site-packages/turtleboot3_autonomous_nav
[1.748s] copying /workspaces/ros2_jazzy_docker/ros2_ws/build/turtleboot3_autonomous_nav/build/lib/turtleboot3_autonomous_nav/reset_provenance.py -> /workspaces/ros2_jazzy_docker/ros2_ws/install/turtleboot3_autonomous_nav/lib/python3.12/site-packages/turtleboot3_autonomous_nav
[1.751s] copying /workspaces/ros2_jazzy_docker/ros2_ws/build/turtleboot3_autonomous_nav/build/lib/turtleboot3_autonomous_nav/__init__.py -> /workspaces/ros2_jazzy_docker/ros2_ws/install/turtleboot3_autonomous_nav/lib/python3.12/site-packages/turtleboot3_autonomous_nav
[1.754s] copying /workspaces/ros2_jazzy_docker/ros2_ws/build/turtleboot3_autonomous_nav/build/lib/turtleboot3_autonomous_nav/safe_motion_controller.py -> /workspaces/ros2_jazzy_docker/ros2_ws/install/turtleboot3_autonomous_nav/lib/python3.12/site-packages/turtleboot3_autonomous_nav
[1.755s] copying /workspaces/ros2_jazzy_docker/ros2_ws/build/turtleboot3_autonomous_nav/build/lib/turtleboot3_autonomous_nav/grid_mapping.py -> /workspaces/ros2_jazzy_docker/ros2_ws/install/turtleboot3_autonomous_nav/lib/python3.12/site-packages/turtleboot3_autonomous_nav
[1.757s] copying /workspaces/ros2_jazzy_docker/ros2_ws/build/turtleboot3_autonomous_nav/build/lib/turtleboot3_autonomous_nav/dependency_installer.py -> /workspaces/ros2_jazzy_docker/ros2_ws/install/turtleboot3_autonomous_nav/lib/python3.12/site-packages/turtleboot3_autonomous_nav
[1.759s] copying /workspaces/ros2_jazzy_docker/ros2_ws/build/turtleboot3_autonomous_nav/build/lib/turtleboot3_autonomous_nav/observation_builder.py -> /workspaces/ros2_jazzy_docker/ros2_ws/install/turtleboot3_autonomous_nav/lib/python3.12/site-packages/turtleboot3_autonomous_nav
[1.761s] copying /workspaces/ros2_jazzy_docker/ros2_ws/build/turtleboot3_autonomous_nav/build/lib/turtleboot3_autonomous_nav/dqn.py -> /workspaces/ros2_jazzy_docker/ros2_ws/install/turtleboot3_autonomous_nav/lib/python3.12/site-packages/turtleboot3_autonomous_nav
[1.762s] copying /workspaces/ros2_jazzy_docker/ros2_ws/build/turtleboot3_autonomous_nav/build/lib/turtleboot3_autonomous_nav/stage4_launch.py -> /workspaces/ros2_jazzy_docker/ros2_ws/install/turtleboot3_autonomous_nav/lib/python3.12/site-packages/turtleboot3_autonomous_nav
[1.764s] copying /workspaces/ros2_jazzy_docker/ros2_ws/build/turtleboot3_autonomous_nav/build/lib/turtleboot3_autonomous_nav/dqn_trainer.py -> /workspaces/ros2_jazzy_docker/ros2_ws/install/turtleboot3_autonomous_nav/lib/python3.12/site-packages/turtleboot3_autonomous_nav
[1.767s] byte-compiling /workspaces/ros2_jazzy_docker/ros2_ws/install/turtleboot3_autonomous_nav/lib/python3.12/site-packages/turtleboot3_autonomous_nav/metrics.py to metrics.cpython-312.pyc
[1.770s] byte-compiling /workspaces/ros2_jazzy_docker/ros2_ws/install/turtleboot3_autonomous_nav/lib/python3.12/site-packages/turtleboot3_autonomous_nav/observation.py to observation.cpython-312.pyc
[1.772s] byte-compiling /workspaces/ros2_jazzy_docker/ros2_ws/install/turtleboot3_autonomous_nav/lib/python3.12/site-packages/turtleboot3_autonomous_nav/exploration_visualizer.py to exploration_visualizer.cpython-312.pyc
[1.776s] byte-compiling /workspaces/ros2_jazzy_docker/ros2_ws/install/turtleboot3_autonomous_nav/lib/python3.12/site-packages/turtleboot3_autonomous_nav/coverage_mapper.py to coverage_mapper.cpython-312.pyc
[1.780s] byte-compiling /workspaces/ros2_jazzy_docker/ros2_ws/install/turtleboot3_autonomous_nav/lib/python3.12/site-packages/turtleboot3_autonomous_nav/control.py to control.cpython-312.pyc
[1.784s] byte-compiling /workspaces/ros2_jazzy_docker/ros2_ws/install/turtleboot3_autonomous_nav/lib/python3.12/site-packages/turtleboot3_autonomous_nav/dqn_explorer.py to dqn_explorer.cpython-312.pyc
[1.792s] byte-compiling /workspaces/ros2_jazzy_docker/ros2_ws/install/turtleboot3_autonomous_nav/lib/python3.12/site-packages/turtleboot3_autonomous_nav/reset_provenance.py to reset_provenance.cpython-312.pyc
[1.795s] byte-compiling /workspaces/ros2_jazzy_docker/ros2_ws/install/turtleboot3_autonomous_nav/lib/python3.12/site-packages/turtleboot3_autonomous_nav/__init__.py to __init__.cpython-312.pyc
[1.798s] byte-compiling /workspaces/ros2_jazzy_docker/ros2_ws/install/turtleboot3_autonomous_nav/lib/python3.12/site-packages/turtleboot3_autonomous_nav/safe_motion_controller.py to safe_motion_controller.cpython-312.pyc
[1.806s] byte-compiling /workspaces/ros2_jazzy_docker/ros2_ws/install/turtleboot3_autonomous_nav/lib/python3.12/site-packages/turtleboot3_autonomous_nav/grid_mapping.py to grid_mapping.cpython-312.pyc
[1.811s] byte-compiling /workspaces/ros2_jazzy_docker/ros2_ws/install/turtleboot3_autonomous_nav/lib/python3.12/site-packages/turtleboot3_autonomous_nav/dependency_installer.py to dependency_installer.cpython-312.pyc
[1.814s] byte-compiling /workspaces/ros2_jazzy_docker/ros2_ws/install/turtleboot3_autonomous_nav/lib/python3.12/site-packages/turtleboot3_autonomous_nav/observation_builder.py to observation_builder.cpython-312.pyc
[1.818s] byte-compiling /workspaces/ros2_jazzy_docker/ros2_ws/install/turtleboot3_autonomous_nav/lib/python3.12/site-packages/turtleboot3_autonomous_nav/dqn.py to dqn.cpython-312.pyc
[1.825s] byte-compiling /workspaces/ros2_jazzy_docker/ros2_ws/install/turtleboot3_autonomous_nav/lib/python3.12/site-packages/turtleboot3_autonomous_nav/stage4_launch.py to stage4_launch.cpython-312.pyc
[1.832s] byte-compiling /workspaces/ros2_jazzy_docker/ros2_ws/install/turtleboot3_autonomous_nav/lib/python3.12/site-packages/turtleboot3_autonomous_nav/dqn_trainer.py to dqn_trainer.cpython-312.pyc
[1.850s] running install_data
[1.851s] creating /workspaces/ros2_jazzy_docker/ros2_ws/install/turtleboot3_autonomous_nav/share/ament_index
[1.852s] creating /workspaces/ros2_jazzy_docker/ros2_ws/install/turtleboot3_autonomous_nav/share/ament_index/resource_index
[1.853s] creating /workspaces/ros2_jazzy_docker/ros2_ws/install/turtleboot3_autonomous_nav/share/ament_index/resource_index/packages
[1.856s] copying resource/turtleboot3_autonomous_nav -> /workspaces/ros2_jazzy_docker/ros2_ws/install/turtleboot3_autonomous_nav/share/ament_index/resource_index/packages
[1.857s] copying package.xml -> /workspaces/ros2_jazzy_docker/ros2_ws/install/turtleboot3_autonomous_nav/share/turtleboot3_autonomous_nav
[1.858s] copying README.md -> /workspaces/ros2_jazzy_docker/ros2_ws/install/turtleboot3_autonomous_nav/share/turtleboot3_autonomous_nav
[1.859s] creating /workspaces/ros2_jazzy_docker/ros2_ws/install/turtleboot3_autonomous_nav/share/turtleboot3_autonomous_nav/launch
[1.859s] copying launch/training.launch.py -> /workspaces/ros2_jazzy_docker/ros2_ws/install/turtleboot3_autonomous_nav/share/turtleboot3_autonomous_nav/launch
[1.863s] copying launch/mission.launch.py -> /workspaces/ros2_jazzy_docker/ros2_ws/install/turtleboot3_autonomous_nav/share/turtleboot3_autonomous_nav/launch
[1.865s] creating /workspaces/ros2_jazzy_docker/ros2_ws/install/turtleboot3_autonomous_nav/share/turtleboot3_autonomous_nav/config
[1.866s] copying config/training.yaml -> /workspaces/ros2_jazzy_docker/ros2_ws/install/turtleboot3_autonomous_nav/share/turtleboot3_autonomous_nav/config
[1.867s] copying config/smoke_training.yaml -> /workspaces/ros2_jazzy_docker/ros2_ws/install/turtleboot3_autonomous_nav/share/turtleboot3_autonomous_nav/config
[1.869s] copying config/exploration.yaml -> /workspaces/ros2_jazzy_docker/ros2_ws/install/turtleboot3_autonomous_nav/share/turtleboot3_autonomous_nav/config
[1.876s] creating /workspaces/ros2_jazzy_docker/ros2_ws/install/turtleboot3_autonomous_nav/share/turtleboot3_autonomous_nav/dependencies
[1.878s] copying dependencies/turtlebot3_jazzy.repos -> /workspaces/ros2_jazzy_docker/ros2_ws/install/turtleboot3_autonomous_nav/share/turtleboot3_autonomous_nav/dependencies
[1.880s] creating /workspaces/ros2_jazzy_docker/ros2_ws/install/turtleboot3_autonomous_nav/share/turtleboot3_autonomous_nav/rviz
[1.881s] copying rviz/exploration.rviz -> /workspaces/ros2_jazzy_docker/ros2_ws/install/turtleboot3_autonomous_nav/share/turtleboot3_autonomous_nav/rviz
[1.882s] creating /workspaces/ros2_jazzy_docker/ros2_ws/install/turtleboot3_autonomous_nav/share/turtleboot3_autonomous_nav/models
[1.883s] copying models/README.md -> /workspaces/ros2_jazzy_docker/ros2_ws/install/turtleboot3_autonomous_nav/share/turtleboot3_autonomous_nav/models
[1.885s] running install_egg_info
[1.903s] Copying ../../build/turtleboot3_autonomous_nav/turtleboot3_autonomous_nav.egg-info to /workspaces/ros2_jazzy_docker/ros2_ws/install/turtleboot3_autonomous_nav/lib/python3.12/site-packages/turtleboot3_autonomous_nav-0.0.1-py3.12.egg-info
[1.920s] running install_scripts
[1.971s] Installing coverage_mapper script to /workspaces/ros2_jazzy_docker/ros2_ws/install/turtleboot3_autonomous_nav/lib/turtleboot3_autonomous_nav
[1.973s] Installing dqn_explorer script to /workspaces/ros2_jazzy_docker/ros2_ws/install/turtleboot3_autonomous_nav/lib/turtleboot3_autonomous_nav
[1.975s] Installing dqn_trainer script to /workspaces/ros2_jazzy_docker/ros2_ws/install/turtleboot3_autonomous_nav/lib/turtleboot3_autonomous_nav
[1.977s] Installing exploration_visualizer script to /workspaces/ros2_jazzy_docker/ros2_ws/install/turtleboot3_autonomous_nav/lib/turtleboot3_autonomous_nav
[1.980s] Installing install_turtlebot3_dependencies script to /workspaces/ros2_jazzy_docker/ros2_ws/install/turtleboot3_autonomous_nav/lib/turtleboot3_autonomous_nav
[1.981s] Installing observation_builder script to /workspaces/ros2_jazzy_docker/ros2_ws/install/turtleboot3_autonomous_nav/lib/turtleboot3_autonomous_nav
[1.982s] Installing safe_motion_controller script to /workspaces/ros2_jazzy_docker/ros2_ws/install/turtleboot3_autonomous_nav/lib/turtleboot3_autonomous_nav
[1.986s] writing list of installed files to '/workspaces/ros2_jazzy_docker/ros2_ws/build/turtleboot3_autonomous_nav/install.log'
[2.029s] Invoked command in '/workspaces/ros2_jazzy_docker/ros2_ws/src/turtleboot3_autonomous_nav' returned '0': CMAKE_PREFIX_PATH=/workspaces/ros2_jazzy_docker/ros2_ws/install/turtlebot3_gazebo:/workspaces/ros2_jazzy_docker/ros2_ws/install/turtlebot3:/workspaces/ros2_jazzy_docker/ros2_ws/install/turtlebot3_simulations:/workspaces/ros2_jazzy_docker/ros2_ws/install/turtlebot3_bringup:/workspaces/ros2_jazzy_docker/ros2_ws/install/turtlebot3_node:/workspaces/ros2_jazzy_docker/ros2_ws/install/turtlebot3_navigation2:/workspaces/ros2_jazzy_docker/ros2_ws/install/turtlebot3_fake_node:/workspaces/ros2_jazzy_docker/ros2_ws/install/turtlebot3_msgs:/workspaces/ros2_jazzy_docker/ros2_ws/install/turtlebot3_description:/workspaces/ros2_jazzy_docker/ros2_ws/install/turtlebot3_cartographer:/workspaces/ros2_jazzy_docker/ros2_ws/src/install/turtlebot3:/workspaces/ros2_jazzy_docker/ros2_ws/src/install/turtlebot3_simulations:/workspaces/ros2_jazzy_docker/ros2_ws/src/install/turtlebot3_bringup:/workspaces/ros2_jazzy_docker/ros2_ws/src/install/turtlebot3_node:/workspaces/ros2_jazzy_docker/ros2_ws/src/install/turtlebot3_navigation2:/workspaces/ros2_jazzy_docker/ros2_ws/src/install/turtlebot3_fake_node:/workspaces/ros2_jazzy_docker/ros2_ws/src/install/turtlebot3_msgs:/workspaces/ros2_jazzy_docker/ros2_ws/src/install/turtlebot3_gazebo:/workspaces/ros2_jazzy_docker/ros2_ws/src/install/turtlebot3_description:/workspaces/ros2_jazzy_docker/ros2_ws/src/install/turtlebot3_cartographer:/workspaces/ros2_jazzy_docker/ros2_ws/src/install/stage_ros2:/workspaces/ros2_jazzy_docker/ros2_ws/src/install/stage:/workspaces/ros2_jazzy_docker/ros2_ws/install/stage_ros2:/workspaces/ros2_jazzy_docker/ros2_ws/install/stage:/opt/ros/jazzy/opt/gz_sim_vendor:/opt/ros/jazzy/opt/gz_sensors_vendor:/opt/ros/jazzy/opt/gz_physics_vendor:/opt/ros/jazzy/opt/sdformat_vendor:/opt/ros/jazzy/opt/gz_gui_vendor:/opt/ros/jazzy/opt/gz_transport_vendor:/opt/ros/jazzy/opt/gz_rendering_vendor:/opt/ros/jazzy/opt/gz_plugin_vendor:/opt/ros/jazzy/opt/gz_fuel_tools_vendor:/opt/ros/jazzy/opt/gz_msgs_vendor:/opt/ros/jazzy/opt/gz_common_vendor:/opt/ros/jazzy/opt/gz_math_vendor:/opt/ros/jazzy/opt/gz_utils_vendor:/opt/ros/jazzy/opt/gz_tools_vendor:/opt/ros/jazzy/opt/gz_ogre_next_vendor:/opt/ros/jazzy/opt/gz_dartsim_vendor:/opt/ros/jazzy/opt/gz_cmake_vendor PYTHONPATH=/workspaces/ros2_jazzy_docker/ros2_ws/build/turtleboot3_autonomous_nav/prefix_override:/usr/lib/python3/dist-packages/colcon_core/task/python/colcon_distutils_commands:/workspaces/ros2_jazzy_docker/ros2_ws/install/turtleboot3_autonomous_nav/lib/python3.12/site-packages:${PYTHONPATH} /usr/bin/python3 -W ignore:setup.py install is deprecated -W ignore:easy_install command is deprecated setup.py egg_info --egg-base ../../build/turtleboot3_autonomous_nav build --build-base /workspaces/ros2_jazzy_docker/ros2_ws/build/turtleboot3_autonomous_nav/build install --record /workspaces/ros2_jazzy_docker/ros2_ws/build/turtleboot3_autonomous_nav/install.log --install-scripts $base/lib/turtleboot3_autonomous_nav --single-version-externally-managed install_data
